Archive member included to satisfy reference by file (symbol)

/home/colin/Robotics2020/SeniorProject/library/static_libraries/lpc40xx/liblpc40xx.a(exceptions.cpp.o)
                              (ArmResetHandler)
/home/colin/Robotics2020/SeniorProject/library/static_libraries/lpc40xx/libfreertos.a(event_groups.c.o)
                              build/application/lpc40xx/compiled//home/colin/Robotics2020/SeniorProject/library/L3_Application/task_scheduler.cpp.o (xEventGroupCreateStatic)
/home/colin/Robotics2020/SeniorProject/library/static_libraries/lpc40xx/libfreertos.a(list.c.o)
                              /home/colin/Robotics2020/SeniorProject/library/static_libraries/lpc40xx/libfreertos.a(event_groups.c.o) (vListInitialise)
/home/colin/Robotics2020/SeniorProject/library/static_libraries/lpc40xx/libfreertos.a(tasks.c.o)
                              build/application/lpc40xx/compiled//home/colin/Robotics2020/SeniorProject/library/L3_Application/task_scheduler.cpp.o (xTaskCreateStatic)
/home/colin/Robotics2020/SeniorProject/library/static_libraries/lpc40xx/libfreertos.a(queue.c.o)
                              build/application/lpc40xx/compiled/source/main.cpp.o (xQueueGenericCreate)
/home/colin/Robotics2020/SeniorProject/library/static_libraries/lpc40xx/libfreertos.a(heap_3.c.o)
                              /home/colin/Robotics2020/SeniorProject/library/static_libraries/lpc40xx/libfreertos.a(event_groups.c.o) (pvPortMalloc)
/home/colin/Robotics2020/SeniorProject/library/static_libraries/lpc40xx/libnewlib.a(newlib.cpp.o)
                              build/application/lpc40xx/compiled/source/main.cpp.o (puts)
/home/colin/Robotics2020/SeniorProject/library/static_libraries/lpc40xx/libprintf.a(printf.cpp.o)
                              build/application/lpc40xx/compiled/source/main.cpp.o (printf)
/home/colin/Robotics2020/SeniorProject/library/static_libraries/lpc40xx/libsemihost.a(trace_impl.cpp.o)
                              /home/colin/Robotics2020/SeniorProject/library/static_libraries/lpc40xx/liblpc40xx.a(exceptions.cpp.o) (trace_initialize)
/home/colin/Robotics2020/SeniorProject/library/static_libraries/lpc40xx/liblpc40xx.a(startup.cpp.o)
                              /home/colin/Robotics2020/SeniorProject/library/static_libraries/lpc40xx/libfreertos.a(tasks.c.o) (ThreadRuntimeCounter)
/home/colin/Robotics2020/SeniorProject/library/static_libraries/lpc40xx/liblpc40xx.a(port.c.o)
                              /home/colin/Robotics2020/SeniorProject/library/static_libraries/lpc40xx/libfreertos.a(tasks.c.o) (pxPortInitialiseStack)
/home/colin/Robotics2020/SeniorProject/library/static_libraries/lpc40xx/libfreertoscommon.a(freertos_common.cpp.o)
                              /home/colin/Robotics2020/SeniorProject/library/static_libraries/lpc40xx/libfreertos.a(tasks.c.o) (vApplicationGetIdleTaskMemory)
/home/colin/Robotics2020/SeniorProject/library/static_libraries/lpc40xx/libfreertos.a(timers.c.o)
                              /home/colin/Robotics2020/SeniorProject/library/static_libraries/lpc40xx/libfreertos.a(tasks.c.o) (xTimerCreateTimerTask)
/home/colin/Robotics2020/SeniorProject/library/static_libraries/lpc40xx/libnewlib.a(stdio.cpp.o)
                              /home/colin/Robotics2020/SeniorProject/library/static_libraries/lpc40xx/libnewlib.a(newlib.cpp.o) (sjsu::newlib::DoNothingStdOut(char const*, unsigned int))
/home/colin/Robotics2020/SeniorProject/tools/gcc-arm-none-eabi-7-2017-q4-major/bin/../lib/gcc/arm-none-eabi/7.2.1/../../../../arm-none-eabi/lib/thumb/v7e-m/fpv4-sp/hard/libstdc++_nano.a(new_op.o)
                              build/application/lpc40xx/compiled/source/main.cpp.o (operator new(unsigned int))
/home/colin/Robotics2020/SeniorProject/tools/gcc-arm-none-eabi-7-2017-q4-major/bin/../lib/gcc/arm-none-eabi/7.2.1/../../../../arm-none-eabi/lib/thumb/v7e-m/fpv4-sp/hard/libstdc++_nano.a(pure.o)
                              build/application/lpc40xx/compiled/source/main.cpp.o (__cxa_pure_virtual)
/home/colin/Robotics2020/SeniorProject/tools/gcc-arm-none-eabi-7-2017-q4-major/bin/../lib/gcc/arm-none-eabi/7.2.1/../../../../arm-none-eabi/lib/thumb/v7e-m/fpv4-sp/hard/libstdc++_nano.a(new_handler.o)
                              /home/colin/Robotics2020/SeniorProject/tools/gcc-arm-none-eabi-7-2017-q4-major/bin/../lib/gcc/arm-none-eabi/7.2.1/../../../../arm-none-eabi/lib/thumb/v7e-m/fpv4-sp/hard/libstdc++_nano.a(new_op.o) (std::get_new_handler())
/home/colin/Robotics2020/SeniorProject/tools/gcc-arm-none-eabi-7-2017-q4-major/bin/../lib/gcc/arm-none-eabi/7.2.1/../../../../arm-none-eabi/lib/thumb/v7e-m/fpv4-sp/hard/libstdc++_nano.a(eh_terminate.o)
                              /home/colin/Robotics2020/SeniorProject/tools/gcc-arm-none-eabi-7-2017-q4-major/bin/../lib/gcc/arm-none-eabi/7.2.1/../../../../arm-none-eabi/lib/thumb/v7e-m/fpv4-sp/hard/libstdc++_nano.a(pure.o) (std::terminate())
[...]
Memory Configuration

Name             Origin             Length             Attributes
FLASH            0x0000000000000000 0x0000000000080000 xr
SRAM             0x0000000010000000 0x0000000000010000 xrw
SRAM_AHB         0x0000000020000000 0x0000000000008000 xrw
*default*        0x0000000000000000 0xffffffffffffffff

Linker script and memory map

LOAD /home/colin/Robotics2020/SeniorProject/tools/gcc-arm-none-eabi-7-2017-q4-major/bin/../lib/gcc/arm-none-eabi/7.2.1/thumb/v7e-m/fpv4-sp/hard/crti.o
LOAD /home/colin/Robotics2020/SeniorProject/tools/gcc-arm-none-eabi-7-2017-q4-major/bin/../lib/gcc/arm-none-eabi/7.2.1/thumb/v7e-m/fpv4-sp/hard/crtbegin.o
LOAD /home/colin/Robotics2020/SeniorProject/tools/gcc-arm-none-eabi-7-2017-q4-major/bin/../lib/gcc/arm-none-eabi/7.2.1/../../../../arm-none-eabi/lib/thumb/v7e-m/fpv4-sp/hard/rdimon-crt0.o
LOAD build/application/lpc40xx/compiled/source/main.cpp.o
LOAD build/application/lpc40xx/compiled//home/colin/Robotics2020/SeniorProject/library/L3_Application/task_scheduler.cpp.o
LOAD build/application/lpc40xx/compiled/libsjsudev2.a
LOAD /home/colin/Robotics2020/SeniorProject/tools/gcc-arm-none-eabi-7-2017-q4-major/bin/../lib/gcc/arm-none-eabi/7.2.1/../../../../arm-none-eabi/lib/thumb/v7e-m/fpv4-sp/hard/libstdc++_nano.a
LOAD /home/colin/Robotics2020/SeniorProject/tools/gcc-arm-none-eabi-7-2017-q4-major/bin/../lib/gcc/arm-none-eabi/7.2.1/../../../../arm-none-eabi/lib/thumb/v7e-m/fpv4-sp/hard/libm.a
START GROUP
LOAD /home/colin/Robotics2020/SeniorProject/tools/gcc-arm-none-eabi-7-2017-q4-major/bin/../lib/gcc/arm-none-eabi/7.2.1/thumb/v7e-m/fpv4-sp/hard/libgcc.a
LOAD /home/colin/Robotics2020/SeniorProject/tools/gcc-arm-none-eabi-7-2017-q4-major/bin/../lib/gcc/arm-none-eabi/7.2.1/../../../../arm-none-eabi/lib/thumb/v7e-m/fpv4-sp/hard/libg_nano.a
LOAD /home/colin/Robotics2020/SeniorProject/tools/gcc-arm-none-eabi-7-2017-q4-major/bin/../lib/gcc/arm-none-eabi/7.2.1/../../../../arm-none-eabi/lib/thumb/v7e-m/fpv4-sp/hard/libc_nano.a
END GROUP
START GROUP
LOAD /home/colin/Robotics2020/SeniorProject/tools/gcc-arm-none-eabi-7-2017-q4-major/bin/../lib/gcc/arm-none-eabi/7.2.1/thumb/v7e-m/fpv4-sp/hard/libgcc.a
LOAD /home/colin/Robotics2020/SeniorProject/tools/gcc-arm-none-eabi-7-2017-q4-major/bin/../lib/gcc/arm-none-eabi/7.2.1/../../../../arm-none-eabi/lib/thumb/v7e-m/fpv4-sp/hard/libc_nano.a
LOAD /home/colin/Robotics2020/SeniorProject/tools/gcc-arm-none-eabi-7-2017-q4-major/bin/../lib/gcc/arm-none-eabi/7.2.1/../../../../arm-none-eabi/lib/thumb/v7e-m/fpv4-sp/hard/librdimon_nano.a
END GROUP
START GROUP
LOAD /home/colin/Robotics2020/SeniorProject/tools/gcc-arm-none-eabi-7-2017-q4-major/bin/../lib/gcc/arm-none-eabi/7.2.1/thumb/v7e-m/fpv4-sp/hard/libgcc.a
LOAD /home/colin/Robotics2020/SeniorProject/tools/gcc-arm-none-eabi-7-2017-q4-major/bin/../lib/gcc/arm-none-eabi/7.2.1/../../../../arm-none-eabi/lib/thumb/v7e-m/fpv4-sp/hard/libc_nano.a
LOAD /home/colin/Robotics2020/SeniorProject/tools/gcc-arm-none-eabi-7-2017-q4-major/bin/../lib/gcc/arm-none-eabi/7.2.1/../../../../arm-none-eabi/lib/thumb/v7e-m/fpv4-sp/hard/librdimon_nano.a
END GROUP
LOAD /home/colin/Robotics2020/SeniorProject/tools/gcc-arm-none-eabi-7-2017-q4-major/bin/../lib/gcc/arm-none-eabi/7.2.1/thumb/v7e-m/fpv4-sp/hard/crtend.o
LOAD /home/colin/Robotics2020/SeniorProject/tools/gcc-arm-none-eabi-7-2017-q4-major/bin/../lib/gcc/arm-none-eabi/7.2.1/thumb/v7e-m/fpv4-sp/hard/crtn.o
                0x0000000000000000                __base_FLASH = 0x0
                0x0000000000000000                __base_Flash = 0x0
                0x0000000000080000                __top_FLASH = 0x80000
                0x0000000000080000                __top_Flash = 0x80000
                0x0000000010000000                __base_SRAM = 0x10000000
                0x0000000010000000                __base_RAM = 0x10000000
                0x0000000010010000                __top_SRAM = 0x10010000
                0x0000000010010000                __top_RAM = 0x10010000
                0x0000000020000000                __base_SRAM_AHB = 0x20000000
                0x0000000020000000                __base_RAM2 = 0x20000000
                0x0000000020008000                __top_SRAM_AHB = 0x20008000
                0x0000000020008000                __top_RAM2 = 0x20008000
                0x0000000020000000                __user_heap_base = __base_RAM2

.text           0x0000000000000000     0xaab4
 FILL mask 0xff
                0x0000000000000000                __vectors_start__ = ABSOLUTE (.)
 *(.isr_vector)
 .isr_vector    0x0000000000000000       0xe4 /home/colin/Robotics2020/SeniorProject/library/static_libraries/lpc40xx/liblpc40xx.a(startup.cpp.o)
                0x00000000000000e4                . = ALIGN (0x4)
                0x00000000000000e4                section_table_start = .
                0x00000000000000e4                data_section_table = .
                0x00000000000000e4        0x4 LONG 0xab84 LOADADDR (.data)
                0x00000000000000e8        0x4 LONG 0x10000000 ADDR (.data)
                0x00000000000000ec        0x4 LONG 0xf8 SIZEOF (.data)
                0x00000000000000f0        0x4 LONG 0xab84 LOADADDR (.data_RAM2)
                0x00000000000000f4        0x4 LONG 0x20000000 ADDR (.data_RAM2)
                0x00000000000000f8        0x4 LONG 0x0 SIZEOF (.data_RAM2)
                0x00000000000000fc                data_section_table_end = .
                0x00000000000000fc                bss_section_table = .
                0x00000000000000fc        0x4 LONG 0x100000f8 ADDR (.bss)
                0x0000000000000100        0x4 LONG 0xe44 SIZEOF (.bss)
                0x0000000000000104        0x4 LONG 0x20000000 ADDR (.bss_RAM2)
                0x0000000000000108        0x4 LONG 0x0 SIZEOF (.bss_RAM2)
                0x000000000000010c                bss_section_table_end = .
                0x000000000000010c                section_table_end = .
 *(.after_vectors*)
                0x00000000000002fc                . = 0x2fc
 *fill*         0x000000000000010c      0x1f0 ff
                0x00000000000002fc                PROVIDE (__CRP_WORD_START__, .)
 *(.crp)
 .crp           0x00000000000002fc        0x4 /home/colin/Robotics2020/SeniorProject/library/static_libraries/lpc40xx/liblpc40xx.a(startup.cpp.o)
                0x0000000000000300                PROVIDE (__CRP_WORD_END__, .)
                0x0000000000000001                ASSERT (! ((__CRP_WORD_START__ == __CRP_WORD_END__)), Linker CRP Enabled, but no CRP_WORD provided within application)
                0x0000000000000300                . = ALIGN (0x4)
 *(.init)
 .init          0x0000000000000300        0x4 /home/colin/Robotics2020/SeniorProject/tools/gcc-arm-none-eabi-7-2017-q4-major/bin/../lib/gcc/arm-none-eabi/7.2.1/thumb/v7e-m/fpv4-sp/hard/crti.o
                0x0000000000000300                _init
 .init          0x0000000000000304        0x8 /home/colin/Robotics2020/SeniorProject/tools/gcc-arm-none-eabi-7-2017-q4-major/bin/../lib/gcc/arm-none-eabi/7.2.1/thumb/v7e-m/fpv4-sp/hard/crtn.o
                0x000000000000030c                . = ALIGN (0x4)
                0x000000000000030c                __preinit_array_start = .
 *(.preinit_array)
                0x000000000000030c                __preinit_array_end = .
                0x000000000000030c                . = ALIGN (0x4)
                0x000000000000030c                __init_array_start = .
 *(SORT_BY_NAME(.init_array.*))
 *(.init_array)
 .init_array    0x000000000000030c        0x4 /home/colin/Robotics2020/SeniorProject/tools/gcc-arm-none-eabi-7-2017-q4-major/bin/../lib/gcc/arm-none-eabi/7.2.1/thumb/v7e-m/fpv4-sp/hard/crtbegin.o
 .init_array    0x0000000000000310        0x4 build/application/lpc40xx/compiled/source/main.cpp.o
 .init_array    0x0000000000000314        0x4 /home/colin/Robotics2020/SeniorProject/library/static_libraries/lpc40xx/liblpc40xx.a(exceptions.cpp.o)
 .init_array    0x0000000000000318        0x4 /home/colin/Robotics2020/SeniorProject/library/static_libraries/lpc40xx/liblpc40xx.a(startup.cpp.o)
                0x000000000000031c                __init_array_end = .
 *(.fini)
 .fini          0x000000000000031c        0x4 /home/colin/Robotics2020/SeniorProject/tools/gcc-arm-none-eabi-7-2017-q4-major/bin/../lib/gcc/arm-none-eabi/7.2.1/thumb/v7e-m/fpv4-sp/hard/crti.o
                0x000000000000031c                _fini
 .fini          0x0000000000000320        0x8 /home/colin/Robotics2020/SeniorProject/tools/gcc-arm-none-eabi-7-2017-q4-major/bin/../lib/gcc/arm-none-eabi/7.2.1/thumb/v7e-m/fpv4-sp/hard/crtn.o
                0x0000000000000328                . = ALIGN (0x4)
 *crtbegin.o(.ctors)
 *(EXCLUDE_FILE(*crtend.o) .ctors)
 *(SORT_BY_NAME(.ctors.*))
 *crtend.o(.ctors)
                0x0000000000000328                . = ALIGN (0x4)
 *crtbegin.o(.dtors)
 *(EXCLUDE_FILE(*crtend.o) .dtors)
 *(SORT_BY_NAME(.dtors.*))
 *crtend.o(.dtors)
 *(.text*)
 .text          0x0000000000000328       0x40 /home/colin/Robotics2020/SeniorProject/tools/gcc-arm-none-eabi-7-2017-q4-major/bin/../lib/gcc/arm-none-eabi/7.2.1/thumb/v7e-m/fpv4-sp/hard/crtbegin.o
 .text._ZNSt14numeric_limitsIxE3maxEv
                0x0000000000000368       0x16 build/application/lpc40xx/compiled/source/main.cpp.o
                0x0000000000000368                std::numeric_limits<long long>::max()
 .text._ZNSt14numeric_limitsIfE3minEv
                0x000000000000037e       0x18 build/application/lpc40xx/compiled/source/main.cpp.o
                0x000000000000037e                std::numeric_limits<float>::min()
 .text._ZNSt14numeric_limitsIfE7epsilonEv
                0x0000000000000396       0x18 build/application/lpc40xx/compiled/source/main.cpp.o
                0x0000000000000396                std::numeric_limits<float>::epsilon()
 *fill*         0x00000000000003ae        0x2 ff
 .text.NVIC_DisableIRQ
                0x00000000000003b0       0x30 build/application/lpc40xx/compiled/source/main.cpp.o
 .text._ZNK4sjsu3Pin7GetPortEv
                0x00000000000003e0       0x18 build/application/lpc40xx/compiled/source/main.cpp.o
                0x00000000000003e0                sjsu::Pin::GetPort() const
 .text._ZNK4sjsu3Pin6GetPinEv
                0x00000000000003f8       0x18 build/application/lpc40xx/compiled/source/main.cpp.o
                0x00000000000003f8                sjsu::Pin::GetPin() const
 .text._ZNK4sjsu7lpc40xx3Pin14SetPinFunctionEh
                0x0000000000000410       0x34 build/application/lpc40xx/compiled/source/main.cpp.o
                0x0000000000000410                sjsu::lpc40xx::Pin::SetPinFunction(unsigned char) const
 .text._ZNK4sjsu7lpc40xx3Pin7SetPullENS_3Pin8ResistorE
                0x0000000000000444       0x34 build/application/lpc40xx/compiled/source/main.cpp.o
                0x0000000000000444                sjsu::lpc40xx::Pin::SetPull(sjsu::Pin::Resistor) const
 .text._ZNK4sjsu7lpc40xx3Pin15SetAsAnalogModeEb
                0x0000000000000478       0x3c build/application/lpc40xx/compiled/source/main.cpp.o
                0x0000000000000478                sjsu::lpc40xx::Pin::SetAsAnalogMode(bool) const
 .text._ZNK4sjsu7lpc40xx3Pin14SetAsOpenDrainEb
                0x00000000000004b4       0x34 build/application/lpc40xx/compiled/source/main.cpp.o
                0x00000000000004b4                sjsu::lpc40xx::Pin::SetAsOpenDrain(bool) const
 .text._ZNK4sjsu7lpc40xx3Pin14SetPinRegisterEhNS_3bit4MaskE
                0x00000000000004e8       0x7c build/application/lpc40xx/compiled/source/main.cpp.o
                0x00000000000004e8                sjsu::lpc40xx::Pin::SetPinRegister(unsigned char, sjsu::bit::Mask) const
 .text._ZN5units6detail3absEf
                0x0000000000000564       0x34 build/application/lpc40xx/compiled/source/main.cpp.o
                0x0000000000000564                units::detail::abs(float)
 .text._ZN5units8literalsli3_HzEy
                0x0000000000000598       0x2c build/application/lpc40xx/compiled/source/main.cpp.o
                0x0000000000000598                units::literals::operator"" _Hz(unsigned long long)
 .text._ZN5units8literalsli4_MHzEy
                0x00000000000005c4       0x2c build/application/lpc40xx/compiled/source/main.cpp.o
                0x00000000000005c4                units::literals::operator"" _MHz(unsigned long long)
 .text._ZN5units6unit_tINS_4unitISt5ratioILx1000000ELx1EENS1_IS2_ILx1ELx1EENS_9base_unitIS2_ILx0ELx1EES6_S2_ILxn1ELx1EES6_S6_S6_S6_S6_S6_EES6_S6_EES6_S6_EEfNS_12linear_scaleEEC1IJEEEfDpRKT_
                0x00000000000005f0       0x22 build/application/lpc40xx/compiled/source/main.cpp.o
                0x00000000000005f0                units::unit_t<units::unit<std::ratio<1000000ll, 1ll>, units::unit<std::ratio<1ll, 1ll>, units::base_unit<std::ratio<0ll, 1ll>, std::ratio<0ll, 1ll>, std::ratio<-1ll, 1ll>, std::ratio<0ll, 1ll>, std::ratio<0ll, 1ll>, std::ratio<0ll, 1ll>, std::ratio<0ll, 1ll>, std::ratio<0ll, 1ll>, std::ratio<0ll, 1ll> >, std::ratio<0ll, 1ll>, std::ratio<0ll, 1ll> >, std::ratio<0ll, 1ll>, std::ratio<0ll, 1ll> >, float, units::linear_scale>::unit_t<>(float)
 .text._ZN5units12linear_scaleIfEC2IJEEERKfDpOT_
                0x0000000000000612       0x20 build/application/lpc40xx/compiled/source/main.cpp.o
                0x0000000000000612                units::linear_scale<float>::linear_scale<>(float const&)
 .text._ZN5unitsL7convertINS_4unitISt5ratioILx1000000ELx1EENS1_IS2_ILx1ELx1EENS_9base_unitIS2_ILx0ELx1EES6_S2_ILxn1ELx1EES6_S6_S6_S6_S6_S6_EES6_S6_EES6_S6_EESA_fEET1_RKSB_
                0x0000000000000632       0x1c build/application/lpc40xx/compiled/source/main.cpp.o
 .text._ZN5units6detailL7convertINS_4unitISt5ratioILx1000000ELx1EENS2_IS3_ILx1ELx1EENS_9base_unitIS3_ILx0ELx1EES7_S3_ILxn1ELx1EES7_S7_S7_S7_S7_S7_EES7_S7_EES7_S7_EESB_S5_S7_S7_fEET4_RKSC_St17integral_constantIbLb1EESF_IbLb0EESH_
                0x000000000000064e       0x24 build/application/lpc40xx/compiled/source/main.cpp.o
 .text._ZN5units6unit_tINS_4unitISt5ratioILx1ELx1EENS_9base_unitIS2_ILx0ELx1EES5_S2_ILxn1ELx1EES5_S5_S5_S5_S5_S5_EES5_S5_EEfNS_12linear_scaleEEC1IJEEEfDpRKT_
                0x0000000000000672       0x22 build/application/lpc40xx/compiled/source/main.cpp.o
                0x0000000000000672                units::unit_t<units::unit<std::ratio<1ll, 1ll>, units::base_unit<std::ratio<0ll, 1ll>, std::ratio<0ll, 1ll>, std::ratio<-1ll, 1ll>, std::ratio<0ll, 1ll>, std::ratio<0ll, 1ll>, std::ratio<0ll, 1ll>, std::ratio<0ll, 1ll>, std::ratio<0ll, 1ll>, std::ratio<0ll, 1ll> >, std::ratio<0ll, 1ll>, std::ratio<0ll, 1ll> >, float, units::linear_scale>::unit_t<>(float)
 .text._ZNK5units6unit_tINS_4unitISt5ratioILx1ELx1EENS_9base_unitIS2_ILx0ELx1EES5_S2_ILxn1ELx1EES5_S5_S5_S5_S5_S5_EES5_S5_EEfNS_12linear_scaleEEeqIS8_fS9_Li0EEEbRKNS0_IT_T0_T1_EE
                0x0000000000000694       0xae build/application/lpc40xx/compiled/source/main.cpp.o
                0x0000000000000694                bool units::unit_t<units::unit<std::ratio<1ll, 1ll>, units::base_unit<std::ratio<0ll, 1ll>, std::ratio<0ll, 1ll>, std::ratio<-1ll, 1ll>, std::ratio<0ll, 1ll>, std::ratio<0ll, 1ll>, std::ratio<0ll, 1ll>, std::ratio<0ll, 1ll>, std::ratio<0ll, 1ll>, std::ratio<0ll, 1ll> >, std::ratio<0ll, 1ll>, std::ratio<0ll, 1ll> >, float, units::linear_scale>::operator==<units::unit<std::ratio<1ll, 1ll>, units::base_unit<std::ratio<0ll, 1ll>, std::ratio<0ll, 1ll>, std::ratio<-1ll, 1ll>, std::ratio<0ll, 1ll>, std::ratio<0ll, 1ll>, std::ratio<0ll, 1ll>, std::ratio<0ll, 1ll>, std::ratio<0ll, 1ll>, std::ratio<0ll, 1ll> >, std::ratio<0ll, 1ll>, std::ratio<0ll, 1ll> >, float, units::linear_scale, 0>(units::unit_t<units::unit<std::ratio<1ll, 1ll>, units::base_unit<std::ratio<0ll, 1ll>, std::ratio<0ll, 1ll>, std::ratio<-1ll, 1ll>, std::ratio<0ll, 1ll>, std::ratio<0ll, 1ll>, std::ratio<0ll, 1ll>, std::ratio<0ll, 1ll>, std::ratio<0ll, 1ll>, std::ratio<0ll, 1ll> >, std::ratio<0ll, 1ll>, std::ratio<0ll, 1ll> >, float, units::linear_scale> const&) const
 .text._ZN5unitsL7convertINS_4unitISt5ratioILx1ELx1EENS_9base_unitIS2_ILx0ELx1EES5_S2_ILxn1ELx1EES5_S5_S5_S5_S5_S5_EES5_S5_EES8_fEET1_RKS9_
                0x0000000000000742       0x1c build/application/lpc40xx/compiled/source/main.cpp.o
 .text._ZN5units6detailL7convertINS_4unitISt5ratioILx1ELx1EENS_9base_unitIS3_ILx0ELx1EES6_S3_ILxn1ELx1EES6_S6_S6_S6_S6_S6_EES6_S6_EES9_S4_S6_S6_fEET4_RKSA_St17integral_constantIbLb1EESD_IbLb0EESF_
                0x000000000000075e       0x24 build/application/lpc40xx/compiled/source/main.cpp.o
 .text._ZNK4sjsu16SystemController22GetPeripheralFrequencyERKNS0_12PeripheralIDE
                0x0000000000000782       0x50 build/application/lpc40xx/compiled/source/main.cpp.o
                0x0000000000000782                sjsu::SystemController::GetPeripheralFrequency(sjsu::SystemController::PeripheralID const&) const
 *fill*         0x00000000000007d2        0x2 ff
 .text._ZN4sjsu5build9StringifyENS0_6TargetE
                0x00000000000007d4       0x40 build/application/lpc40xx/compiled/source/main.cpp.o
                0x00000000000007d4                sjsu::build::Stringify(sjsu::build::Target)
 .text._Unwind_GetGR
                0x0000000000000814       0x26 build/application/lpc40xx/compiled/source/main.cpp.o
 *fill*         0x000000000000083a        0x2 ff
 .text._ZN4sjsu5debug18PrintAddressAsListEP15_Unwind_ContextPv
                0x000000000000083c       0x48 build/application/lpc40xx/compiled/source/main.cpp.o
                0x000000000000083c                sjsu::debug::PrintAddressAsList(_Unwind_Context*, void*)
 .text._ZN4sjsu5debug17PrintAddressInRowEP15_Unwind_ContextPv
                0x0000000000000884       0x44 build/application/lpc40xx/compiled/source/main.cpp.o
                0x0000000000000884                sjsu::debug::PrintAddressInRow(_Unwind_Context*, void*)
 .text._ZN4sjsu5debug14PrintBacktraceEbPv
                0x00000000000008c8       0xa4 build/application/lpc40xx/compiled/source/main.cpp.o
                0x00000000000008c8                sjsu::debug::PrintBacktrace(bool, void*)
 .text._ZNSt6chrono8durationIxSt5ratioILx1ELx1000000EEEC1IxvEERKT_
                0x000000000000096c       0x22 build/application/lpc40xx/compiled/source/main.cpp.o
                0x000000000000096c                std::chrono::duration<long long, std::ratio<1ll, 1000000ll> >::duration<long long, void>(long long const&)
 *fill*         0x000000000000098e        0x2 ff
 .text._ZN4sjsu13DefaultUptimeEv
                0x0000000000000990       0x20 build/application/lpc40xx/compiled/source/main.cpp.o
                0x0000000000000990                sjsu::DefaultUptime()
 .text._ZN5unitsL7convertINS_4unitISt5ratioILx1000000ELx1EENS1_IS2_ILx1ELx1EENS_9base_unitIS2_ILx0ELx1EES6_S2_ILxn1ELx1EES6_S6_S6_S6_S6_S6_EES6_S6_EES6_S6_EES9_fEET1_RKSB_
                0x00000000000009b0       0x1c build/application/lpc40xx/compiled/source/main.cpp.o
 .text._ZN5units6detailL7convertINS_4unitISt5ratioILx1000000ELx1EENS2_IS3_ILx1ELx1EENS_9base_unitIS3_ILx0ELx1EES7_S3_ILxn1ELx1EES7_S7_S7_S7_S7_S7_EES7_S7_EES7_S7_EESA_S4_S7_S7_fEET4_RKSC_St17integral_constantIbLb0EESG_SG_
                0x00000000000009cc       0x30 build/application/lpc40xx/compiled/source/main.cpp.o
 .text._ZNK4sjsu7lpc40xx16SystemController23SetSystemClockFrequencyEN5units6unit_tINS2_4unitISt5ratioILx1000000ELx1EENS4_IS5_ILx1ELx1EENS2_9base_unitIS5_ILx0ELx1EES9_S5_ILxn1ELx1EES9_S9_S9_S9_S9_S9_EES9_S9_EES9_S9_EEfNS2_12linear_scaleEEE
                0x00000000000009fc       0x9c build/application/lpc40xx/compiled/source/main.cpp.o
                0x00000000000009fc                sjsu::lpc40xx::SystemController::SetSystemClockFrequency(units::unit_t<units::unit<std::ratio<1000000ll, 1ll>, units::unit<std::ratio<1ll, 1ll>, units::base_unit<std::ratio<0ll, 1ll>, std::ratio<0ll, 1ll>, std::ratio<-1ll, 1ll>, std::ratio<0ll, 1ll>, std::ratio<0ll, 1ll>, std::ratio<0ll, 1ll>, std::ratio<0ll, 1ll>, std::ratio<0ll, 1ll>, std::ratio<0ll, 1ll> >, std::ratio<0ll, 1ll>, std::ratio<0ll, 1ll> >, std::ratio<0ll, 1ll>, std::ratio<0ll, 1ll> >, float, units::linear_scale>) const
 .text._ZNK4sjsu7lpc40xx16SystemController25SetPeripheralClockDividerERKNS_16SystemController12PeripheralIDEh
                0x0000000000000a98       0x58 build/application/lpc40xx/compiled/source/main.cpp.o
                0x0000000000000a98                sjsu::lpc40xx::SystemController::SetPeripheralClockDivider(sjsu::SystemController::PeripheralID const&, unsigned char) const
 .text._ZNK4sjsu7lpc40xx16SystemController25GetPeripheralClockDividerERKNS_16SystemController12PeripheralIDE
                0x0000000000000af0       0x24 build/application/lpc40xx/compiled/source/main.cpp.o
                0x0000000000000af0                sjsu::lpc40xx::SystemController::GetPeripheralClockDivider(sjsu::SystemController::PeripheralID const&) const
 .text._ZNK4sjsu7lpc40xx16SystemController18GetSystemFrequencyEv
                0x0000000000000b14       0x1c build/application/lpc40xx/compiled/source/main.cpp.o
                0x0000000000000b14                sjsu::lpc40xx::SystemController::GetSystemFrequency() const
 .text._ZNK4sjsu7lpc40xx16SystemController21IsPeripheralPoweredUpERKNS_16SystemController12PeripheralIDE
                0x0000000000000b30       0x3c build/application/lpc40xx/compiled/source/main.cpp.o
                0x0000000000000b30                sjsu::lpc40xx::SystemController::IsPeripheralPoweredUp(sjsu::SystemController::PeripheralID const&) const
 .text._ZNK4sjsu7lpc40xx16SystemController17PowerUpPeripheralERKNS_16SystemController12PeripheralIDE
                0x0000000000000b6c       0x34 build/application/lpc40xx/compiled/source/main.cpp.o
                0x0000000000000b6c                sjsu::lpc40xx::SystemController::PowerUpPeripheral(sjsu::SystemController::PeripheralID const&) const
 .text._ZNK4sjsu7lpc40xx16SystemController19PowerDownPeripheralERKNS_16SystemController12PeripheralIDE
                0x0000000000000ba0       0x34 build/application/lpc40xx/compiled/source/main.cpp.o
                0x0000000000000ba0                sjsu::lpc40xx::SystemController::PowerDownPeripheral(sjsu::SystemController::PeripheralID const&) const
 .text._ZNK4sjsu7lpc40xx16SystemController22SelectOscillatorSourceENS1_16OscillatorSourceE
                0x0000000000000bd4       0x48 build/application/lpc40xx/compiled/source/main.cpp.o
                0x0000000000000bd4                sjsu::lpc40xx::SystemController::SelectOscillatorSource(sjsu::lpc40xx::SystemController::OscillatorSource) const
 .text._ZNK4sjsu7lpc40xx16SystemController21SelectMainClockSourceENS1_15MainClockSourceE
                0x0000000000000c1c       0x48 build/application/lpc40xx/compiled/source/main.cpp.o
                0x0000000000000c1c                sjsu::lpc40xx::SystemController::SelectMainClockSource(sjsu::lpc40xx::SystemController::MainClockSource) const
 .text._ZNK4sjsu7lpc40xx16SystemController20SelectUsbClockSourceENS1_9UsbSourceE
                0x0000000000000c64       0x48 build/application/lpc40xx/compiled/source/main.cpp.o
                0x0000000000000c64                sjsu::lpc40xx::SystemController::SelectUsbClockSource(sjsu::lpc40xx::SystemController::UsbSource) const
 .text._ZNK4sjsu7lpc40xx16SystemController22SelectSpifiClockSourceENS1_11SpifiSourceE
                0x0000000000000cac       0x48 build/application/lpc40xx/compiled/source/main.cpp.o
                0x0000000000000cac                sjsu::lpc40xx::SystemController::SelectSpifiClockSource(sjsu::lpc40xx::SystemController::SpifiSource) const
 .text._ZNK5units6unit_tINS_4unitISt5ratioILx1000000ELx1EENS1_IS2_ILx1ELx1EENS_9base_unitIS2_ILx0ELx1EES6_S2_ILxn1ELx1EES6_S6_S6_S6_S6_S6_EES6_S6_EES6_S6_EEfNS_12linear_scaleEEltISA_fSB_EEbRKNS0_IT_T0_T1_EE
                0x0000000000000cf4       0x3c build/application/lpc40xx/compiled/source/main.cpp.o
                0x0000000000000cf4                bool units::unit_t<units::unit<std::ratio<1000000ll, 1ll>, units::unit<std::ratio<1ll, 1ll>, units::base_unit<std::ratio<0ll, 1ll>, std::ratio<0ll, 1ll>, std::ratio<-1ll, 1ll>, std::ratio<0ll, 1ll>, std::ratio<0ll, 1ll>, std::ratio<0ll, 1ll>, std::ratio<0ll, 1ll>, std::ratio<0ll, 1ll>, std::ratio<0ll, 1ll> >, std::ratio<0ll, 1ll>, std::ratio<0ll, 1ll> >, std::ratio<0ll, 1ll>, std::ratio<0ll, 1ll> >, float, units::linear_scale>::operator< <units::unit<std::ratio<1000000ll, 1ll>, units::unit<std::ratio<1ll, 1ll>, units::base_unit<std::ratio<0ll, 1ll>, std::ratio<0ll, 1ll>, std::ratio<-1ll, 1ll>, std::ratio<0ll, 1ll>, std::ratio<0ll, 1ll>, std::ratio<0ll, 1ll>, std::ratio<0ll, 1ll>, std::ratio<0ll, 1ll>, std::ratio<0ll, 1ll> >, std::ratio<0ll, 1ll>, std::ratio<0ll, 1ll> >, std::ratio<0ll, 1ll>, std::ratio<0ll, 1ll> >, float, units::linear_scale>(units::unit_t<units::unit<std::ratio<1000000ll, 1ll>, units::unit<std::ratio<1ll, 1ll>, units::base_unit<std::ratio<0ll, 1ll>, std::ratio<0ll, 1ll>, std::ratio<-1ll, 1ll>, std::ratio<0ll, 1ll>, std::ratio<0ll, 1ll>, std::ratio<0ll, 1ll>, std::ratio<0ll, 1ll>, std::ratio<0ll, 1ll>, std::ratio<0ll, 1ll> >, std::ratio<0ll, 1ll>, std::ratio<0ll, 1ll> >, std::ratio<0ll, 1ll>, std::ratio<0ll, 1ll> >, float, units::linear_scale> const&) const
 .text._ZNK5units6unit_tINS_4unitISt5ratioILx1000000ELx1EENS1_IS2_ILx1ELx1EENS_9base_unitIS2_ILx0ELx1EES6_S2_ILxn1ELx1EES6_S6_S6_S6_S6_S6_EES6_S6_EES6_S6_EEfNS_12linear_scaleEE2toImvEET_v
                0x0000000000000d30       0x18 build/application/lpc40xx/compiled/source/main.cpp.o
                0x0000000000000d30                unsigned long units::unit_t<units::unit<std::ratio<1000000ll, 1ll>, units::unit<std::ratio<1ll, 1ll>, units::base_unit<std::ratio<0ll, 1ll>, std::ratio<0ll, 1ll>, std::ratio<-1ll, 1ll>, std::ratio<0ll, 1ll>, std::ratio<0ll, 1ll>, std::ratio<0ll, 1ll>, std::ratio<0ll, 1ll>, std::ratio<0ll, 1ll>, std::ratio<0ll, 1ll> >, std::ratio<0ll, 1ll>, std::ratio<0ll, 1ll> >, std::ratio<0ll, 1ll>, std::ratio<0ll, 1ll> >, float, units::linear_scale>::to<unsigned long, void>() const
 .text._ZNK5units6unit_tINS_4unitISt5ratioILx1000000ELx1EENS1_IS2_ILx1ELx1EENS_9base_unitIS2_ILx0ELx1EES6_S2_ILxn1ELx1EES6_S6_S6_S6_S6_S6_EES6_S6_EES6_S6_EEfNS_12linear_scaleEEcvT_ImLi0EEEv
                0x0000000000000d48       0x24 build/application/lpc40xx/compiled/source/main.cpp.o
                0x0000000000000d48                units::unit_t<units::unit<std::ratio<1000000ll, 1ll>, units::unit<std::ratio<1ll, 1ll>, units::base_unit<std::ratio<0ll, 1ll>, std::ratio<0ll, 1ll>, std::ratio<-1ll, 1ll>, std::ratio<0ll, 1ll>, std::ratio<0ll, 1ll>, std::ratio<0ll, 1ll>, std::ratio<0ll, 1ll>, std::ratio<0ll, 1ll>, std::ratio<0ll, 1ll> >, std::ratio<0ll, 1ll>, std::ratio<0ll, 1ll> >, std::ratio<0ll, 1ll>, std::ratio<0ll, 1ll> >, float, units::linear_scale>::operator unsigned long<unsigned long, 0>() const
 .text._ZNK5units12linear_scaleIfEclEv
                0x0000000000000d6c       0x1e build/application/lpc40xx/compiled/source/main.cpp.o
                0x0000000000000d6c                units::linear_scale<float>::operator()() const
 .text._ZN5unitsdvINS_6unit_tINS_4unitISt5ratioILx1000000ELx1EENS2_IS3_ILx1ELx1EENS_9base_unitIS3_ILx0ELx1EES7_S3_ILxn1ELx1EES7_S7_S7_S7_S7_S7_EES7_S7_EES7_S7_EEfNS_12linear_scaleEEESD_Li0EEENS1_INS2_IS5_NS6_IS7_S7_S7_S7_S7_S7_S7_S7_S7_EES7_S7_EEfSC_EERKT_RKT0_
                0x0000000000000d8a       0x58 build/application/lpc40xx/compiled/source/main.cpp.o
                0x0000000000000d8a                units::unit_t<units::unit<std::ratio<1ll, 1ll>, units::base_unit<std::ratio<0ll, 1ll>, std::ratio<0ll, 1ll>, std::ratio<0ll, 1ll>, std::ratio<0ll, 1ll>, std::ratio<0ll, 1ll>, std::ratio<0ll, 1ll>, std::ratio<0ll, 1ll>, std::ratio<0ll, 1ll>, std::ratio<0ll, 1ll> >, std::ratio<0ll, 1ll>, std::ratio<0ll, 1ll> >, float, units::linear_scale> units::operator/<units::unit_t<units::unit<std::ratio<1000000ll, 1ll>, units::unit<std::ratio<1ll, 1ll>, units::base_unit<std::ratio<0ll, 1ll>, std::ratio<0ll, 1ll>, std::ratio<-1ll, 1ll>, std::ratio<0ll, 1ll>, std::ratio<0ll, 1ll>, std::ratio<0ll, 1ll>, std::ratio<0ll, 1ll>, std::ratio<0ll, 1ll>, std::ratio<0ll, 1ll> >, std::ratio<0ll, 1ll>, std::ratio<0ll, 1ll> >, std::ratio<0ll, 1ll>, std::ratio<0ll, 1ll> >, float, units::linear_scale>, units::unit_t<units::unit<std::ratio<1000000ll, 1ll>, units::unit<std::ratio<1ll, 1ll>, units::base_unit<std::ratio<0ll, 1ll>, std::ratio<0ll, 1ll>, std::ratio<-1ll, 1ll>, std::ratio<0ll, 1ll>, std::ratio<0ll, 1ll>, std::ratio<0ll, 1ll>, std::ratio<0ll, 1ll>, std::ratio<0ll, 1ll>, std::ratio<0ll, 1ll> >, std::ratio<0ll, 1ll>, std::ratio<0ll, 1ll> >, std::ratio<0ll, 1ll>, std::ratio<0ll, 1ll> >, float, units::linear_scale>, 0>(units::unit_t<units::unit<std::ratio<1000000ll, 1ll>, units::unit<std::ratio<1ll, 1ll>, units::base_unit<std::ratio<0ll, 1ll>, std::ratio<0ll, 1ll>, std::ratio<-1ll, 1ll>, std::ratio<0ll, 1ll>, std::ratio<0ll, 1ll>, std::ratio<0ll, 1ll>, std::ratio<0ll, 1ll>, std::ratio<0ll, 1ll>, std::ratio<0ll, 1ll> >, std::ratio<0ll, 1ll>, std::ratio<0ll, 1ll> >, std::ratio<0ll, 1ll>, std::ratio<0ll, 1ll> >, float, units::linear_scale> const&, units::unit_t<units::unit<std::ratio<1000000ll, 1ll>, units::unit<std::ratio<1ll, 1ll>, units::base_unit<std::ratio<0ll, 1ll>, std::ratio<0ll, 1ll>, std::ratio<-1ll, 1ll>, std::ratio<0ll, 1ll>, std::ratio<0ll, 1ll>, std::ratio<0ll, 1ll>, std::ratio<0ll, 1ll>, std::ratio<0ll, 1ll>, std::ratio<0ll, 1ll> >, std::ratio<0ll, 1ll>, std::ratio<0ll, 1ll> >, std::ratio<0ll, 1ll>, std::ratio<0ll, 1ll> >, float, units::linear_scale> const&)
 .text._ZN5units6unit_tINS_4unitISt5ratioILx1ELx1EENS_9base_unitIS2_ILx0ELx1EES5_S5_S5_S5_S5_S5_S5_S5_EES5_S5_EEfNS_12linear_scaleEEC1IJEEEfDpRKT_
                0x0000000000000de2       0x22 build/application/lpc40xx/compiled/source/main.cpp.o
                0x0000000000000de2                units::unit_t<units::unit<std::ratio<1ll, 1ll>, units::base_unit<std::ratio<0ll, 1ll>, std::ratio<0ll, 1ll>, std::ratio<0ll, 1ll>, std::ratio<0ll, 1ll>, std::ratio<0ll, 1ll>, std::ratio<0ll, 1ll>, std::ratio<0ll, 1ll>, std::ratio<0ll, 1ll>, std::ratio<0ll, 1ll> >, std::ratio<0ll, 1ll>, std::ratio<0ll, 1ll> >, float, units::linear_scale>::unit_t<>(float)
 .text._ZN5unitsplIiLi0EEENS_6unit_tINS_4unitISt5ratioILx1ELx1EENS_9base_unitIS3_ILx0ELx1EES6_S6_S6_S6_S6_S6_S6_S6_EES6_S6_EEfNS_12linear_scaleEEERKSA_T_
                0x0000000000000e04       0x3c build/application/lpc40xx/compiled/source/main.cpp.o
                0x0000000000000e04                units::unit_t<units::unit<std::ratio<1ll, 1ll>, units::base_unit<std::ratio<0ll, 1ll>, std::ratio<0ll, 1ll>, std::ratio<0ll, 1ll>, std::ratio<0ll, 1ll>, std::ratio<0ll, 1ll>, std::ratio<0ll, 1ll>, std::ratio<0ll, 1ll>, std::ratio<0ll, 1ll>, std::ratio<0ll, 1ll> >, std::ratio<0ll, 1ll>, std::ratio<0ll, 1ll> >, float, units::linear_scale> units::operator+<int, 0>(units::unit_t<units::unit<std::ratio<1ll, 1ll>, units::base_unit<std::ratio<0ll, 1ll>, std::ratio<0ll, 1ll>, std::ratio<0ll, 1ll>, std::ratio<0ll, 1ll>, std::ratio<0ll, 1ll>, std::ratio<0ll, 1ll>, std::ratio<0ll, 1ll>, std::ratio<0ll, 1ll>, std::ratio<0ll, 1ll> >, std::ratio<0ll, 1ll>, std::ratio<0ll, 1ll> >, float, units::linear_scale> const&, int)
 .text._ZNK5units6unit_tINS_4unitISt5ratioILx1000000ELx1EENS1_IS2_ILx1ELx1EENS_9base_unitIS2_ILx0ELx1EES6_S2_ILxn1ELx1EES6_S6_S6_S6_S6_S6_EES6_S6_EES6_S6_EEfNS_12linear_scaleEEcvT_ItLi0EEEv
                0x0000000000000e40       0x26 build/application/lpc40xx/compiled/source/main.cpp.o
                0x0000000000000e40                units::unit_t<units::unit<std::ratio<1000000ll, 1ll>, units::unit<std::ratio<1ll, 1ll>, units::base_unit<std::ratio<0ll, 1ll>, std::ratio<0ll, 1ll>, std::ratio<-1ll, 1ll>, std::ratio<0ll, 1ll>, std::ratio<0ll, 1ll>, std::ratio<0ll, 1ll>, std::ratio<0ll, 1ll>, std::ratio<0ll, 1ll>, std::ratio<0ll, 1ll> >, std::ratio<0ll, 1ll>, std::ratio<0ll, 1ll> >, std::ratio<0ll, 1ll>, std::ratio<0ll, 1ll> >, float, units::linear_scale>::operator unsigned short<unsigned short, 0>() const
 *fill*         0x0000000000000e66        0x2 ff
 .text._ZNK4sjsu7lpc40xx16SystemController12CalculatePllEN5units6unit_tINS2_4unitISt5ratioILx1000000ELx1EENS4_IS5_ILx1ELx1EENS2_9base_unitIS5_ILx0ELx1EES9_S5_ILxn1ELx1EES9_S9_S9_S9_S9_S9_EES9_S9_EES9_S9_EEfNS2_12linear_scaleEEESF_
                0x0000000000000e68      0x194 build/application/lpc40xx/compiled/source/main.cpp.o
                0x0000000000000e68                sjsu::lpc40xx::SystemController::CalculatePll(units::unit_t<units::unit<std::ratio<1000000ll, 1ll>, units::unit<std::ratio<1ll, 1ll>, units::base_unit<std::ratio<0ll, 1ll>, std::ratio<0ll, 1ll>, std::ratio<-1ll, 1ll>, std::ratio<0ll, 1ll>, std::ratio<0ll, 1ll>, std::ratio<0ll, 1ll>, std::ratio<0ll, 1ll>, std::ratio<0ll, 1ll>, std::ratio<0ll, 1ll> >, std::ratio<0ll, 1ll>, std::ratio<0ll, 1ll> >, std::ratio<0ll, 1ll>, std::ratio<0ll, 1ll> >, float, units::linear_scale>, units::unit_t<units::unit<std::ratio<1000000ll, 1ll>, units::unit<std::ratio<1ll, 1ll>, units::base_unit<std::ratio<0ll, 1ll>, std::ratio<0ll, 1ll>, std::ratio<-1ll, 1ll>, std::ratio<0ll, 1ll>, std::ratio<0ll, 1ll>, std::ratio<0ll, 1ll>, std::ratio<0ll, 1ll>, std::ratio<0ll, 1ll>, std::ratio<0ll, 1ll> >, std::ratio<0ll, 1ll>, std::ratio<0ll, 1ll> >, std::ratio<0ll, 1ll>, std::ratio<0ll, 1ll> >, float, units::linear_scale>) const
 .text._ZNK4sjsu7lpc40xx16SystemController10SetMainPllEN5units6unit_tINS2_4unitISt5ratioILx1000000ELx1EENS4_IS5_ILx1ELx1EENS2_9base_unitIS5_ILx0ELx1EES9_S5_ILxn1ELx1EES9_S9_S9_S9_S9_S9_EES9_S9_EES9_S9_EEfNS2_12linear_scaleEEESF_
                0x0000000000000ffc       0xc8 build/application/lpc40xx/compiled/source/main.cpp.o
                0x0000000000000ffc                sjsu::lpc40xx::SystemController::SetMainPll(units::unit_t<units::unit<std::ratio<1000000ll, 1ll>, units::unit<std::ratio<1ll, 1ll>, units::base_unit<std::ratio<0ll, 1ll>, std::ratio<0ll, 1ll>, std::ratio<-1ll, 1ll>, std::ratio<0ll, 1ll>, std::ratio<0ll, 1ll>, std::ratio<0ll, 1ll>, std::ratio<0ll, 1ll>, std::ratio<0ll, 1ll>, std::ratio<0ll, 1ll> >, std::ratio<0ll, 1ll>, std::ratio<0ll, 1ll> >, std::ratio<0ll, 1ll>, std::ratio<0ll, 1ll> >, float, units::linear_scale>, units::unit_t<units::unit<std::ratio<1000000ll, 1ll>, units::unit<std::ratio<1ll, 1ll>, units::base_unit<std::ratio<0ll, 1ll>, std::ratio<0ll, 1ll>, std::ratio<-1ll, 1ll>, std::ratio<0ll, 1ll>, std::ratio<0ll, 1ll>, std::ratio<0ll, 1ll>, std::ratio<0ll, 1ll>, std::ratio<0ll, 1ll>, std::ratio<0ll, 1ll> >, std::ratio<0ll, 1ll>, std::ratio<0ll, 1ll> >, std::ratio<0ll, 1ll>, std::ratio<0ll, 1ll> >, float, units::linear_scale>) const
 .text._ZNK4sjsu7lpc40xx16SystemController18SetCpuClockDividerEh
                0x00000000000010c4       0x7c build/application/lpc40xx/compiled/source/main.cpp.o
                0x00000000000010c4                sjsu::lpc40xx::SystemController::SetCpuClockDivider(unsigned char) const
 .text._ZNK4sjsu7lpc40xx16SystemController18SetEmcClockDividerENS1_10EmcDividerE
                0x0000000000001140       0x48 build/application/lpc40xx/compiled/source/main.cpp.o
                0x0000000000001140                sjsu::lpc40xx::SystemController::SetEmcClockDivider(sjsu::lpc40xx::SystemController::EmcDivider) const
 .text._ZN4sjsu7lpc40xx23DefaultSystemControllerEv
                0x0000000000001188       0x14 build/application/lpc40xx/compiled/source/main.cpp.o
                0x0000000000001188                sjsu::lpc40xx::DefaultSystemController()
 .text._ZNK4sjsu4Uart5WriteEh
                0x000000000000119c       0x24 build/application/lpc40xx/compiled/source/main.cpp.o
                0x000000000000119c                sjsu::Uart::Write(unsigned char) const
 .text._ZNK4sjsu4Uart4ReadENSt6chrono8durationIxSt5ratioILx1ELx1000000EEEE
                0x00000000000011c0       0x44 build/application/lpc40xx/compiled/source/main.cpp.o
                0x00000000000011c0                sjsu::Uart::Read(std::chrono::duration<long long, std::ratio<1ll, 1000000ll> >) const
 .text._ZN4sjsu7lpc40xx4uart21FindClosestFractionalEf
                0x0000000000001204       0xe0 build/application/lpc40xx/compiled/source/main.cpp.o
                0x0000000000001204                sjsu::lpc40xx::uart::FindClosestFractional(float)
 .text._ZN4sjsu7lpc40xx4uart15DividerEstimateEffm
                0x00000000000012e4       0x4c build/application/lpc40xx/compiled/source/main.cpp.o
                0x00000000000012e4                sjsu::lpc40xx::uart::DividerEstimate(float, float, unsigned long)
 .text._ZN4sjsu7lpc40xx4uart18FractionalEstimateEffm
                0x0000000000001330       0x4c build/application/lpc40xx/compiled/source/main.cpp.o
                0x0000000000001330                sjsu::lpc40xx::uart::FractionalEstimate(float, float, unsigned long)
 .text._ZN4sjsu7lpc40xx4uart10RoundFloatEf
                0x000000000000137c       0x2c build/application/lpc40xx/compiled/source/main.cpp.o
                0x000000000000137c                sjsu::lpc40xx::uart::RoundFloat(float)
 .text._ZN4sjsu7lpc40xx4uart9IsDecmialEf
                0x00000000000013a8       0x64 build/application/lpc40xx/compiled/source/main.cpp.o
                0x00000000000013a8                sjsu::lpc40xx::uart::IsDecmial(float)
 .text._ZN5units9unit_castImNS_6unit_tINS_4unitISt5ratioILx1ELx1EENS_9base_unitIS3_ILx0ELx1EES6_S3_ILxn1ELx1EES6_S6_S6_S6_S6_S6_EES6_S6_EEfNS_12linear_scaleEEEvEET_RKT0_
                0x000000000000140c       0x18 build/application/lpc40xx/compiled/source/main.cpp.o
                0x000000000000140c                unsigned long units::unit_cast<unsigned long, units::unit_t<units::unit<std::ratio<1ll, 1ll>, units::base_unit<std::ratio<0ll, 1ll>, std::ratio<0ll, 1ll>, std::ratio<-1ll, 1ll>, std::ratio<0ll, 1ll>, std::ratio<0ll, 1ll>, std::ratio<0ll, 1ll>, std::ratio<0ll, 1ll>, std::ratio<0ll, 1ll>, std::ratio<0ll, 1ll> >, std::ratio<0ll, 1ll>, std::ratio<0ll, 1ll> >, float, units::linear_scale>, void>(units::unit_t<units::unit<std::ratio<1ll, 1ll>, units::base_unit<std::ratio<0ll, 1ll>, std::ratio<0ll, 1ll>, std::ratio<-1ll, 1ll>, std::ratio<0ll, 1ll>, std::ratio<0ll, 1ll>, std::ratio<0ll, 1ll>, std::ratio<0ll, 1ll>, std::ratio<0ll, 1ll>, std::ratio<0ll, 1ll> >, std::ratio<0ll, 1ll>, std::ratio<0ll, 1ll> >, float, units::linear_scale> const&)
 .text._ZNK5units6unit_tINS_4unitISt5ratioILx1ELx1EENS_9base_unitIS2_ILx0ELx1EES5_S2_ILxn1ELx1EES5_S5_S5_S5_S5_S5_EES5_S5_EEfNS_12linear_scaleEEcvT_ImLi0EEEv
                0x0000000000001424       0x24 build/application/lpc40xx/compiled/source/main.cpp.o
                0x0000000000001424                units::unit_t<units::unit<std::ratio<1ll, 1ll>, units::base_unit<std::ratio<0ll, 1ll>, std::ratio<0ll, 1ll>, std::ratio<-1ll, 1ll>, std::ratio<0ll, 1ll>, std::ratio<0ll, 1ll>, std::ratio<0ll, 1ll>, std::ratio<0ll, 1ll>, std::ratio<0ll, 1ll>, std::ratio<0ll, 1ll> >, std::ratio<0ll, 1ll>, std::ratio<0ll, 1ll> >, float, units::linear_scale>::operator unsigned long<unsigned long, 0>() const
 .text._ZN4sjsu7lpc40xx4uartL23GenerateUartCalibrationEmN5units6unit_tINS2_4unitISt5ratioILx1ELx1EENS2_9base_unitIS5_ILx0ELx1EES8_S5_ILxn1ELx1EES8_S8_S8_S8_S8_S8_EES8_S8_EEfNS2_12linear_scaleEEE
                0x0000000000001448      0x1ec build/application/lpc40xx/compiled/source/main.cpp.o
 .text._ZN4sjsu4UartC2Ev
                0x0000000000001634       0x20 build/application/lpc40xx/compiled/source/main.cpp.o
                0x0000000000001634                sjsu::Uart::Uart()
                0x0000000000001634                sjsu::Uart::Uart()
 .text._ZN4sjsu7lpc40xx4UartC2ERKNS1_6Port_tERKNS_16SystemControllerE
                0x0000000000001654       0x34 build/application/lpc40xx/compiled/source/main.cpp.o
                0x0000000000001654                sjsu::lpc40xx::Uart::Uart(sjsu::lpc40xx::Uart::Port_t const&, sjsu::SystemController const&)
                0x0000000000001654                sjsu::lpc40xx::Uart::Uart(sjsu::lpc40xx::Uart::Port_t const&, sjsu::SystemController const&)
 .text._ZNK4sjsu7lpc40xx4Uart10InitializeEm
                0x0000000000001688       0xc0 build/application/lpc40xx/compiled/source/main.cpp.o
                0x0000000000001688                sjsu::lpc40xx::Uart::Initialize(unsigned long) const
 .text._ZNK4sjsu7lpc40xx4Uart11SetBaudRateEm
                0x0000000000001748       0x8c build/application/lpc40xx/compiled/source/main.cpp.o
                0x0000000000001748                sjsu::lpc40xx::Uart::SetBaudRate(unsigned long) const
 .text._ZNK4sjsu7lpc40xx4Uart5WriteEPKhj
                0x00000000000017d4       0x4e build/application/lpc40xx/compiled/source/main.cpp.o
                0x00000000000017d4                sjsu::lpc40xx::Uart::Write(unsigned char const*, unsigned int) const
 .text._ZZNK4sjsu7lpc40xx4Uart4ReadEPhjNSt6chrono8durationIxSt5ratioILx1ELx1000000EEEEENKUlvE_clEv
                0x0000000000001822       0x56 build/application/lpc40xx/compiled/source/main.cpp.o
                0x0000000000001822                sjsu::lpc40xx::Uart::Read(unsigned char*, unsigned int, std::chrono::duration<long long, std::ratio<1ll, 1000000ll> >) const::{lambda()#1}::operator()() const
 .text._ZNK4sjsu7lpc40xx4Uart4ReadEPhjNSt6chrono8durationIxSt5ratioILx1ELx1000000EEEE
                0x0000000000001878       0xd0 build/application/lpc40xx/compiled/source/main.cpp.o
                0x0000000000001878                sjsu::lpc40xx::Uart::Read(unsigned char*, unsigned int, std::chrono::duration<long long, std::ratio<1ll, 1000000ll> >) const
 .text._ZNK4sjsu7lpc40xx4Uart7HasDataEv
                0x0000000000001948       0x24 build/application/lpc40xx/compiled/source/main.cpp.o
                0x0000000000001948                sjsu::lpc40xx::Uart::HasData() const
 .text._ZNK4sjsu7lpc40xx4Uart20TransmissionCompleteEv
                0x000000000000196c       0x24 build/application/lpc40xx/compiled/source/main.cpp.o
                0x000000000000196c                sjsu::lpc40xx::Uart::TransmissionComplete() const
 .text._ZN4sjsu7lpc40xx3Adc18BurstModeIsEnabledEv
                0x0000000000001990       0x30 build/application/lpc40xx/compiled/source/main.cpp.o
                0x0000000000001990                sjsu::lpc40xx::Adc::BurstModeIsEnabled()
 .text._ZN4sjsu3AdcC2Ev
                0x00000000000019c0       0x20 build/application/lpc40xx/compiled/source/main.cpp.o
                0x00000000000019c0                sjsu::Adc::Adc()
                0x00000000000019c0                sjsu::Adc::Adc()
 .text._ZN4sjsu7lpc40xx3AdcC2ERKNS1_9Channel_tERKNS_16SystemControllerE
                0x00000000000019e0       0x34 build/application/lpc40xx/compiled/source/main.cpp.o
                0x00000000000019e0                sjsu::lpc40xx::Adc::Adc(sjsu::lpc40xx::Adc::Channel_t const&, sjsu::SystemController const&)
                0x00000000000019e0                sjsu::lpc40xx::Adc::Adc(sjsu::lpc40xx::Adc::Channel_t const&, sjsu::SystemController const&)
 .text._ZN5unitsdvINS_6unit_tINS_4unitISt5ratioILx1ELx1EENS_9base_unitIS3_ILx0ELx1EES6_S3_ILxn1ELx1EES6_S6_S6_S6_S6_S6_EES6_S6_EEfNS_12linear_scaleEEESB_Li0EEENS1_INS2_IS4_NS5_IS6_S6_S6_S6_S6_S6_S6_S6_S6_EES6_S6_EEfSA_EERKT_RKT0_
                0x0000000000001a14       0x58 build/application/lpc40xx/compiled/source/main.cpp.o
                0x0000000000001a14                units::unit_t<units::unit<std::ratio<1ll, 1ll>, units::base_unit<std::ratio<0ll, 1ll>, std::ratio<0ll, 1ll>, std::ratio<0ll, 1ll>, std::ratio<0ll, 1ll>, std::ratio<0ll, 1ll>, std::ratio<0ll, 1ll>, std::ratio<0ll, 1ll>, std::ratio<0ll, 1ll>, std::ratio<0ll, 1ll> >, std::ratio<0ll, 1ll>, std::ratio<0ll, 1ll> >, float, units::linear_scale> units::operator/<units::unit_t<units::unit<std::ratio<1ll, 1ll>, units::base_unit<std::ratio<0ll, 1ll>, std::ratio<0ll, 1ll>, std::ratio<-1ll, 1ll>, std::ratio<0ll, 1ll>, std::ratio<0ll, 1ll>, std::ratio<0ll, 1ll>, std::ratio<0ll, 1ll>, std::ratio<0ll, 1ll>, std::ratio<0ll, 1ll> >, std::ratio<0ll, 1ll>, std::ratio<0ll, 1ll> >, float, units::linear_scale>, units::unit_t<units::unit<std::ratio<1ll, 1ll>, units::base_unit<std::ratio<0ll, 1ll>, std::ratio<0ll, 1ll>, std::ratio<-1ll, 1ll>, std::ratio<0ll, 1ll>, std::ratio<0ll, 1ll>, std::ratio<0ll, 1ll>, std::ratio<0ll, 1ll>, std::ratio<0ll, 1ll>, std::ratio<0ll, 1ll> >, std::ratio<0ll, 1ll>, std::ratio<0ll, 1ll> >, float, units::linear_scale>, 0>(units::unit_t<units::unit<std::ratio<1ll, 1ll>, units::base_unit<std::ratio<0ll, 1ll>, std::ratio<0ll, 1ll>, std::ratio<-1ll, 1ll>, std::ratio<0ll, 1ll>, std::ratio<0ll, 1ll>, std::ratio<0ll, 1ll>, std::ratio<0ll, 1ll>, std::ratio<0ll, 1ll>, std::ratio<0ll, 1ll> >, std::ratio<0ll, 1ll>, std::ratio<0ll, 1ll> >, float, units::linear_scale> const&, units::unit_t<units::unit<std::ratio<1ll, 1ll>, units::base_unit<std::ratio<0ll, 1ll>, std::ratio<0ll, 1ll>, std::ratio<-1ll, 1ll>, std::ratio<0ll, 1ll>, std::ratio<0ll, 1ll>, std::ratio<0ll, 1ll>, std::ratio<0ll, 1ll>, std::ratio<0ll, 1ll>, std::ratio<0ll, 1ll> >, std::ratio<0ll, 1ll>, std::ratio<0ll, 1ll> >, float, units::linear_scale> const&)
 .text._ZNK5units6unit_tINS_4unitISt5ratioILx1ELx1EENS_9base_unitIS2_ILx0ELx1EES5_S5_S5_S5_S5_S5_S5_S5_EES5_S5_EEfNS_12linear_scaleEE2toImvEET_v
                0x0000000000001a6c       0x18 build/application/lpc40xx/compiled/source/main.cpp.o
                0x0000000000001a6c                unsigned long units::unit_t<units::unit<std::ratio<1ll, 1ll>, units::base_unit<std::ratio<0ll, 1ll>, std::ratio<0ll, 1ll>, std::ratio<0ll, 1ll>, std::ratio<0ll, 1ll>, std::ratio<0ll, 1ll>, std::ratio<0ll, 1ll>, std::ratio<0ll, 1ll>, std::ratio<0ll, 1ll>, std::ratio<0ll, 1ll> >, std::ratio<0ll, 1ll>, std::ratio<0ll, 1ll> >, float, units::linear_scale>::to<unsigned long, void>() const
 .text._ZNK4sjsu7lpc40xx3Adc10InitializeEv
                0x0000000000001a84      0x11c build/application/lpc40xx/compiled/source/main.cpp.o
                0x0000000000001a84                sjsu::lpc40xx::Adc::Initialize() const
 .text._ZNK4sjsu7lpc40xx3Adc4ReadEv
                0x0000000000001ba0       0x50 build/application/lpc40xx/compiled/source/main.cpp.o
                0x0000000000001ba0                sjsu::lpc40xx::Adc::Read() const
 .text._ZNK4sjsu7lpc40xx3Adc13GetActiveBitsEv
                0x0000000000001bf0       0x16 build/application/lpc40xx/compiled/source/main.cpp.o
                0x0000000000001bf0                sjsu::lpc40xx::Adc::GetActiveBits() const
 *fill*         0x0000000000001c06        0x2 ff
 .text._ZNK4sjsu7lpc40xx3Adc21HasConversionFinishedEv
                0x0000000000001c08       0x48 build/application/lpc40xx/compiled/source/main.cpp.o
                0x0000000000001c08                sjsu::lpc40xx::Adc::HasConversionFinished() const
 .text._ZNK4sjsu7lpc40xx3Adc10ConversionEv
                0x0000000000001c50       0xc4 build/application/lpc40xx/compiled/source/main.cpp.o
                0x0000000000001c50                sjsu::lpc40xx::Adc::Conversion() const
 .text._ZN4sjsu6cortex19InterruptController25UnregisteredArmExceptionsEv
                0x0000000000001d14        0xe build/application/lpc40xx/compiled/source/main.cpp.o
                0x0000000000001d14                sjsu::cortex::InterruptController::UnregisteredArmExceptions()
 *fill*         0x0000000000001d22        0x2 ff
 .text._ZN4sjsu6cortex19InterruptController28UnregisteredInterruptHandlerEv
                0x0000000000001d24       0x3c build/application/lpc40xx/compiled/source/main.cpp.o
                0x0000000000001d24                sjsu::cortex::InterruptController::UnregisteredInterruptHandler()
 .text._ZSt4sizeIPFvvELj64EEjRAT0__KT_
                0x0000000000001d60       0x16 build/application/lpc40xx/compiled/source/main.cpp.o
                0x0000000000001d60                unsigned int std::size<void (*)(), 64u>(void (* const (&) [64u])())
 *fill*         0x0000000000001d76        0x2 ff
 .text._ZN4sjsu6cortex19InterruptController13VectorTable_t20GenerateDefaultTableEv
                0x0000000000001d78       0x74 build/application/lpc40xx/compiled/source/main.cpp.o
                0x0000000000001d78                sjsu::cortex::InterruptController::VectorTable_t::GenerateDefaultTable()
 .text._ZN4sjsu3PwmC2Ev
                0x0000000000001dec       0x20 build/application/lpc40xx/compiled/source/main.cpp.o
                0x0000000000001dec                sjsu::Pwm::Pwm()
                0x0000000000001dec                sjsu::Pwm::Pwm()
 .text._ZN4sjsu7lpc40xx3PwmC2ERKNS1_9Channel_tERKNS_16SystemControllerE
                0x0000000000001e0c       0x34 build/application/lpc40xx/compiled/source/main.cpp.o
                0x0000000000001e0c                sjsu::lpc40xx::Pwm::Pwm(sjsu::lpc40xx::Pwm::Channel_t const&, sjsu::SystemController const&)
                0x0000000000001e0c                sjsu::lpc40xx::Pwm::Pwm(sjsu::lpc40xx::Pwm::Channel_t const&, sjsu::SystemController const&)
 .text._ZNK4sjsu7lpc40xx3Pwm10InitializeEN5units6unit_tINS2_4unitISt5ratioILx1ELx1EENS2_9base_unitIS5_ILx0ELx1EES8_S5_ILxn1ELx1EES8_S8_S8_S8_S8_S8_EES8_S8_EEfNS2_12linear_scaleEEE
                0x0000000000001e40      0x1c0 build/application/lpc40xx/compiled/source/main.cpp.o
                0x0000000000001e40                sjsu::lpc40xx::Pwm::Initialize(units::unit_t<units::unit<std::ratio<1ll, 1ll>, units::base_unit<std::ratio<0ll, 1ll>, std::ratio<0ll, 1ll>, std::ratio<-1ll, 1ll>, std::ratio<0ll, 1ll>, std::ratio<0ll, 1ll>, std::ratio<0ll, 1ll>, std::ratio<0ll, 1ll>, std::ratio<0ll, 1ll>, std::ratio<0ll, 1ll> >, std::ratio<0ll, 1ll>, std::ratio<0ll, 1ll> >, float, units::linear_scale>) const
 .text._ZNK4sjsu7lpc40xx3Pwm12SetDutyCycleEf
                0x0000000000002000       0xdc build/application/lpc40xx/compiled/source/main.cpp.o
                0x0000000000002000                sjsu::lpc40xx::Pwm::SetDutyCycle(float) const
 .text._ZNK4sjsu7lpc40xx3Pwm12GetDutyCycleEv
                0x00000000000020dc       0x56 build/application/lpc40xx/compiled/source/main.cpp.o
                0x00000000000020dc                sjsu::lpc40xx::Pwm::GetDutyCycle() const
 .text._ZNK5units6unit_tINS_4unitISt5ratioILx1ELx1EENS_9base_unitIS2_ILx0ELx1EES5_S2_ILxn1ELx1EES5_S5_S5_S5_S5_S5_EES5_S5_EEfNS_12linear_scaleEEneIS8_fS9_EEbRKNS0_IT_T0_T1_EE
                0x0000000000002132       0x22 build/application/lpc40xx/compiled/source/main.cpp.o
                0x0000000000002132                bool units::unit_t<units::unit<std::ratio<1ll, 1ll>, units::base_unit<std::ratio<0ll, 1ll>, std::ratio<0ll, 1ll>, std::ratio<-1ll, 1ll>, std::ratio<0ll, 1ll>, std::ratio<0ll, 1ll>, std::ratio<0ll, 1ll>, std::ratio<0ll, 1ll>, std::ratio<0ll, 1ll>, std::ratio<0ll, 1ll> >, std::ratio<0ll, 1ll>, std::ratio<0ll, 1ll> >, float, units::linear_scale>::operator!=<units::unit<std::ratio<1ll, 1ll>, units::base_unit<std::ratio<0ll, 1ll>, std::ratio<0ll, 1ll>, std::ratio<-1ll, 1ll>, std::ratio<0ll, 1ll>, std::ratio<0ll, 1ll>, std::ratio<0ll, 1ll>, std::ratio<0ll, 1ll>, std::ratio<0ll, 1ll>, std::ratio<0ll, 1ll> >, std::ratio<0ll, 1ll>, std::ratio<0ll, 1ll> >, float, units::linear_scale>(units::unit_t<units::unit<std::ratio<1ll, 1ll>, units::base_unit<std::ratio<0ll, 1ll>, std::ratio<0ll, 1ll>, std::ratio<-1ll, 1ll>, std::ratio<0ll, 1ll>, std::ratio<0ll, 1ll>, std::ratio<0ll, 1ll>, std::ratio<0ll, 1ll>, std::ratio<0ll, 1ll>, std::ratio<0ll, 1ll> >, std::ratio<0ll, 1ll>, std::ratio<0ll, 1ll> >, float, units::linear_scale> const&) const
 .text._ZNK4sjsu7lpc40xx3Pwm12SetFrequencyEN5units6unit_tINS2_4unitISt5ratioILx1ELx1EENS2_9base_unitIS5_ILx0ELx1EES8_S5_ILxn1ELx1EES8_S8_S8_S8_S8_S8_EES8_S8_EEfNS2_12linear_scaleEEE
                0x0000000000002154       0xcc build/application/lpc40xx/compiled/source/main.cpp.o
                0x0000000000002154                sjsu::lpc40xx::Pwm::SetFrequency(units::unit_t<units::unit<std::ratio<1ll, 1ll>, units::base_unit<std::ratio<0ll, 1ll>, std::ratio<0ll, 1ll>, std::ratio<-1ll, 1ll>, std::ratio<0ll, 1ll>, std::ratio<0ll, 1ll>, std::ratio<0ll, 1ll>, std::ratio<0ll, 1ll>, std::ratio<0ll, 1ll>, std::ratio<0ll, 1ll> >, std::ratio<0ll, 1ll>, std::ratio<0ll, 1ll> >, float, units::linear_scale>) const
 .text._ZNK4sjsu7lpc40xx3Pwm9EnablePwmEb
                0x0000000000002220       0xd4 build/application/lpc40xx/compiled/source/main.cpp.o
                0x0000000000002220                sjsu::lpc40xx::Pwm::EnablePwm(bool) const
 .text._ZNK4sjsu7lpc40xx3Pwm17GetMatchRegistersEh
                0x00000000000022f4       0xa0 build/application/lpc40xx/compiled/source/main.cpp.o
                0x00000000000022f4                sjsu::lpc40xx::Pwm::GetMatchRegisters(unsigned char) const
 .text._ZNK4sjsu7lpc40xx3Pwm18CalculateDutyCycleEf
                0x0000000000002394       0x40 build/application/lpc40xx/compiled/source/main.cpp.o
                0x0000000000002394                sjsu::lpc40xx::Pwm::CalculateDutyCycle(float) const
 .text._ZN4sjsu5ServoC2ERKNS_3PwmE
                0x00000000000023d4       0x70 build/application/lpc40xx/compiled/source/main.cpp.o
                0x00000000000023d4                sjsu::Servo::Servo(sjsu::Pwm const&)
                0x00000000000023d4                sjsu::Servo::Servo(sjsu::Pwm const&)
 .text._ZN4sjsu5Servo10InitializeEN5units6unit_tINS1_4unitISt5ratioILx1ELx1EENS1_9base_unitIS4_ILx0ELx1EES7_S4_ILxn1ELx1EES7_S7_S7_S7_S7_S7_EES7_S7_EEfNS1_12linear_scaleEEE
                0x0000000000002444       0x32 build/application/lpc40xx/compiled/source/main.cpp.o
                0x0000000000002444                sjsu::Servo::Initialize(units::unit_t<units::unit<std::ratio<1ll, 1ll>, units::base_unit<std::ratio<0ll, 1ll>, std::ratio<0ll, 1ll>, std::ratio<-1ll, 1ll>, std::ratio<0ll, 1ll>, std::ratio<0ll, 1ll>, std::ratio<0ll, 1ll>, std::ratio<0ll, 1ll>, std::ratio<0ll, 1ll>, std::ratio<0ll, 1ll> >, std::ratio<0ll, 1ll>, std::ratio<0ll, 1ll> >, float, units::linear_scale>)
 .text._ZN5unitsL7convertINS_4unitISt5ratioILx1ELx1EENS_9base_unitIS2_ILx0ELx1EES5_S2_ILxn1ELx1EES5_S5_S5_S5_S5_S5_EES5_S5_EENS1_IS2_ILx1000000ELx1EES8_S5_S5_EEfEET1_RKSB_
                0x0000000000002476       0x1c build/application/lpc40xx/compiled/source/main.cpp.o
 .text._ZN5unitsdvINS_6unit_tINS_4unitISt5ratioILx1000000ELx1EENS2_IS3_ILx1ELx1EENS_9base_unitIS3_ILx0ELx1EES7_S3_ILxn1ELx1EES7_S7_S7_S7_S7_S7_EES7_S7_EES7_S7_EEfNS_12linear_scaleEEENS1_ISA_fSC_EELi0EEENS1_INS2_IS5_NS6_IS7_S7_S7_S7_S7_S7_S7_S7_S7_EES7_S7_EEfSC_EERKT_RKT0_
                0x0000000000002492       0x58 build/application/lpc40xx/compiled/source/main.cpp.o
                0x0000000000002492                units::unit_t<units::unit<std::ratio<1ll, 1ll>, units::base_unit<std::ratio<0ll, 1ll>, std::ratio<0ll, 1ll>, std::ratio<0ll, 1ll>, std::ratio<0ll, 1ll>, std::ratio<0ll, 1ll>, std::ratio<0ll, 1ll>, std::ratio<0ll, 1ll>, std::ratio<0ll, 1ll>, std::ratio<0ll, 1ll> >, std::ratio<0ll, 1ll>, std::ratio<0ll, 1ll> >, float, units::linear_scale> units::operator/<units::unit_t<units::unit<std::ratio<1000000ll, 1ll>, units::unit<std::ratio<1ll, 1ll>, units::base_unit<std::ratio<0ll, 1ll>, std::ratio<0ll, 1ll>, std::ratio<-1ll, 1ll>, std::ratio<0ll, 1ll>, std::ratio<0ll, 1ll>, std::ratio<0ll, 1ll>, std::ratio<0ll, 1ll>, std::ratio<0ll, 1ll>, std::ratio<0ll, 1ll> >, std::ratio<0ll, 1ll>, std::ratio<0ll, 1ll> >, std::ratio<0ll, 1ll>, std::ratio<0ll, 1ll> >, float, units::linear_scale>, units::unit_t<units::unit<std::ratio<1ll, 1ll>, units::base_unit<std::ratio<0ll, 1ll>, std::ratio<0ll, 1ll>, std::ratio<-1ll, 1ll>, std::ratio<0ll, 1ll>, std::ratio<0ll, 1ll>, std::ratio<0ll, 1ll>, std::ratio<0ll, 1ll>, std::ratio<0ll, 1ll>, std::ratio<0ll, 1ll> >, std::ratio<0ll, 1ll>, std::ratio<0ll, 1ll> >, float, units::linear_scale>, 0>(units::unit_t<units::unit<std::ratio<1000000ll, 1ll>, units::unit<std::ratio<1ll, 1ll>, units::base_unit<std::ratio<0ll, 1ll>, std::ratio<0ll, 1ll>, std::ratio<-1ll, 1ll>, std::ratio<0ll, 1ll>, std::ratio<0ll, 1ll>, std::ratio<0ll, 1ll>, std::ratio<0ll, 1ll>, std::ratio<0ll, 1ll>, std::ratio<0ll, 1ll> >, std::ratio<0ll, 1ll>, std::ratio<0ll, 1ll> >, std::ratio<0ll, 1ll>, std::ratio<0ll, 1ll> >, float, units::linear_scale> const&, units::unit_t<units::unit<std::ratio<1ll, 1ll>, units::base_unit<std::ratio<0ll, 1ll>, std::ratio<0ll, 1ll>, std::ratio<-1ll, 1ll>, std::ratio<0ll, 1ll>, std::ratio<0ll, 1ll>, std::ratio<0ll, 1ll>, std::ratio<0ll, 1ll>, std::ratio<0ll, 1ll>, std::ratio<0ll, 1ll> >, std::ratio<0ll, 1ll>, std::ratio<0ll, 1ll> >, float, units::linear_scale> const&)
 .text._ZNSt6chrono8durationIxSt5ratioILx1ELx1000000EEEC1ImvEERKT_
                0x00000000000024ea       0x24 build/application/lpc40xx/compiled/source/main.cpp.o
                0x00000000000024ea                std::chrono::duration<long long, std::ratio<1ll, 1000000ll> >::duration<unsigned long, void>(unsigned long const&)
 .text._ZN4sjsu5Servo12SetFrequencyEN5units6unit_tINS1_4unitISt5ratioILx1ELx1EENS1_9base_unitIS4_ILx0ELx1EES7_S4_ILxn1ELx1EES7_S7_S7_S7_S7_S7_EES7_S7_EEfNS1_12linear_scaleEEE
                0x000000000000250e       0x70 build/application/lpc40xx/compiled/source/main.cpp.o
                0x000000000000250e                sjsu::Servo::SetFrequency(units::unit_t<units::unit<std::ratio<1ll, 1ll>, units::base_unit<std::ratio<0ll, 1ll>, std::ratio<0ll, 1ll>, std::ratio<-1ll, 1ll>, std::ratio<0ll, 1ll>, std::ratio<0ll, 1ll>, std::ratio<0ll, 1ll>, std::ratio<0ll, 1ll>, std::ratio<0ll, 1ll>, std::ratio<0ll, 1ll> >, std::ratio<0ll, 1ll>, std::ratio<0ll, 1ll> >, float, units::linear_scale>)
 .text._ZN4sjsu5Servo14SetPulseBoundsENSt6chrono8durationIxSt5ratioILx1ELx1000000EEEES5_
                0x000000000000257e       0x2a build/application/lpc40xx/compiled/source/main.cpp.o
                0x000000000000257e                sjsu::Servo::SetPulseBounds(std::chrono::duration<long long, std::ratio<1ll, 1000000ll> >, std::chrono::duration<long long, std::ratio<1ll, 1000000ll> >)
 .text._ZN4sjsu5Servo14SetAngleBoundsEN5units6unit_tINS1_4unitISt5ratioILx1ELx180EENS3_IS4_ILx1ELx1EENS1_9base_unitIS4_ILx0ELx1EES8_S8_S6_S8_S8_S8_S8_S8_EES8_S8_EES6_S8_EEfNS1_12linear_scaleEEESD_
                0x00000000000025a8       0x24 build/application/lpc40xx/compiled/source/main.cpp.o
                0x00000000000025a8                sjsu::Servo::SetAngleBounds(units::unit_t<units::unit<std::ratio<1ll, 180ll>, units::unit<std::ratio<1ll, 1ll>, units::base_unit<std::ratio<0ll, 1ll>, std::ratio<0ll, 1ll>, std::ratio<0ll, 1ll>, std::ratio<1ll, 1ll>, std::ratio<0ll, 1ll>, std::ratio<0ll, 1ll>, std::ratio<0ll, 1ll>, std::ratio<0ll, 1ll>, std::ratio<0ll, 1ll> >, std::ratio<0ll, 1ll>, std::ratio<0ll, 1ll> >, std::ratio<1ll, 1ll>, std::ratio<0ll, 1ll> >, float, units::linear_scale>, units::unit_t<units::unit<std::ratio<1ll, 180ll>, units::unit<std::ratio<1ll, 1ll>, units::base_unit<std::ratio<0ll, 1ll>, std::ratio<0ll, 1ll>, std::ratio<0ll, 1ll>, std::ratio<1ll, 1ll>, std::ratio<0ll, 1ll>, std::ratio<0ll, 1ll>, std::ratio<0ll, 1ll>, std::ratio<0ll, 1ll>, std::ratio<0ll, 1ll> >, std::ratio<0ll, 1ll>, std::ratio<0ll, 1ll> >, std::ratio<1ll, 1ll>, std::ratio<0ll, 1ll> >, float, units::linear_scale>)
 .text._ZNKSt6chrono8durationIxSt5ratioILx1ELx1000000EEE5countEv
                0x00000000000025cc       0x1a build/application/lpc40xx/compiled/source/main.cpp.o
                0x00000000000025cc                std::chrono::duration<long long, std::ratio<1ll, 1000000ll> >::count() const
 .text._ZN4sjsu5Servo27SetPulseWidthInMicrosecondsENSt6chrono8durationIxSt5ratioILx1ELx1000000EEEE
                0x00000000000025e6       0x68 build/application/lpc40xx/compiled/source/main.cpp.o
                0x00000000000025e6                sjsu::Servo::SetPulseWidthInMicroseconds(std::chrono::duration<long long, std::ratio<1ll, 1000000ll> >)
 .text._ZNK5units6unit_tINS_4unitISt5ratioILx1ELx180EENS1_IS2_ILx1ELx1EENS_9base_unitIS2_ILx0ELx1EES6_S6_S4_S6_S6_S6_S6_S6_EES6_S6_EES4_S6_EEfNS_12linear_scaleEE2toIfvEET_v
                0x000000000000264e       0x1c build/application/lpc40xx/compiled/source/main.cpp.o
                0x000000000000264e                float units::unit_t<units::unit<std::ratio<1ll, 180ll>, units::unit<std::ratio<1ll, 1ll>, units::base_unit<std::ratio<0ll, 1ll>, std::ratio<0ll, 1ll>, std::ratio<0ll, 1ll>, std::ratio<1ll, 1ll>, std::ratio<0ll, 1ll>, std::ratio<0ll, 1ll>, std::ratio<0ll, 1ll>, std::ratio<0ll, 1ll>, std::ratio<0ll, 1ll> >, std::ratio<0ll, 1ll>, std::ratio<0ll, 1ll> >, std::ratio<1ll, 1ll>, std::ratio<0ll, 1ll> >, float, units::linear_scale>::to<float, void>() const
 .text._ZNK5units6unit_tINS_4unitISt5ratioILx1ELx180EENS1_IS2_ILx1ELx1EENS_9base_unitIS2_ILx0ELx1EES6_S6_S4_S6_S6_S6_S6_S6_EES6_S6_EES4_S6_EEfNS_12linear_scaleEEcvT_IfLi0EEEv
                0x000000000000266a       0x1e build/application/lpc40xx/compiled/source/main.cpp.o
                0x000000000000266a                units::unit_t<units::unit<std::ratio<1ll, 180ll>, units::unit<std::ratio<1ll, 1ll>, units::base_unit<std::ratio<0ll, 1ll>, std::ratio<0ll, 1ll>, std::ratio<0ll, 1ll>, std::ratio<1ll, 1ll>, std::ratio<0ll, 1ll>, std::ratio<0ll, 1ll>, std::ratio<0ll, 1ll>, std::ratio<0ll, 1ll>, std::ratio<0ll, 1ll> >, std::ratio<0ll, 1ll>, std::ratio<0ll, 1ll> >, std::ratio<1ll, 1ll>, std::ratio<0ll, 1ll> >, float, units::linear_scale>::operator float<float, 0>() const
 .text._ZN4sjsu5Servo8SetAngleEN5units6unit_tINS1_4unitISt5ratioILx1ELx180EENS3_IS4_ILx1ELx1EENS1_9base_unitIS4_ILx0ELx1EES8_S8_S6_S8_S8_S8_S8_S8_EES8_S8_EES6_S8_EEfNS1_12linear_scaleEEE
                0x0000000000002688       0xbc build/application/lpc40xx/compiled/source/main.cpp.o
                0x0000000000002688                sjsu::Servo::SetAngle(units::unit_t<units::unit<std::ratio<1ll, 180ll>, units::unit<std::ratio<1ll, 1ll>, units::base_unit<std::ratio<0ll, 1ll>, std::ratio<0ll, 1ll>, std::ratio<0ll, 1ll>, std::ratio<1ll, 1ll>, std::ratio<0ll, 1ll>, std::ratio<0ll, 1ll>, std::ratio<0ll, 1ll>, std::ratio<0ll, 1ll>, std::ratio<0ll, 1ll> >, std::ratio<0ll, 1ll>, std::ratio<0ll, 1ll> >, std::ratio<1ll, 1ll>, std::ratio<0ll, 1ll> >, float, units::linear_scale>)
 .text._ZNSt6chrono15duration_valuesIxE3maxEv
                0x0000000000002744       0x12 build/application/lpc40xx/compiled/source/main.cpp.o
                0x0000000000002744                std::chrono::duration_values<long long>::max()
 .text._ZNSt6chrono8durationIxSt5ratioILx1ELx1000000EEE3maxEv
                0x0000000000002756       0x28 build/application/lpc40xx/compiled/source/main.cpp.o
                0x0000000000002756                std::chrono::duration<long long, std::ratio<1ll, 1000000ll> >::max()
 *fill*         0x000000000000277e        0x2 ff
 .text._Z9vUartTaskPv
                0x0000000000002780      0x150 build/application/lpc40xx/compiled/source/main.cpp.o
                0x0000000000002780                vUartTask(void*)
 .text._ZNSt6chrono8durationIxSt5ratioILx1ELx1000000EEEC1IivEERKT_
                0x00000000000028d0       0x24 build/application/lpc40xx/compiled/source/main.cpp.o
                0x00000000000028d0                std::chrono::duration<long long, std::ratio<1ll, 1000000ll> >::duration<int, void>(int const&)
 .text._ZN4sjsu3AdcC2ERKS0_
                0x00000000000028f4       0x24 build/application/lpc40xx/compiled/source/main.cpp.o
                0x00000000000028f4                sjsu::Adc::Adc(sjsu::Adc const&)
                0x00000000000028f4                sjsu::Adc::Adc(sjsu::Adc const&)
 .text._ZN4sjsu7lpc40xx3AdcC2ERKS1_
                0x0000000000002918       0x3c build/application/lpc40xx/compiled/source/main.cpp.o
                0x0000000000002918                sjsu::lpc40xx::Adc::Adc(sjsu::lpc40xx::Adc const&)
                0x0000000000002918                sjsu::lpc40xx::Adc::Adc(sjsu::lpc40xx::Adc const&)
 .text._ZN4sjsu5ServoC2ERKS0_
                0x0000000000002954       0x5c build/application/lpc40xx/compiled/source/main.cpp.o
                0x0000000000002954                sjsu::Servo::Servo(sjsu::Servo const&)
                0x0000000000002954                sjsu::Servo::Servo(sjsu::Servo const&)
 .text._Z22vSensorAndActuatorTaskPv
                0x00000000000029b0      0x544 build/application/lpc40xx/compiled/source/main.cpp.o
                0x00000000000029b0                vSensorAndActuatorTask(void*)
 .text.main     0x0000000000002ef4       0x70 build/application/lpc40xx/compiled/source/main.cpp.o
                0x0000000000002ef4                main
 .text._ZN4sjsu3bit6InsertImhEET_S2_T0_NS0_4MaskE
                0x0000000000002f64       0x26 build/application/lpc40xx/compiled/source/main.cpp.o
                0x0000000000002f64                unsigned long sjsu::bit::Insert<unsigned long, unsigned char>(unsigned long, unsigned char, sjsu::bit::Mask)
 .text._ZN5unitsdvINS_6unit_tINS_4unitISt5ratioILx1ELx1EENS_9base_unitIS3_ILx0ELx1EES6_S3_ILxn1ELx1EES6_S6_S6_S6_S6_S6_EES6_S6_EEfNS_12linear_scaleEEEmLi0EEET_RKSC_T0_
                0x0000000000002f8a       0x3c build/application/lpc40xx/compiled/source/main.cpp.o
                0x0000000000002f8a                units::unit_t<units::unit<std::ratio<1ll, 1ll>, units::base_unit<std::ratio<0ll, 1ll>, std::ratio<0ll, 1ll>, std::ratio<-1ll, 1ll>, std::ratio<0ll, 1ll>, std::ratio<0ll, 1ll>, std::ratio<0ll, 1ll>, std::ratio<0ll, 1ll>, std::ratio<0ll, 1ll>, std::ratio<0ll, 1ll> >, std::ratio<0ll, 1ll>, std::ratio<0ll, 1ll> >, float, units::linear_scale> units::operator/<units::unit_t<units::unit<std::ratio<1ll, 1ll>, units::base_unit<std::ratio<0ll, 1ll>, std::ratio<0ll, 1ll>, std::ratio<-1ll, 1ll>, std::ratio<0ll, 1ll>, std::ratio<0ll, 1ll>, std::ratio<0ll, 1ll>, std::ratio<0ll, 1ll>, std::ratio<0ll, 1ll>, std::ratio<0ll, 1ll> >, std::ratio<0ll, 1ll>, std::ratio<0ll, 1ll> >, float, units::linear_scale>, unsigned long, 0>(units::unit_t<units::unit<std::ratio<1ll, 1ll>, units::base_unit<std::ratio<0ll, 1ll>, std::ratio<0ll, 1ll>, std::ratio<-1ll, 1ll>, std::ratio<0ll, 1ll>, std::ratio<0ll, 1ll>, std::ratio<0ll, 1ll>, std::ratio<0ll, 1ll>, std::ratio<0ll, 1ll>, std::ratio<0ll, 1ll> >, std::ratio<0ll, 1ll>, std::ratio<0ll, 1ll> >, float, units::linear_scale> const&, unsigned long)
 .text._ZNSt6chrono8durationIxSt5ratioILx1ELx1000000EEEppEi
                0x0000000000002fc6       0x36 build/application/lpc40xx/compiled/source/main.cpp.o
                0x0000000000002fc6                std::chrono::duration<long long, std::ratio<1ll, 1000000ll> >::operator++(int)
 .text._ZNSt6chronoeqIxSt5ratioILx1ELx1000000EExS2_EEbRKNS_8durationIT_T0_EERKNS3_IT1_T2_EE
                0x0000000000002ffc       0x4e build/application/lpc40xx/compiled/source/main.cpp.o
                0x0000000000002ffc                bool std::chrono::operator==<long long, std::ratio<1ll, 1000000ll>, long long, std::ratio<1ll, 1000000ll> >(std::chrono::duration<long long, std::ratio<1ll, 1000000ll> > const&, std::chrono::duration<long long, std::ratio<1ll, 1000000ll> > const&)
 .text._ZNK5units6unit_tINS_4unitISt5ratioILx1000000ELx1EENS1_IS2_ILx1ELx1EENS_9base_unitIS2_ILx0ELx1EES6_S2_ILxn1ELx1EES6_S6_S6_S6_S6_S6_EES6_S6_EES6_S6_EEfNS_12linear_scaleEEgtISA_fSB_EEbRKNS0_IT_T0_T1_EE
                0x000000000000304a       0x3c build/application/lpc40xx/compiled/source/main.cpp.o
                0x000000000000304a                bool units::unit_t<units::unit<std::ratio<1000000ll, 1ll>, units::unit<std::ratio<1ll, 1ll>, units::base_unit<std::ratio<0ll, 1ll>, std::ratio<0ll, 1ll>, std::ratio<-1ll, 1ll>, std::ratio<0ll, 1ll>, std::ratio<0ll, 1ll>, std::ratio<0ll, 1ll>, std::ratio<0ll, 1ll>, std::ratio<0ll, 1ll>, std::ratio<0ll, 1ll> >, std::ratio<0ll, 1ll>, std::ratio<0ll, 1ll> >, std::ratio<0ll, 1ll>, std::ratio<0ll, 1ll> >, float, units::linear_scale>::operator><units::unit<std::ratio<1000000ll, 1ll>, units::unit<std::ratio<1ll, 1ll>, units::base_unit<std::ratio<0ll, 1ll>, std::ratio<0ll, 1ll>, std::ratio<-1ll, 1ll>, std::ratio<0ll, 1ll>, std::ratio<0ll, 1ll>, std::ratio<0ll, 1ll>, std::ratio<0ll, 1ll>, std::ratio<0ll, 1ll>, std::ratio<0ll, 1ll> >, std::ratio<0ll, 1ll>, std::ratio<0ll, 1ll> >, std::ratio<0ll, 1ll>, std::ratio<0ll, 1ll> >, float, units::linear_scale>(units::unit_t<units::unit<std::ratio<1000000ll, 1ll>, units::unit<std::ratio<1ll, 1ll>, units::base_unit<std::ratio<0ll, 1ll>, std::ratio<0ll, 1ll>, std::ratio<-1ll, 1ll>, std::ratio<0ll, 1ll>, std::ratio<0ll, 1ll>, std::ratio<0ll, 1ll>, std::ratio<0ll, 1ll>, std::ratio<0ll, 1ll>, std::ratio<0ll, 1ll> >, std::ratio<0ll, 1ll>, std::ratio<0ll, 1ll> >, std::ratio<0ll, 1ll>, std::ratio<0ll, 1ll> >, float, units::linear_scale> const&) const
 .text._ZN5units6unit_tINS_4unitISt5ratioILx1ELx1EENS_9base_unitIS2_ILx0ELx1EES5_S2_ILxn1ELx1EES5_S5_S5_S5_S5_S5_EES5_S5_EEfNS_12linear_scaleEEaSINS1_IS2_ILx1000000ELx1EES8_S5_S5_EEfS9_EERSA_RKNS0_IT_T0_T1_EE
                0x0000000000003086       0x26 build/application/lpc40xx/compiled/source/main.cpp.o
                0x0000000000003086                units::unit_t<units::unit<std::ratio<1ll, 1ll>, units::base_unit<std::ratio<0ll, 1ll>, std::ratio<0ll, 1ll>, std::ratio<-1ll, 1ll>, std::ratio<0ll, 1ll>, std::ratio<0ll, 1ll>, std::ratio<0ll, 1ll>, std::ratio<0ll, 1ll>, std::ratio<0ll, 1ll>, std::ratio<0ll, 1ll> >, std::ratio<0ll, 1ll>, std::ratio<0ll, 1ll> >, float, units::linear_scale>& units::unit_t<units::unit<std::ratio<1ll, 1ll>, units::base_unit<std::ratio<0ll, 1ll>, std::ratio<0ll, 1ll>, std::ratio<-1ll, 1ll>, std::ratio<0ll, 1ll>, std::ratio<0ll, 1ll>, std::ratio<0ll, 1ll>, std::ratio<0ll, 1ll>, std::ratio<0ll, 1ll>, std::ratio<0ll, 1ll> >, std::ratio<0ll, 1ll>, std::ratio<0ll, 1ll> >, float, units::linear_scale>::operator=<units::unit<std::ratio<1000000ll, 1ll>, units::unit<std::ratio<1ll, 1ll>, units::base_unit<std::ratio<0ll, 1ll>, std::ratio<0ll, 1ll>, std::ratio<-1ll, 1ll>, std::ratio<0ll, 1ll>, std::ratio<0ll, 1ll>, std::ratio<0ll, 1ll>, std::ratio<0ll, 1ll>, std::ratio<0ll, 1ll>, std::ratio<0ll, 1ll> >, std::ratio<0ll, 1ll>, std::ratio<0ll, 1ll> >, std::ratio<0ll, 1ll>, std::ratio<0ll, 1ll> >, float, units::linear_scale>(units::unit_t<units::unit<std::ratio<1000000ll, 1ll>, units::unit<std::ratio<1ll, 1ll>, units::base_unit<std::ratio<0ll, 1ll>, std::ratio<0ll, 1ll>, std::ratio<-1ll, 1ll>, std::ratio<0ll, 1ll>, std::ratio<0ll, 1ll>, std::ratio<0ll, 1ll>, std::ratio<0ll, 1ll>, std::ratio<0ll, 1ll>, std::ratio<0ll, 1ll> >, std::ratio<0ll, 1ll>, std::ratio<0ll, 1ll> >, std::ratio<0ll, 1ll>, std::ratio<0ll, 1ll> >, float, units::linear_scale> const&)
 .text._ZN4sjsu3bit3SetImEET_S2_m
                0x00000000000030ac       0x24 build/application/lpc40xx/compiled/source/main.cpp.o
                0x00000000000030ac                unsigned long sjsu::bit::Set<unsigned long>(unsigned long, unsigned long)
 .text._ZN4sjsu3bit5ClearImEET_S2_m
                0x00000000000030d0       0x26 build/application/lpc40xx/compiled/source/main.cpp.o
                0x00000000000030d0                unsigned long sjsu::bit::Clear<unsigned long>(unsigned long, unsigned long)
 .text._ZN4sjsu3bit6InsertImmEET_S2_T0_NS0_4MaskE
                0x00000000000030f6       0x24 build/application/lpc40xx/compiled/source/main.cpp.o
                0x00000000000030f6                unsigned long sjsu::bit::Insert<unsigned long, unsigned long>(unsigned long, unsigned long, sjsu::bit::Mask)
 .text._ZNK5units6unit_tINS_4unitISt5ratioILx1ELx1EENS_9base_unitIS2_ILx0ELx1EES5_S5_S5_S5_S5_S5_S5_S5_EES5_S5_EEfNS_12linear_scaleEEcvT_ImLi0EEEv
                0x000000000000311a       0x36 build/application/lpc40xx/compiled/source/main.cpp.o
                0x000000000000311a                units::unit_t<units::unit<std::ratio<1ll, 1ll>, units::base_unit<std::ratio<0ll, 1ll>, std::ratio<0ll, 1ll>, std::ratio<0ll, 1ll>, std::ratio<0ll, 1ll>, std::ratio<0ll, 1ll>, std::ratio<0ll, 1ll>, std::ratio<0ll, 1ll>, std::ratio<0ll, 1ll>, std::ratio<0ll, 1ll> >, std::ratio<0ll, 1ll>, std::ratio<0ll, 1ll> >, float, units::linear_scale>::operator unsigned long<unsigned long, 0>() const
 .text._ZN4sjsu3bit4ReadImEEbT_m
                0x0000000000003150       0x2e build/application/lpc40xx/compiled/source/main.cpp.o
                0x0000000000003150                bool sjsu::bit::Read<unsigned long>(unsigned long, unsigned long)
 .text._ZN4sjsu3bit4ReadIhEEbT_m
                0x000000000000317e       0x2e build/application/lpc40xx/compiled/source/main.cpp.o
                0x000000000000317e                bool sjsu::bit::Read<unsigned char>(unsigned char, unsigned long)
 .text._ZN4sjsu3bit4ReadImEEbT_NS0_4MaskE
                0x00000000000031ac       0x1e build/application/lpc40xx/compiled/source/main.cpp.o
                0x00000000000031ac                bool sjsu::bit::Read<unsigned long>(unsigned long, sjsu::bit::Mask)
 .text._ZN4sjsu3bit3SetImEET_S2_NS0_4MaskE
                0x00000000000031ca       0x1e build/application/lpc40xx/compiled/source/main.cpp.o
                0x00000000000031ca                unsigned long sjsu::bit::Set<unsigned long>(unsigned long, sjsu::bit::Mask)
 .text._ZN4sjsu3bit7ExtractImEET_S2_NS0_4MaskE
                0x00000000000031e8       0x22 build/application/lpc40xx/compiled/source/main.cpp.o
                0x00000000000031e8                unsigned long sjsu::bit::Extract<unsigned long>(unsigned long, sjsu::bit::Mask)
 .text._ZN4sjsu3bit6InsertImiEET_S2_T0_NS0_4MaskE
                0x000000000000320a       0x24 build/application/lpc40xx/compiled/source/main.cpp.o
                0x000000000000320a                unsigned long sjsu::bit::Insert<unsigned long, int>(unsigned long, int, sjsu::bit::Mask)
 .text._ZN4sjsu3bit5ClearImEET_S2_NS0_4MaskE
                0x000000000000322e       0x1e build/application/lpc40xx/compiled/source/main.cpp.o
                0x000000000000322e                unsigned long sjsu::bit::Clear<unsigned long>(unsigned long, sjsu::bit::Mask)
 .text._ZN5units6detailL7convertINS_4unitISt5ratioILx1ELx1EENS_9base_unitIS3_ILx0ELx1EES6_S3_ILxn1ELx1EES6_S6_S6_S6_S6_S6_EES6_S6_EENS2_IS3_ILx1000000ELx1EES9_S6_S6_EES3_ILx1ELx1000000EES6_S6_fEET4_RKSD_St17integral_constantIbLb0EESH_SH_
                0x000000000000324c       0x34 build/application/lpc40xx/compiled/source/main.cpp.o
 .text._ZN4sjsu3MapIfffEET1_T_T0_S3_S1_S1_
                0x0000000000003280       0x82 build/application/lpc40xx/compiled/source/main.cpp.o
                0x0000000000003280                float sjsu::Map<float, float, float>(float, float, float, float, float)
 .text._ZN4sjsu3MapIffiEET1_T_T0_S3_S1_S1_
                0x0000000000003302       0x96 build/application/lpc40xx/compiled/source/main.cpp.o
                0x0000000000003302                int sjsu::Map<float, float, int>(float, float, float, int, int)
 .text._ZN4sjsu3MapIfifEET1_T_T0_S3_S1_S1_
                0x0000000000003398       0x92 build/application/lpc40xx/compiled/source/main.cpp.o
                0x0000000000003398                float sjsu::Map<float, int, float>(float, int, int, float, float)
 .text._ZN4sjsu3bit6InsertImhEET_S2_T0_mm
                0x000000000000342a       0x5a build/application/lpc40xx/compiled/source/main.cpp.o
                0x000000000000342a                unsigned long sjsu::bit::Insert<unsigned long, unsigned char>(unsigned long, unsigned char, unsigned long, unsigned long)
 .text._ZNSt6chronoplIxSt5ratioILx1ELx1000000EExS2_EENSt11common_typeIJNS_8durationIT_T0_EENS4_IT1_T2_EEEE4typeERKS7_RKSA_
                0x0000000000003484       0x5a build/application/lpc40xx/compiled/source/main.cpp.o
                0x0000000000003484                std::common_type<std::chrono::duration<long long, std::ratio<1ll, 1000000ll> >, std::chrono::duration<long long, std::ratio<1ll, 1000000ll> > >::type std::chrono::operator+<long long, std::ratio<1ll, 1000000ll>, long long, std::ratio<1ll, 1000000ll> >(std::chrono::duration<long long, std::ratio<1ll, 1000000ll> > const&, std::chrono::duration<long long, std::ratio<1ll, 1000000ll> > const&)
 .text._ZNSt6chronoltIxSt5ratioILx1ELx1000000EExS2_EEbRKNS_8durationIT_T0_EERKNS3_IT1_T2_EE
                0x00000000000034de       0x50 build/application/lpc40xx/compiled/source/main.cpp.o
                0x00000000000034de                bool std::chrono::operator< <long long, std::ratio<1ll, 1000000ll>, long long, std::ratio<1ll, 1000000ll> >(std::chrono::duration<long long, std::ratio<1ll, 1000000ll> > const&, std::chrono::duration<long long, std::ratio<1ll, 1000000ll> > const&)
 .text._ZN4sjsu3bit6InsertImmEET_S2_T0_mm
                0x000000000000352e       0x58 build/application/lpc40xx/compiled/source/main.cpp.o
                0x000000000000352e                unsigned long sjsu::bit::Insert<unsigned long, unsigned long>(unsigned long, unsigned long, unsigned long, unsigned long)
 .text._ZN5unitsL7convertINS_4unitISt5ratioILx1ELx1EENS_9base_unitIS2_ILx0ELx1EES5_S5_S5_S5_S5_S5_S5_S5_EES5_S5_EES7_fEET1_RKS8_
                0x0000000000003586       0x1c build/application/lpc40xx/compiled/source/main.cpp.o
 .text._ZN4sjsu3bit7ExtractImEET_S2_mm
                0x00000000000035a2       0x3c build/application/lpc40xx/compiled/source/main.cpp.o
                0x00000000000035a2                unsigned long sjsu::bit::Extract<unsigned long>(unsigned long, unsigned long, unsigned long)
 .text._ZN4sjsu3bit6InsertImiEET_S2_T0_mm
                0x00000000000035de       0x58 build/application/lpc40xx/compiled/source/main.cpp.o
                0x00000000000035de                unsigned long sjsu::bit::Insert<unsigned long, int>(unsigned long, int, unsigned long, unsigned long)
 .text._ZN5units6detailL7convertINS_4unitISt5ratioILx1ELx1EENS_9base_unitIS3_ILx0ELx1EES6_S6_S6_S6_S6_S6_S6_S6_EES6_S6_EES8_S4_S6_S6_fEET4_RKS9_St17integral_constantIbLb1EESC_IbLb0EESE_
                0x0000000000003636       0x24 build/application/lpc40xx/compiled/source/main.cpp.o
 *fill*         0x000000000000365a        0x2 ff
 .text._Z41__static_initialization_and_destruction_0ii
                0x000000000000365c      0x250 build/application/lpc40xx/compiled/source/main.cpp.o
 .text._GLOBAL__sub_I_xUartTaskHandle
                0x00000000000038ac       0x10 build/application/lpc40xx/compiled/source/main.cpp.o
 .text._ZN4sjsu21InitializeDataSectionEv
                0x00000000000038bc       0x9c /home/colin/Robotics2020/SeniorProject/library/static_libraries/lpc40xx/liblpc40xx.a(exceptions.cpp.o)
                0x00000000000038bc                sjsu::InitializeDataSection()
 .text._ZN4sjsu20InitializeBssSectionEv
                0x0000000000003958       0x6c /home/colin/Robotics2020/SeniorProject/library/static_libraries/lpc40xx/liblpc40xx.a(exceptions.cpp.o)
                0x0000000000003958                sjsu::InitializeBssSection()
 .text._ZN4sjsu16SystemInitializeEv
                0x00000000000039c4       0x14 /home/colin/Robotics2020/SeniorProject/library/static_libraries/lpc40xx/liblpc40xx.a(exceptions.cpp.o)
                0x00000000000039c4                sjsu::SystemInitialize()
 .text.GetRegistersFromStack
                0x00000000000039d8       0x7c /home/colin/Robotics2020/SeniorProject/library/static_libraries/lpc40xx/liblpc40xx.a(exceptions.cpp.o)
                0x00000000000039d8                GetRegistersFromStack
 .text.ArmHardFaultHandler
                0x0000000000003a54       0x26 /home/colin/Robotics2020/SeniorProject/library/static_libraries/lpc40xx/liblpc40xx.a(exceptions.cpp.o)
                0x0000000000003a54                ArmHardFaultHandler
 *fill*         0x0000000000003a7a        0x2 ff
 .text.ArmResetHandler
                0x0000000000003a7c       0x70 /home/colin/Robotics2020/SeniorProject/library/static_libraries/lpc40xx/liblpc40xx.a(exceptions.cpp.o)
                0x0000000000003a7c                ArmResetHandler
 .text._Z41__static_initialization_and_destruction_0ii
                0x0000000000003aec       0x44 /home/colin/Robotics2020/SeniorProject/library/static_libraries/lpc40xx/liblpc40xx.a(exceptions.cpp.o)
 .text._GLOBAL__sub_I_GetRegistersFromStack
                0x0000000000003b30       0x10 /home/colin/Robotics2020/SeniorProject/library/static_libraries/lpc40xx/liblpc40xx.a(exceptions.cpp.o)
 .text.vListInitialise
                0x0000000000003b40       0x40 /home/colin/Robotics2020/SeniorProject/library/static_libraries/lpc40xx/libfreertos.a(list.c.o)
                0x0000000000003b40                vListInitialise
 .text.vListInitialiseItem
                0x0000000000003b80       0x1a /home/colin/Robotics2020/SeniorProject/library/static_libraries/lpc40xx/libfreertos.a(list.c.o)
                0x0000000000003b80                vListInitialiseItem
 .text.vListInsertEnd
                0x0000000000003b9a       0x48 /home/colin/Robotics2020/SeniorProject/library/static_libraries/lpc40xx/libfreertos.a(list.c.o)
                0x0000000000003b9a                vListInsertEnd
 .text.vListInsert
                0x0000000000003be2       0x72 /home/colin/Robotics2020/SeniorProject/library/static_libraries/lpc40xx/libfreertos.a(list.c.o)
                0x0000000000003be2                vListInsert
 .text.uxListRemove
                0x0000000000003c54       0x54 /home/colin/Robotics2020/SeniorProject/library/static_libraries/lpc40xx/libfreertos.a(list.c.o)
                0x0000000000003c54                uxListRemove
 .text.xTaskCreateStatic
                0x0000000000003ca8       0x60 /home/colin/Robotics2020/SeniorProject/library/static_libraries/lpc40xx/libfreertos.a(tasks.c.o)
                0x0000000000003ca8                xTaskCreateStatic
 .text.xTaskCreate
                0x0000000000003d08       0x8a /home/colin/Robotics2020/SeniorProject/library/static_libraries/lpc40xx/libfreertos.a(tasks.c.o)
                0x0000000000003d08                xTaskCreate
 .text.prvInitialiseNewTask
                0x0000000000003d92       0xf4 /home/colin/Robotics2020/SeniorProject/library/static_libraries/lpc40xx/libfreertos.a(tasks.c.o)
 *fill*         0x0000000000003e86        0x2 ff
 .text.prvAddNewTaskToReadyList
                0x0000000000003e88       0xdc /home/colin/Robotics2020/SeniorProject/library/static_libraries/lpc40xx/libfreertos.a(tasks.c.o)
 .text.vTaskDelay
                0x0000000000003f64       0x48 /home/colin/Robotics2020/SeniorProject/library/static_libraries/lpc40xx/libfreertos.a(tasks.c.o)
                0x0000000000003f64                vTaskDelay
 .text.vTaskStartScheduler
                0x0000000000003fac       0xac /home/colin/Robotics2020/SeniorProject/library/static_libraries/lpc40xx/libfreertos.a(tasks.c.o)
                0x0000000000003fac                vTaskStartScheduler
 .text.vTaskSuspendAll
                0x0000000000004058       0x1c /home/colin/Robotics2020/SeniorProject/library/static_libraries/lpc40xx/libfreertos.a(tasks.c.o)
                0x0000000000004058                vTaskSuspendAll
 .text.xTaskResumeAll
                0x0000000000004074      0x11c /home/colin/Robotics2020/SeniorProject/library/static_libraries/lpc40xx/libfreertos.a(tasks.c.o)
                0x0000000000004074                xTaskResumeAll
 .text.xTaskGetTickCount
                0x0000000000004190       0x20 /home/colin/Robotics2020/SeniorProject/library/static_libraries/lpc40xx/libfreertos.a(tasks.c.o)
                0x0000000000004190                xTaskGetTickCount
 .text.xTaskIncrementTick
                0x00000000000041b0      0x158 /home/colin/Robotics2020/SeniorProject/library/static_libraries/lpc40xx/libfreertos.a(tasks.c.o)
                0x00000000000041b0                xTaskIncrementTick
 .text.vTaskSwitchContext
                0x0000000000004308       0xc4 /home/colin/Robotics2020/SeniorProject/library/static_libraries/lpc40xx/libfreertos.a(tasks.c.o)
                0x0000000000004308                vTaskSwitchContext
 .text.vTaskPlaceOnEventList
                0x00000000000043cc       0x2c /home/colin/Robotics2020/SeniorProject/library/static_libraries/lpc40xx/libfreertos.a(tasks.c.o)
                0x00000000000043cc                vTaskPlaceOnEventList
 .text.vTaskPlaceOnEventListRestricted
                0x00000000000043f8       0x3c /home/colin/Robotics2020/SeniorProject/library/static_libraries/lpc40xx/libfreertos.a(tasks.c.o)
                0x00000000000043f8                vTaskPlaceOnEventListRestricted
 .text.xTaskRemoveFromEventList
                0x0000000000004434       0xa8 /home/colin/Robotics2020/SeniorProject/library/static_libraries/lpc40xx/libfreertos.a(tasks.c.o)
                0x0000000000004434                xTaskRemoveFromEventList
 .text.vTaskInternalSetTimeOutState
                0x00000000000044dc       0x2c /home/colin/Robotics2020/SeniorProject/library/static_libraries/lpc40xx/libfreertos.a(tasks.c.o)
                0x00000000000044dc                vTaskInternalSetTimeOutState
 .text.xTaskCheckForTimeOut
                0x0000000000004508       0x8c /home/colin/Robotics2020/SeniorProject/library/static_libraries/lpc40xx/libfreertos.a(tasks.c.o)
                0x0000000000004508                xTaskCheckForTimeOut
 .text.vTaskMissedYield
                0x0000000000004594       0x18 /home/colin/Robotics2020/SeniorProject/library/static_libraries/lpc40xx/libfreertos.a(tasks.c.o)
                0x0000000000004594                vTaskMissedYield
 .text.prvIdleTask
                0x00000000000045ac        0xe /home/colin/Robotics2020/SeniorProject/library/static_libraries/lpc40xx/libfreertos.a(tasks.c.o)
 *fill*         0x00000000000045ba        0x2 ff
 .text.prvInitialiseTaskLists
                0x00000000000045bc       0x80 /home/colin/Robotics2020/SeniorProject/library/static_libraries/lpc40xx/libfreertos.a(tasks.c.o)
 .text.prvCheckTasksWaitingTermination
                0x000000000000463c       0x58 /home/colin/Robotics2020/SeniorProject/library/static_libraries/lpc40xx/libfreertos.a(tasks.c.o)
 .text.prvDeleteTCB
                0x0000000000004694       0x3c /home/colin/Robotics2020/SeniorProject/library/static_libraries/lpc40xx/libfreertos.a(tasks.c.o)
 .text.prvResetNextTaskUnblockTime
                0x00000000000046d0       0x4c /home/colin/Robotics2020/SeniorProject/library/static_libraries/lpc40xx/libfreertos.a(tasks.c.o)
 .text.xTaskGetSchedulerState
                0x000000000000471c       0x3c /home/colin/Robotics2020/SeniorProject/library/static_libraries/lpc40xx/libfreertos.a(tasks.c.o)
                0x000000000000471c                xTaskGetSchedulerState
 .text.xTaskPriorityDisinherit
                0x0000000000004758       0xc8 /home/colin/Robotics2020/SeniorProject/library/static_libraries/lpc40xx/libfreertos.a(tasks.c.o)
                0x0000000000004758                xTaskPriorityDisinherit
 .text.prvAddCurrentTaskToDelayedList
                0x0000000000004820       0xcc /home/colin/Robotics2020/SeniorProject/library/static_libraries/lpc40xx/libfreertos.a(tasks.c.o)
 .text.xQueueGenericReset
                0x00000000000048ec       0xb4 /home/colin/Robotics2020/SeniorProject/library/static_libraries/lpc40xx/libfreertos.a(queue.c.o)
                0x00000000000048ec                xQueueGenericReset
 .text.xQueueGenericCreateStatic
                0x00000000000049a0       0x3e /home/colin/Robotics2020/SeniorProject/library/static_libraries/lpc40xx/libfreertos.a(queue.c.o)
                0x00000000000049a0                xQueueGenericCreateStatic
 .text.xQueueGenericCreate
                0x00000000000049de       0x60 /home/colin/Robotics2020/SeniorProject/library/static_libraries/lpc40xx/libfreertos.a(queue.c.o)
                0x00000000000049de                xQueueGenericCreate
 .text.prvInitialiseNewQueue
                0x0000000000004a3e       0x46 /home/colin/Robotics2020/SeniorProject/library/static_libraries/lpc40xx/libfreertos.a(queue.c.o)
 .text.xQueueGenericSend
                0x0000000000004a84      0x154 /home/colin/Robotics2020/SeniorProject/library/static_libraries/lpc40xx/libfreertos.a(queue.c.o)
                0x0000000000004a84                xQueueGenericSend
 .text.xQueueGenericSendFromISR
                0x0000000000004bd8       0xb2 /home/colin/Robotics2020/SeniorProject/library/static_libraries/lpc40xx/libfreertos.a(queue.c.o)
                0x0000000000004bd8                xQueueGenericSendFromISR
 *fill*         0x0000000000004c8a        0x2 ff
 .text.xQueueReceive
                0x0000000000004c8c      0x144 /home/colin/Robotics2020/SeniorProject/library/static_libraries/lpc40xx/libfreertos.a(queue.c.o)
                0x0000000000004c8c                xQueueReceive
 .text.prvCopyDataToQueue
                0x0000000000004dd0       0xd4 /home/colin/Robotics2020/SeniorProject/library/static_libraries/lpc40xx/libfreertos.a(queue.c.o)
 .text.prvCopyDataFromQueue
                0x0000000000004ea4       0x4c /home/colin/Robotics2020/SeniorProject/library/static_libraries/lpc40xx/libfreertos.a(queue.c.o)
 .text.prvUnlockQueue
                0x0000000000004ef0       0xa4 /home/colin/Robotics2020/SeniorProject/library/static_libraries/lpc40xx/libfreertos.a(queue.c.o)
 .text.prvIsQueueEmpty
                0x0000000000004f94       0x2c /home/colin/Robotics2020/SeniorProject/library/static_libraries/lpc40xx/libfreertos.a(queue.c.o)
 .text.prvIsQueueFull
                0x0000000000004fc0       0x30 /home/colin/Robotics2020/SeniorProject/library/static_libraries/lpc40xx/libfreertos.a(queue.c.o)
 .text.vQueueAddToRegistry
                0x0000000000004ff0       0x50 /home/colin/Robotics2020/SeniorProject/library/static_libraries/lpc40xx/libfreertos.a(queue.c.o)
                0x0000000000004ff0                vQueueAddToRegistry
 .text.vQueueWaitForMessageRestricted
                0x0000000000005040       0x68 /home/colin/Robotics2020/SeniorProject/library/static_libraries/lpc40xx/libfreertos.a(queue.c.o)
                0x0000000000005040                vQueueWaitForMessageRestricted
 .text.pvPortMalloc
                0x00000000000050a8       0x24 /home/colin/Robotics2020/SeniorProject/library/static_libraries/lpc40xx/libfreertos.a(heap_3.c.o)
                0x00000000000050a8                pvPortMalloc
 .text.vPortFree
                0x00000000000050cc       0x24 /home/colin/Robotics2020/SeniorProject/library/static_libraries/lpc40xx/libfreertos.a(heap_3.c.o)
                0x00000000000050cc                vPortFree
 .text._getpid  0x00000000000050f0       0x10 /home/colin/Robotics2020/SeniorProject/library/static_libraries/lpc40xx/libnewlib.a(newlib.cpp.o)
                0x00000000000050f0                _getpid
 .text._kill    0x0000000000005100       0x1a /home/colin/Robotics2020/SeniorProject/library/static_libraries/lpc40xx/libnewlib.a(newlib.cpp.o)
                0x0000000000005100                _kill
 *fill*         0x000000000000511a        0x2 ff
 .text._sbrk    0x000000000000511c       0x44 /home/colin/Robotics2020/SeniorProject/library/static_libraries/lpc40xx/libnewlib.a(newlib.cpp.o)
                0x000000000000511c                _sbrk
 .text._write   0x0000000000005160       0x30 /home/colin/Robotics2020/SeniorProject/library/static_libraries/lpc40xx/libnewlib.a(newlib.cpp.o)
                0x0000000000005160                _write
 .text.puts     0x0000000000005190       0x48 /home/colin/Robotics2020/SeniorProject/library/static_libraries/lpc40xx/libnewlib.a(newlib.cpp.o)
                0x0000000000005190                puts
 .text._exit    0x00000000000051d8        0xc /home/colin/Robotics2020/SeniorProject/library/static_libraries/lpc40xx/libnewlib.a(newlib.cpp.o)
                0x00000000000051d8                _exit
 .text._Z10_out_chunkcPvjj
                0x00000000000051e4       0x70 /home/colin/Robotics2020/SeniorProject/library/static_libraries/lpc40xx/libprintf.a(printf.cpp.o)
                0x00000000000051e4                _out_chunk(char, void*, unsigned int, unsigned int)
 .text._ZL9_out_nullcPvjj
                0x0000000000005254       0x1c /home/colin/Robotics2020/SeniorProject/library/static_libraries/lpc40xx/libprintf.a(printf.cpp.o)
 .text._ZL7_strlenPKc
                0x0000000000005270       0x2e /home/colin/Robotics2020/SeniorProject/library/static_libraries/lpc40xx/libprintf.a(printf.cpp.o)
 .text._ZL9_is_digitc
                0x000000000000529e       0x28 /home/colin/Robotics2020/SeniorProject/library/static_libraries/lpc40xx/libprintf.a(printf.cpp.o)
 .text._ZL5_atoiPPKc
                0x00000000000052c6       0x48 /home/colin/Robotics2020/SeniorProject/library/static_libraries/lpc40xx/libprintf.a(printf.cpp.o)
 .text._ZL12_ntoa_formatPFvcPvjjEPcjjS2_jbjjjj
                0x000000000000530e      0x242 /home/colin/Robotics2020/SeniorProject/library/static_libraries/lpc40xx/libprintf.a(printf.cpp.o)
 .text._ZL10_ntoa_longPFvcPvjjEPcjjmbmjjj
                0x0000000000005550       0xd0 /home/colin/Robotics2020/SeniorProject/library/static_libraries/lpc40xx/libprintf.a(printf.cpp.o)
 .text._ZL15_ntoa_long_longPFvcPvjjEPcjjybyjjj
                0x0000000000005620       0xe0 /home/colin/Robotics2020/SeniorProject/library/static_libraries/lpc40xx/libprintf.a(printf.cpp.o)
 .text._ZL5_ftoaPFvcPvjjEPcjjdjjj
                0x0000000000005700      0x444 /home/colin/Robotics2020/SeniorProject/library/static_libraries/lpc40xx/libprintf.a(printf.cpp.o)
 .text._ZL10_vsnprintfPFvcPvjjEPcjPKcSt9__va_list
                0x0000000000005b44      0x8d4 /home/colin/Robotics2020/SeniorProject/library/static_libraries/lpc40xx/libprintf.a(printf.cpp.o)
 .text.printf   0x0000000000006418       0x44 /home/colin/Robotics2020/SeniorProject/library/static_libraries/lpc40xx/libprintf.a(printf.cpp.o)
                0x0000000000006418                printf
 .text.trace_initialize
                0x000000000000645c        0xe /home/colin/Robotics2020/SeniorProject/library/static_libraries/lpc40xx/libsemihost.a(trace_impl.cpp.o)
                0x000000000000645c                trace_initialize
 .text.trace_write
                0x000000000000646a       0x1c /home/colin/Robotics2020/SeniorProject/library/static_libraries/lpc40xx/libsemihost.a(trace_impl.cpp.o)
                0x000000000000646a                trace_write
 *fill*         0x0000000000006486        0x2 ff
 .text._ZL31_trace_write_semihosting_stdoutPKcj
                0x0000000000006488       0xcc /home/colin/Robotics2020/SeniorProject/library/static_libraries/lpc40xx/libsemihost.a(trace_impl.cpp.o)
 .text.NVIC_EnableIRQ
                0x0000000000006554       0x30 /home/colin/Robotics2020/SeniorProject/library/static_libraries/lpc40xx/liblpc40xx.a(startup.cpp.o)
 .text.NVIC_DisableIRQ
                0x0000000000006584       0x30 /home/colin/Robotics2020/SeniorProject/library/static_libraries/lpc40xx/liblpc40xx.a(startup.cpp.o)
 .text.NVIC_SetPriority