Archive member included to satisfy reference by file (symbol)

/home/nathan/Videos/ControlSystems2020/library/static_libraries/lpc40xx/liblpc40xx.a(exceptions.cpp.o)
                              (ArmResetHandler)
/home/nathan/Videos/ControlSystems2020/library/static_libraries/lpc40xx/libfreertos.a(event_groups.c.o)
                              build/application/lpc40xx/compiled//home/nathan/Videos/ControlSystems2020/library/L3_Application/task_scheduler.cpp.o (xEventGroupCreateStatic)
/home/nathan/Videos/ControlSystems2020/library/static_libraries/lpc40xx/libfreertos.a(list.c.o)
                              /home/nathan/Videos/ControlSystems2020/library/static_libraries/lpc40xx/libfreertos.a(event_groups.c.o) (vListInitialise)
/home/nathan/Videos/ControlSystems2020/library/static_libraries/lpc40xx/libfreertos.a(tasks.c.o)
                              build/application/lpc40xx/compiled//home/nathan/Videos/ControlSystems2020/library/L3_Application/task_scheduler.cpp.o (xTaskCreateStatic)
/home/nathan/Videos/ControlSystems2020/library/static_libraries/lpc40xx/libfreertos.a(heap_3.c.o)
                              /home/nathan/Videos/ControlSystems2020/library/static_libraries/lpc40xx/libfreertos.a(event_groups.c.o) (pvPortMalloc)
/home/nathan/Videos/ControlSystems2020/library/static_libraries/lpc40xx/libnewlib.a(newlib.cpp.o)
                              build/application/lpc40xx/compiled/source/main.cpp.o (puts)
/home/nathan/Videos/ControlSystems2020/library/static_libraries/lpc40xx/libprintf.a(printf.cpp.o)
                              build/application/lpc40xx/compiled/source/main.cpp.o (printf)
/home/nathan/Videos/ControlSystems2020/library/static_libraries/lpc40xx/libsemihost.a(trace_impl.cpp.o)
                              /home/nathan/Videos/ControlSystems2020/library/static_libraries/lpc40xx/liblpc40xx.a(exceptions.cpp.o) (trace_initialize)
/home/nathan/Videos/ControlSystems2020/library/static_libraries/lpc40xx/liblpc40xx.a(startup.cpp.o)
                              /home/nathan/Videos/ControlSystems2020/library/static_libraries/lpc40xx/libfreertos.a(tasks.c.o) (ThreadRuntimeCounter)
/home/nathan/Videos/ControlSystems2020/library/static_libraries/lpc40xx/liblpc40xx.a(port.c.o)
                              /home/nathan/Videos/ControlSystems2020/library/static_libraries/lpc40xx/libfreertos.a(tasks.c.o) (pxPortInitialiseStack)
/home/nathan/Videos/ControlSystems2020/library/static_libraries/lpc40xx/libfreertoscommon.a(freertos_common.cpp.o)
                              /home/nathan/Videos/ControlSystems2020/library/static_libraries/lpc40xx/libfreertos.a(tasks.c.o) (vApplicationGetIdleTaskMemory)
/home/nathan/Videos/ControlSystems2020/library/static_libraries/lpc40xx/libfreertos.a(timers.c.o)
                              /home/nathan/Videos/ControlSystems2020/library/static_libraries/lpc40xx/libfreertos.a(tasks.c.o) (xTimerCreateTimerTask)
/home/nathan/Videos/ControlSystems2020/library/static_libraries/lpc40xx/libfreertos.a(queue.c.o)
                              /home/nathan/Videos/ControlSystems2020/library/static_libraries/lpc40xx/libfreertos.a(timers.c.o) (xQueueGenericCreateStatic)
/home/nathan/Videos/ControlSystems2020/library/static_libraries/lpc40xx/libnewlib.a(stdio.cpp.o)
                              /home/nathan/Videos/ControlSystems2020/library/static_libraries/lpc40xx/libnewlib.a(newlib.cpp.o) (sjsu::newlib::DoNothingStdOut(char const*, unsigned int))
/home/nathan/Videos/ControlSystems2020/tools/gcc-arm-none-eabi-7-2017-q4-major/bin/../lib/gcc/arm-none-eabi/7.2.1/../../../../arm-none-eabi/lib/thumb/v7e-m/fpv4-sp/hard/libstdc++_nano.a(pure.o)
                              build/application/lpc40xx/compiled/source/main.cpp.o (__cxa_pure_virtual)
/home/nathan/Videos/ControlSystems2020/tools/gcc-arm-none-eabi-7-2017-q4-major/bin/../lib/gcc/arm-none-eabi/7.2.1/../../../../arm-none-eabi/lib/thumb/v7e-m/fpv4-sp/hard/libstdc++_nano.a(eh_terminate.o)
                              /home/nathan/Videos/ControlSystems2020/tools/gcc-arm-none-eabi-7-2017-q4-major/bin/../lib/gcc/arm-none-eabi/7.2.1/../../../../arm-none-eabi/lib/thumb/v7e-m/fpv4-sp/hard/libstdc++_nano.a(pure.o) (std::terminate())
/home/nathan/Videos/ControlSystems2020/tools/gcc-arm-none-eabi-7-2017-q4-major/bin/../lib/gcc/arm-none-eabi/7.2.1/../../../../arm-none-eabi/lib/thumb/v7e-m/fpv4-sp/hard/libstdc++_nano.a(eh_term_handler.o)
                              /home/nathan/Videos/ControlSystems2020/tools/gcc-arm-none-eabi-7-2017-q4-major/bin/../lib/gcc/arm-none-eabi/7.2.1/../../../../arm-none-eabi/lib/thumb/v7e-m/fpv4-sp/hard/libstdc++_nano.a(eh_terminate.o) (__cxxabiv1::__terminate_handler)
/home/nathan/Videos/ControlSystems2020/tools/gcc-arm-none-eabi-7-2017-q4-major/bin/../lib/gcc/arm-none-eabi/7.2.1/../../../../arm-none-eabi/lib/thumb/v7e-m/fpv4-sp/hard/libstdc++_nano.a(eh_unex_handler.o)
[...]
Memory Configuration

Name             Origin             Length             Attributes
FLASH            0x0000000000000000 0x0000000000080000 xr
SRAM             0x0000000010000000 0x0000000000010000 xrw
SRAM_AHB         0x0000000020000000 0x0000000000008000 xrw
*default*        0x0000000000000000 0xffffffffffffffff

Linker script and memory map

LOAD /home/nathan/Videos/ControlSystems2020/tools/gcc-arm-none-eabi-7-2017-q4-major/bin/../lib/gcc/arm-none-eabi/7.2.1/thumb/v7e-m/fpv4-sp/hard/crti.o
LOAD /home/nathan/Videos/ControlSystems2020/tools/gcc-arm-none-eabi-7-2017-q4-major/bin/../lib/gcc/arm-none-eabi/7.2.1/thumb/v7e-m/fpv4-sp/hard/crtbegin.o
LOAD /home/nathan/Videos/ControlSystems2020/tools/gcc-arm-none-eabi-7-2017-q4-major/bin/../lib/gcc/arm-none-eabi/7.2.1/../../../../arm-none-eabi/lib/thumb/v7e-m/fpv4-sp/hard/rdimon-crt0.o
LOAD build/application/lpc40xx/compiled/source/main.cpp.o
LOAD build/application/lpc40xx/compiled//home/nathan/Videos/ControlSystems2020/library/L3_Application/task_scheduler.cpp.o
LOAD build/application/lpc40xx/compiled/libsjsudev2.a
LOAD /home/nathan/Videos/ControlSystems2020/tools/gcc-arm-none-eabi-7-2017-q4-major/bin/../lib/gcc/arm-none-eabi/7.2.1/../../../../arm-none-eabi/lib/thumb/v7e-m/fpv4-sp/hard/libstdc++_nano.a
LOAD /home/nathan/Videos/ControlSystems2020/tools/gcc-arm-none-eabi-7-2017-q4-major/bin/../lib/gcc/arm-none-eabi/7.2.1/../../../../arm-none-eabi/lib/thumb/v7e-m/fpv4-sp/hard/libm.a
START GROUP
LOAD /home/nathan/Videos/ControlSystems2020/tools/gcc-arm-none-eabi-7-2017-q4-major/bin/../lib/gcc/arm-none-eabi/7.2.1/thumb/v7e-m/fpv4-sp/hard/libgcc.a
LOAD /home/nathan/Videos/ControlSystems2020/tools/gcc-arm-none-eabi-7-2017-q4-major/bin/../lib/gcc/arm-none-eabi/7.2.1/../../../../arm-none-eabi/lib/thumb/v7e-m/fpv4-sp/hard/libg_nano.a
LOAD /home/nathan/Videos/ControlSystems2020/tools/gcc-arm-none-eabi-7-2017-q4-major/bin/../lib/gcc/arm-none-eabi/7.2.1/../../../../arm-none-eabi/lib/thumb/v7e-m/fpv4-sp/hard/libc_nano.a
END GROUP
START GROUP
LOAD /home/nathan/Videos/ControlSystems2020/tools/gcc-arm-none-eabi-7-2017-q4-major/bin/../lib/gcc/arm-none-eabi/7.2.1/thumb/v7e-m/fpv4-sp/hard/libgcc.a
LOAD /home/nathan/Videos/ControlSystems2020/tools/gcc-arm-none-eabi-7-2017-q4-major/bin/../lib/gcc/arm-none-eabi/7.2.1/../../../../arm-none-eabi/lib/thumb/v7e-m/fpv4-sp/hard/libc_nano.a
LOAD /home/nathan/Videos/ControlSystems2020/tools/gcc-arm-none-eabi-7-2017-q4-major/bin/../lib/gcc/arm-none-eabi/7.2.1/../../../../arm-none-eabi/lib/thumb/v7e-m/fpv4-sp/hard/librdimon_nano.a
END GROUP
START GROUP
LOAD /home/nathan/Videos/ControlSystems2020/tools/gcc-arm-none-eabi-7-2017-q4-major/bin/../lib/gcc/arm-none-eabi/7.2.1/thumb/v7e-m/fpv4-sp/hard/libgcc.a
LOAD /home/nathan/Videos/ControlSystems2020/tools/gcc-arm-none-eabi-7-2017-q4-major/bin/../lib/gcc/arm-none-eabi/7.2.1/../../../../arm-none-eabi/lib/thumb/v7e-m/fpv4-sp/hard/libc_nano.a
LOAD /home/nathan/Videos/ControlSystems2020/tools/gcc-arm-none-eabi-7-2017-q4-major/bin/../lib/gcc/arm-none-eabi/7.2.1/../../../../arm-none-eabi/lib/thumb/v7e-m/fpv4-sp/hard/librdimon_nano.a
END GROUP
LOAD /home/nathan/Videos/ControlSystems2020/tools/gcc-arm-none-eabi-7-2017-q4-major/bin/../lib/gcc/arm-none-eabi/7.2.1/thumb/v7e-m/fpv4-sp/hard/crtend.o
LOAD /home/nathan/Videos/ControlSystems2020/tools/gcc-arm-none-eabi-7-2017-q4-major/bin/../lib/gcc/arm-none-eabi/7.2.1/thumb/v7e-m/fpv4-sp/hard/crtn.o
                0x0000000000000000                __base_FLASH = 0x0
                0x0000000000000000                __base_Flash = 0x0
                0x0000000000080000                __top_FLASH = 0x80000
                0x0000000000080000                __top_Flash = 0x80000
                0x0000000010000000                __base_SRAM = 0x10000000
                0x0000000010000000                __base_RAM = 0x10000000
                0x0000000010010000                __top_SRAM = 0x10010000
                0x0000000010010000                __top_RAM = 0x10010000
                0x0000000020000000                __base_SRAM_AHB = 0x20000000
                0x0000000020000000                __base_RAM2 = 0x20000000
                0x0000000020008000                __top_SRAM_AHB = 0x20008000
                0x0000000020008000                __top_RAM2 = 0x20008000
                0x0000000020000000                __user_heap_base = __base_RAM2

.text           0x0000000000000000     0x9eac
 FILL mask 0xff
                0x0000000000000000                __vectors_start__ = ABSOLUTE (.)
 *(.isr_vector)
 .isr_vector    0x0000000000000000       0xe4 /home/nathan/Videos/ControlSystems2020/library/static_libraries/lpc40xx/liblpc40xx.a(startup.cpp.o)
                0x00000000000000e4                . = ALIGN (0x4)
                0x00000000000000e4                section_table_start = .
                0x00000000000000e4                data_section_table = .
                0x00000000000000e4        0x4 LONG 0x9f7c LOADADDR (.data)
                0x00000000000000e8        0x4 LONG 0x10000000 ADDR (.data)
                0x00000000000000ec        0x4 LONG 0xf8 SIZEOF (.data)
                0x00000000000000f0        0x4 LONG 0x9f7c LOADADDR (.data_RAM2)
                0x00000000000000f4        0x4 LONG 0x20000000 ADDR (.data_RAM2)
                0x00000000000000f8        0x4 LONG 0x0 SIZEOF (.data_RAM2)
                0x00000000000000fc                data_section_table_end = .
                0x00000000000000fc                bss_section_table = .
                0x00000000000000fc        0x4 LONG 0x100000f8 ADDR (.bss)
                0x0000000000000100        0x4 LONG 0xf40 SIZEOF (.bss)
                0x0000000000000104        0x4 LONG 0x20000000 ADDR (.bss_RAM2)
                0x0000000000000108        0x4 LONG 0x0 SIZEOF (.bss_RAM2)
                0x000000000000010c                bss_section_table_end = .
                0x000000000000010c                section_table_end = .
 *(.after_vectors*)
                0x00000000000002fc                . = 0x2fc
 *fill*         0x000000000000010c      0x1f0 ff
                0x00000000000002fc                PROVIDE (__CRP_WORD_START__, .)
 *(.crp)
 .crp           0x00000000000002fc        0x4 /home/nathan/Videos/ControlSystems2020/library/static_libraries/lpc40xx/liblpc40xx.a(startup.cpp.o)
                0x0000000000000300                PROVIDE (__CRP_WORD_END__, .)
                0x0000000000000001                ASSERT (! ((__CRP_WORD_START__ == __CRP_WORD_END__)), Linker CRP Enabled, but no CRP_WORD provided within application)
                0x0000000000000300                . = ALIGN (0x4)
 *(.init)
 .init          0x0000000000000300        0x4 /home/nathan/Videos/ControlSystems2020/tools/gcc-arm-none-eabi-7-2017-q4-major/bin/../lib/gcc/arm-none-eabi/7.2.1/thumb/v7e-m/fpv4-sp/hard/crti.o
                0x0000000000000300                _init
 .init          0x0000000000000304        0x8 /home/nathan/Videos/ControlSystems2020/tools/gcc-arm-none-eabi-7-2017-q4-major/bin/../lib/gcc/arm-none-eabi/7.2.1/thumb/v7e-m/fpv4-sp/hard/crtn.o
                0x000000000000030c                . = ALIGN (0x4)
                0x000000000000030c                __preinit_array_start = .
 *(.preinit_array)
                0x000000000000030c                __preinit_array_end = .
                0x000000000000030c                . = ALIGN (0x4)
                0x000000000000030c                __init_array_start = .
 *(SORT_BY_NAME(.init_array.*))
 *(.init_array)
 .init_array    0x000000000000030c        0x4 /home/nathan/Videos/ControlSystems2020/tools/gcc-arm-none-eabi-7-2017-q4-major/bin/../lib/gcc/arm-none-eabi/7.2.1/thumb/v7e-m/fpv4-sp/hard/crtbegin.o
 .init_array    0x0000000000000310        0x4 build/application/lpc40xx/compiled/source/main.cpp.o
 .init_array    0x0000000000000314        0x4 /home/nathan/Videos/ControlSystems2020/library/static_libraries/lpc40xx/liblpc40xx.a(exceptions.cpp.o)
 .init_array    0x0000000000000318        0x4 /home/nathan/Videos/ControlSystems2020/library/static_libraries/lpc40xx/liblpc40xx.a(startup.cpp.o)
                0x000000000000031c                __init_array_end = .
 *(.fini)
 .fini          0x000000000000031c        0x4 /home/nathan/Videos/ControlSystems2020/tools/gcc-arm-none-eabi-7-2017-q4-major/bin/../lib/gcc/arm-none-eabi/7.2.1/thumb/v7e-m/fpv4-sp/hard/crti.o
                0x000000000000031c                _fini
 .fini          0x0000000000000320        0x8 /home/nathan/Videos/ControlSystems2020/tools/gcc-arm-none-eabi-7-2017-q4-major/bin/../lib/gcc/arm-none-eabi/7.2.1/thumb/v7e-m/fpv4-sp/hard/crtn.o
                0x0000000000000328                . = ALIGN (0x4)
 *crtbegin.o(.ctors)
 *(EXCLUDE_FILE(*crtend.o) .ctors)
 *(SORT_BY_NAME(.ctors.*))
 *crtend.o(.ctors)
                0x0000000000000328                . = ALIGN (0x4)
 *crtbegin.o(.dtors)
 *(EXCLUDE_FILE(*crtend.o) .dtors)
 *(SORT_BY_NAME(.dtors.*))
 *crtend.o(.dtors)
 *(.text*)
 .text          0x0000000000000328       0x40 /home/nathan/Videos/ControlSystems2020/tools/gcc-arm-none-eabi-7-2017-q4-major/bin/../lib/gcc/arm-none-eabi/7.2.1/thumb/v7e-m/fpv4-sp/hard/crtbegin.o
 .text._ZNSt14numeric_limitsIxE3maxEv
                0x0000000000000368       0x16 build/application/lpc40xx/compiled/source/main.cpp.o
                0x0000000000000368                std::numeric_limits<long long>::max()
 .text._ZN5units8literalsli4_MHzEy
                0x000000000000037e       0x2c build/application/lpc40xx/compiled/source/main.cpp.o
                0x000000000000037e                units::literals::operator"" _MHz(unsigned long long)
 .text._ZN5units6unit_tINS_4unitISt5ratioILx1000000ELx1EENS1_IS2_ILx1ELx1EENS_9base_unitIS2_ILx0ELx1EES6_S2_ILxn1ELx1EES6_S6_S6_S6_S6_S6_EES6_S6_EES6_S6_EEfNS_12linear_scaleEEC1IJEEEfDpRKT_
                0x00000000000003aa       0x22 build/application/lpc40xx/compiled/source/main.cpp.o
                0x00000000000003aa                units::unit_t<units::unit<std::ratio<1000000ll, 1ll>, units::unit<std::ratio<1ll, 1ll>, units::base_unit<std::ratio<0ll, 1ll>, std::ratio<0ll, 1ll>, std::ratio<-1ll, 1ll>, std::ratio<0ll, 1ll>, std::ratio<0ll, 1ll>, std::ratio<0ll, 1ll>, std::ratio<0ll, 1ll>, std::ratio<0ll, 1ll>, std::ratio<0ll, 1ll> >, std::ratio<0ll, 1ll>, std::ratio<0ll, 1ll> >, std::ratio<0ll, 1ll>, std::ratio<0ll, 1ll> >, float, units::linear_scale>::unit_t<>(float)
 .text._ZN5units12linear_scaleIfEC2IJEEERKfDpOT_
                0x00000000000003cc       0x20 build/application/lpc40xx/compiled/source/main.cpp.o
                0x00000000000003cc                units::linear_scale<float>::linear_scale<>(float const&)
 .text._ZN5unitsL7convertINS_4unitISt5ratioILx1000000ELx1EENS1_IS2_ILx1ELx1EENS_9base_unitIS2_ILx0ELx1EES6_S2_ILxn1ELx1EES6_S6_S6_S6_S6_S6_EES6_S6_EES6_S6_EESA_fEET1_RKSB_
                0x00000000000003ec       0x1c build/application/lpc40xx/compiled/source/main.cpp.o
 .text._ZN5units6detailL7convertINS_4unitISt5ratioILx1000000ELx1EENS2_IS3_ILx1ELx1EENS_9base_unitIS3_ILx0ELx1EES7_S3_ILxn1ELx1EES7_S7_S7_S7_S7_S7_EES7_S7_EES7_S7_EESB_S5_S7_S7_fEET4_RKSC_St17integral_constantIbLb1EESF_IbLb0EESH_
                0x0000000000000408       0x24 build/application/lpc40xx/compiled/source/main.cpp.o
 .text._ZN5units6unit_tINS_4unitISt5ratioILx1ELx1EENS_9base_unitIS2_ILx0ELx1EES5_S2_ILxn1ELx1EES5_S5_S5_S5_S5_S5_EES5_S5_EEfNS_12linear_scaleEEC1IJEEEfDpRKT_
                0x000000000000042c       0x22 build/application/lpc40xx/compiled/source/main.cpp.o
                0x000000000000042c                units::unit_t<units::unit<std::ratio<1ll, 1ll>, units::base_unit<std::ratio<0ll, 1ll>, std::ratio<0ll, 1ll>, std::ratio<-1ll, 1ll>, std::ratio<0ll, 1ll>, std::ratio<0ll, 1ll>, std::ratio<0ll, 1ll>, std::ratio<0ll, 1ll>, std::ratio<0ll, 1ll>, std::ratio<0ll, 1ll> >, std::ratio<0ll, 1ll>, std::ratio<0ll, 1ll> >, float, units::linear_scale>::unit_t<>(float)
 .text._ZN5unitsL7convertINS_4unitISt5ratioILx1ELx1EENS_9base_unitIS2_ILx0ELx1EES5_S2_ILxn1ELx1EES5_S5_S5_S5_S5_S5_EES5_S5_EES8_fEET1_RKS9_
                0x000000000000044e       0x1c build/application/lpc40xx/compiled/source/main.cpp.o
 .text._ZN5units6detailL7convertINS_4unitISt5ratioILx1ELx1EENS_9base_unitIS3_ILx0ELx1EES6_S3_ILxn1ELx1EES6_S6_S6_S6_S6_S6_EES6_S6_EES9_S4_S6_S6_fEET4_RKSA_St17integral_constantIbLb1EESD_IbLb0EESF_
                0x000000000000046a       0x24 build/application/lpc40xx/compiled/source/main.cpp.o
 .text._Unwind_GetGR
                0x000000000000048e       0x26 build/application/lpc40xx/compiled/source/main.cpp.o
 .text._ZN4sjsu5build9StringifyENS0_6TargetE
                0x00000000000004b4       0x40 build/application/lpc40xx/compiled/source/main.cpp.o
                0x00000000000004b4                sjsu::build::Stringify(sjsu::build::Target)
 .text._ZN4sjsu5debug18PrintAddressAsListEP15_Unwind_ContextPv
                0x00000000000004f4       0x48 build/application/lpc40xx/compiled/source/main.cpp.o
                0x00000000000004f4                sjsu::debug::PrintAddressAsList(_Unwind_Context*, void*)
 .text._ZN4sjsu5debug17PrintAddressInRowEP15_Unwind_ContextPv
                0x000000000000053c       0x44 build/application/lpc40xx/compiled/source/main.cpp.o
                0x000000000000053c                sjsu::debug::PrintAddressInRow(_Unwind_Context*, void*)
 .text._ZN4sjsu5debug14PrintBacktraceEbPv
                0x0000000000000580       0xa4 build/application/lpc40xx/compiled/source/main.cpp.o
                0x0000000000000580                sjsu::debug::PrintBacktrace(bool, void*)
 .text._ZNSt6chrono8durationIxSt5ratioILx1ELx1000000EEEC1IxvEERKT_
                0x0000000000000624       0x22 build/application/lpc40xx/compiled/source/main.cpp.o
                0x0000000000000624                std::chrono::duration<long long, std::ratio<1ll, 1000000ll> >::duration<long long, void>(long long const&)
 *fill*         0x0000000000000646        0x2 ff
 .text._ZN4sjsu13DefaultUptimeEv
                0x0000000000000648       0x20 build/application/lpc40xx/compiled/source/main.cpp.o
                0x0000000000000648                sjsu::DefaultUptime()
 .text.NVIC_EnableIRQ
                0x0000000000000668       0x30 build/application/lpc40xx/compiled/source/main.cpp.o
 .text.NVIC_DisableIRQ
                0x0000000000000698       0x30 build/application/lpc40xx/compiled/source/main.cpp.o
 .text.NVIC_SetPriority
                0x00000000000006c8       0x54 build/application/lpc40xx/compiled/source/main.cpp.o
 .text._ZNK4sjsu3Pin7GetPortEv
                0x000000000000071c       0x18 build/application/lpc40xx/compiled/source/main.cpp.o
                0x000000000000071c                sjsu::Pin::GetPort() const
 .text._ZNK4sjsu3Pin6GetPinEv
                0x0000000000000734       0x18 build/application/lpc40xx/compiled/source/main.cpp.o
                0x0000000000000734                sjsu::Pin::GetPin() const
 .text._ZNK4sjsu7lpc40xx3Pin14SetPinFunctionEh
                0x000000000000074c       0x34 build/application/lpc40xx/compiled/source/main.cpp.o
                0x000000000000074c                sjsu::lpc40xx::Pin::SetPinFunction(unsigned char) const
 .text._ZNK4sjsu7lpc40xx3Pin7SetPullENS_3Pin8ResistorE
                0x0000000000000780       0x34 build/application/lpc40xx/compiled/source/main.cpp.o
                0x0000000000000780                sjsu::lpc40xx::Pin::SetPull(sjsu::Pin::Resistor) const
 .text._ZNK4sjsu7lpc40xx3Pin15SetAsAnalogModeEb
                0x00000000000007b4       0x3c build/application/lpc40xx/compiled/source/main.cpp.o
                0x00000000000007b4                sjsu::lpc40xx::Pin::SetAsAnalogMode(bool) const
 .text._ZNK4sjsu7lpc40xx3Pin14SetAsOpenDrainEb
                0x00000000000007f0       0x34 build/application/lpc40xx/compiled/source/main.cpp.o
                0x00000000000007f0                sjsu::lpc40xx::Pin::SetAsOpenDrain(bool) const
 .text._ZNK4sjsu7lpc40xx3Pin14SetPinRegisterEhNS_3bit4MaskE
                0x0000000000000824       0x7c build/application/lpc40xx/compiled/source/main.cpp.o
                0x0000000000000824                sjsu::lpc40xx::Pin::SetPinRegister(unsigned char, sjsu::bit::Mask) const
 .text._ZNK4sjsu16SystemController22GetPeripheralFrequencyERKNS0_12PeripheralIDE
                0x00000000000008a0       0x50 build/application/lpc40xx/compiled/source/main.cpp.o
                0x00000000000008a0                sjsu::SystemController::GetPeripheralFrequency(sjsu::SystemController::PeripheralID const&) const
 .text._ZN5unitsL7convertINS_4unitISt5ratioILx1000000ELx1EENS1_IS2_ILx1ELx1EENS_9base_unitIS2_ILx0ELx1EES6_S2_ILxn1ELx1EES6_S6_S6_S6_S6_S6_EES6_S6_EES6_S6_EES9_fEET1_RKSB_
                0x00000000000008f0       0x1c build/application/lpc40xx/compiled/source/main.cpp.o
 .text._ZN5units6detailL7convertINS_4unitISt5ratioILx1000000ELx1EENS2_IS3_ILx1ELx1EENS_9base_unitIS3_ILx0ELx1EES7_S3_ILxn1ELx1EES7_S7_S7_S7_S7_S7_EES7_S7_EES7_S7_EESA_S4_S7_S7_fEET4_RKSC_St17integral_constantIbLb0EESG_SG_
                0x000000000000090c       0x30 build/application/lpc40xx/compiled/source/main.cpp.o
 .text._ZNK4sjsu7lpc40xx16SystemController23SetSystemClockFrequencyEN5units6unit_tINS2_4unitISt5ratioILx1000000ELx1EENS4_IS5_ILx1ELx1EENS2_9base_unitIS5_ILx0ELx1EES9_S5_ILxn1ELx1EES9_S9_S9_S9_S9_S9_EES9_S9_EES9_S9_EEfNS2_12linear_scaleEEE
                0x000000000000093c       0x9c build/application/lpc40xx/compiled/source/main.cpp.o
                0x000000000000093c                sjsu::lpc40xx::SystemController::SetSystemClockFrequency(units::unit_t<units::unit<std::ratio<1000000ll, 1ll>, units::unit<std::ratio<1ll, 1ll>, units::base_unit<std::ratio<0ll, 1ll>, std::ratio<0ll, 1ll>, std::ratio<-1ll, 1ll>, std::ratio<0ll, 1ll>, std::ratio<0ll, 1ll>, std::ratio<0ll, 1ll>, std::ratio<0ll, 1ll>, std::ratio<0ll, 1ll>, std::ratio<0ll, 1ll> >, std::ratio<0ll, 1ll>, std::ratio<0ll, 1ll> >, std::ratio<0ll, 1ll>, std::ratio<0ll, 1ll> >, float, units::linear_scale>) const
 .text._ZNK4sjsu7lpc40xx16SystemController25SetPeripheralClockDividerERKNS_16SystemController12PeripheralIDEh
                0x00000000000009d8       0x58 build/application/lpc40xx/compiled/source/main.cpp.o
                0x00000000000009d8                sjsu::lpc40xx::SystemController::SetPeripheralClockDivider(sjsu::SystemController::PeripheralID const&, unsigned char) const
 .text._ZNK4sjsu7lpc40xx16SystemController25GetPeripheralClockDividerERKNS_16SystemController12PeripheralIDE
                0x0000000000000a30       0x24 build/application/lpc40xx/compiled/source/main.cpp.o
                0x0000000000000a30                sjsu::lpc40xx::SystemController::GetPeripheralClockDivider(sjsu::SystemController::PeripheralID const&) const
 .text._ZNK4sjsu7lpc40xx16SystemController18GetSystemFrequencyEv
                0x0000000000000a54       0x1c build/application/lpc40xx/compiled/source/main.cpp.o
                0x0000000000000a54                sjsu::lpc40xx::SystemController::GetSystemFrequency() const
 .text._ZNK4sjsu7lpc40xx16SystemController21IsPeripheralPoweredUpERKNS_16SystemController12PeripheralIDE
                0x0000000000000a70       0x3c build/application/lpc40xx/compiled/source/main.cpp.o
                0x0000000000000a70                sjsu::lpc40xx::SystemController::IsPeripheralPoweredUp(sjsu::SystemController::PeripheralID const&) const
 .text._ZNK4sjsu7lpc40xx16SystemController17PowerUpPeripheralERKNS_16SystemController12PeripheralIDE
                0x0000000000000aac       0x34 build/application/lpc40xx/compiled/source/main.cpp.o
                0x0000000000000aac                sjsu::lpc40xx::SystemController::PowerUpPeripheral(sjsu::SystemController::PeripheralID const&) const
 .text._ZNK4sjsu7lpc40xx16SystemController19PowerDownPeripheralERKNS_16SystemController12PeripheralIDE
                0x0000000000000ae0       0x34 build/application/lpc40xx/compiled/source/main.cpp.o
                0x0000000000000ae0                sjsu::lpc40xx::SystemController::PowerDownPeripheral(sjsu::SystemController::PeripheralID const&) const
 .text._ZNK4sjsu7lpc40xx16SystemController22SelectOscillatorSourceENS1_16OscillatorSourceE
                0x0000000000000b14       0x48 build/application/lpc40xx/compiled/source/main.cpp.o
                0x0000000000000b14                sjsu::lpc40xx::SystemController::SelectOscillatorSource(sjsu::lpc40xx::SystemController::OscillatorSource) const
 .text._ZNK4sjsu7lpc40xx16SystemController21SelectMainClockSourceENS1_15MainClockSourceE
                0x0000000000000b5c       0x48 build/application/lpc40xx/compiled/source/main.cpp.o
                0x0000000000000b5c                sjsu::lpc40xx::SystemController::SelectMainClockSource(sjsu::lpc40xx::SystemController::MainClockSource) const
 .text._ZNK4sjsu7lpc40xx16SystemController20SelectUsbClockSourceENS1_9UsbSourceE
                0x0000000000000ba4       0x48 build/application/lpc40xx/compiled/source/main.cpp.o
                0x0000000000000ba4                sjsu::lpc40xx::SystemController::SelectUsbClockSource(sjsu::lpc40xx::SystemController::UsbSource) const
 .text._ZNK4sjsu7lpc40xx16SystemController22SelectSpifiClockSourceENS1_11SpifiSourceE
                0x0000000000000bec       0x48 build/application/lpc40xx/compiled/source/main.cpp.o
                0x0000000000000bec                sjsu::lpc40xx::SystemController::SelectSpifiClockSource(sjsu::lpc40xx::SystemController::SpifiSource) const
 .text._ZNK5units6unit_tINS_4unitISt5ratioILx1000000ELx1EENS1_IS2_ILx1ELx1EENS_9base_unitIS2_ILx0ELx1EES6_S2_ILxn1ELx1EES6_S6_S6_S6_S6_S6_EES6_S6_EES6_S6_EEfNS_12linear_scaleEEltISA_fSB_EEbRKNS0_IT_T0_T1_EE
                0x0000000000000c34       0x3c build/application/lpc40xx/compiled/source/main.cpp.o
                0x0000000000000c34                bool units::unit_t<units::unit<std::ratio<1000000ll, 1ll>, units::unit<std::ratio<1ll, 1ll>, units::base_unit<std::ratio<0ll, 1ll>, std::ratio<0ll, 1ll>, std::ratio<-1ll, 1ll>, std::ratio<0ll, 1ll>, std::ratio<0ll, 1ll>, std::ratio<0ll, 1ll>, std::ratio<0ll, 1ll>, std::ratio<0ll, 1ll>, std::ratio<0ll, 1ll> >, std::ratio<0ll, 1ll>, std::ratio<0ll, 1ll> >, std::ratio<0ll, 1ll>, std::ratio<0ll, 1ll> >, float, units::linear_scale>::operator< <units::unit<std::ratio<1000000ll, 1ll>, units::unit<std::ratio<1ll, 1ll>, units::base_unit<std::ratio<0ll, 1ll>, std::ratio<0ll, 1ll>, std::ratio<-1ll, 1ll>, std::ratio<0ll, 1ll>, std::ratio<0ll, 1ll>, std::ratio<0ll, 1ll>, std::ratio<0ll, 1ll>, std::ratio<0ll, 1ll>, std::ratio<0ll, 1ll> >, std::ratio<0ll, 1ll>, std::ratio<0ll, 1ll> >, std::ratio<0ll, 1ll>, std::ratio<0ll, 1ll> >, float, units::linear_scale>(units::unit_t<units::unit<std::ratio<1000000ll, 1ll>, units::unit<std::ratio<1ll, 1ll>, units::base_unit<std::ratio<0ll, 1ll>, std::ratio<0ll, 1ll>, std::ratio<-1ll, 1ll>, std::ratio<0ll, 1ll>, std::ratio<0ll, 1ll>, std::ratio<0ll, 1ll>, std::ratio<0ll, 1ll>, std::ratio<0ll, 1ll>, std::ratio<0ll, 1ll> >, std::ratio<0ll, 1ll>, std::ratio<0ll, 1ll> >, std::ratio<0ll, 1ll>, std::ratio<0ll, 1ll> >, float, units::linear_scale> const&) const
 .text._ZNK5units6unit_tINS_4unitISt5ratioILx1000000ELx1EENS1_IS2_ILx1ELx1EENS_9base_unitIS2_ILx0ELx1EES6_S2_ILxn1ELx1EES6_S6_S6_S6_S6_S6_EES6_S6_EES6_S6_EEfNS_12linear_scaleEE2toImvEET_v
                0x0000000000000c70       0x18 build/application/lpc40xx/compiled/source/main.cpp.o
                0x0000000000000c70                unsigned long units::unit_t<units::unit<std::ratio<1000000ll, 1ll>, units::unit<std::ratio<1ll, 1ll>, units::base_unit<std::ratio<0ll, 1ll>, std::ratio<0ll, 1ll>, std::ratio<-1ll, 1ll>, std::ratio<0ll, 1ll>, std::ratio<0ll, 1ll>, std::ratio<0ll, 1ll>, std::ratio<0ll, 1ll>, std::ratio<0ll, 1ll>, std::ratio<0ll, 1ll> >, std::ratio<0ll, 1ll>, std::ratio<0ll, 1ll> >, std::ratio<0ll, 1ll>, std::ratio<0ll, 1ll> >, float, units::linear_scale>::to<unsigned long, void>() const
 .text._ZNK5units6unit_tINS_4unitISt5ratioILx1000000ELx1EENS1_IS2_ILx1ELx1EENS_9base_unitIS2_ILx0ELx1EES6_S2_ILxn1ELx1EES6_S6_S6_S6_S6_S6_EES6_S6_EES6_S6_EEfNS_12linear_scaleEEcvT_ImLi0EEEv
                0x0000000000000c88       0x24 build/application/lpc40xx/compiled/source/main.cpp.o
                0x0000000000000c88                units::unit_t<units::unit<std::ratio<1000000ll, 1ll>, units::unit<std::ratio<1ll, 1ll>, units::base_unit<std::ratio<0ll, 1ll>, std::ratio<0ll, 1ll>, std::ratio<-1ll, 1ll>, std::ratio<0ll, 1ll>, std::ratio<0ll, 1ll>, std::ratio<0ll, 1ll>, std::ratio<0ll, 1ll>, std::ratio<0ll, 1ll>, std::ratio<0ll, 1ll> >, std::ratio<0ll, 1ll>, std::ratio<0ll, 1ll> >, std::ratio<0ll, 1ll>, std::ratio<0ll, 1ll> >, float, units::linear_scale>::operator unsigned long<unsigned long, 0>() const
 .text._ZNK5units12linear_scaleIfEclEv
                0x0000000000000cac       0x1e build/application/lpc40xx/compiled/source/main.cpp.o
                0x0000000000000cac                units::linear_scale<float>::operator()() const
 .text._ZN5unitsdvINS_6unit_tINS_4unitISt5ratioILx1000000ELx1EENS2_IS3_ILx1ELx1EENS_9base_unitIS3_ILx0ELx1EES7_S3_ILxn1ELx1EES7_S7_S7_S7_S7_S7_EES7_S7_EES7_S7_EEfNS_12linear_scaleEEESD_Li0EEENS1_INS2_IS5_NS6_IS7_S7_S7_S7_S7_S7_S7_S7_S7_EES7_S7_EEfSC_EERKT_RKT0_
                0x0000000000000cca       0x58 build/application/lpc40xx/compiled/source/main.cpp.o
                0x0000000000000cca                units::unit_t<units::unit<std::ratio<1ll, 1ll>, units::base_unit<std::ratio<0ll, 1ll>, std::ratio<0ll, 1ll>, std::ratio<0ll, 1ll>, std::ratio<0ll, 1ll>, std::ratio<0ll, 1ll>, std::ratio<0ll, 1ll>, std::ratio<0ll, 1ll>, std::ratio<0ll, 1ll>, std::ratio<0ll, 1ll> >, std::ratio<0ll, 1ll>, std::ratio<0ll, 1ll> >, float, units::linear_scale> units::operator/<units::unit_t<units::unit<std::ratio<1000000ll, 1ll>, units::unit<std::ratio<1ll, 1ll>, units::base_unit<std::ratio<0ll, 1ll>, std::ratio<0ll, 1ll>, std::ratio<-1ll, 1ll>, std::ratio<0ll, 1ll>, std::ratio<0ll, 1ll>, std::ratio<0ll, 1ll>, std::ratio<0ll, 1ll>, std::ratio<0ll, 1ll>, std::ratio<0ll, 1ll> >, std::ratio<0ll, 1ll>, std::ratio<0ll, 1ll> >, std::ratio<0ll, 1ll>, std::ratio<0ll, 1ll> >, float, units::linear_scale>, units::unit_t<units::unit<std::ratio<1000000ll, 1ll>, units::unit<std::ratio<1ll, 1ll>, units::base_unit<std::ratio<0ll, 1ll>, std::ratio<0ll, 1ll>, std::ratio<-1ll, 1ll>, std::ratio<0ll, 1ll>, std::ratio<0ll, 1ll>, std::ratio<0ll, 1ll>, std::ratio<0ll, 1ll>, std::ratio<0ll, 1ll>, std::ratio<0ll, 1ll> >, std::ratio<0ll, 1ll>, std::ratio<0ll, 1ll> >, std::ratio<0ll, 1ll>, std::ratio<0ll, 1ll> >, float, units::linear_scale>, 0>(units::unit_t<units::unit<std::ratio<1000000ll, 1ll>, units::unit<std::ratio<1ll, 1ll>, units::base_unit<std::ratio<0ll, 1ll>, std::ratio<0ll, 1ll>, std::ratio<-1ll, 1ll>, std::ratio<0ll, 1ll>, std::ratio<0ll, 1ll>, std::ratio<0ll, 1ll>, std::ratio<0ll, 1ll>, std::ratio<0ll, 1ll>, std::ratio<0ll, 1ll> >, std::ratio<0ll, 1ll>, std::ratio<0ll, 1ll> >, std::ratio<0ll, 1ll>, std::ratio<0ll, 1ll> >, float, units::linear_scale> const&, units::unit_t<units::unit<std::ratio<1000000ll, 1ll>, units::unit<std::ratio<1ll, 1ll>, units::base_unit<std::ratio<0ll, 1ll>, std::ratio<0ll, 1ll>, std::ratio<-1ll, 1ll>, std::ratio<0ll, 1ll>, std::ratio<0ll, 1ll>, std::ratio<0ll, 1ll>, std::ratio<0ll, 1ll>, std::ratio<0ll, 1ll>, std::ratio<0ll, 1ll> >, std::ratio<0ll, 1ll>, std::ratio<0ll, 1ll> >, std::ratio<0ll, 1ll>, std::ratio<0ll, 1ll> >, float, units::linear_scale> const&)
 .text._ZN5units6unit_tINS_4unitISt5ratioILx1ELx1EENS_9base_unitIS2_ILx0ELx1EES5_S5_S5_S5_S5_S5_S5_S5_EES5_S5_EEfNS_12linear_scaleEEC1IJEEEfDpRKT_
                0x0000000000000d22       0x22 build/application/lpc40xx/compiled/source/main.cpp.o
                0x0000000000000d22                units::unit_t<units::unit<std::ratio<1ll, 1ll>, units::base_unit<std::ratio<0ll, 1ll>, std::ratio<0ll, 1ll>, std::ratio<0ll, 1ll>, std::ratio<0ll, 1ll>, std::ratio<0ll, 1ll>, std::ratio<0ll, 1ll>, std::ratio<0ll, 1ll>, std::ratio<0ll, 1ll>, std::ratio<0ll, 1ll> >, std::ratio<0ll, 1ll>, std::ratio<0ll, 1ll> >, float, units::linear_scale>::unit_t<>(float)
 .text._ZN5unitsplIiLi0EEENS_6unit_tINS_4unitISt5ratioILx1ELx1EENS_9base_unitIS3_ILx0ELx1EES6_S6_S6_S6_S6_S6_S6_S6_EES6_S6_EEfNS_12linear_scaleEEERKSA_T_
                0x0000000000000d44       0x3c build/application/lpc40xx/compiled/source/main.cpp.o
                0x0000000000000d44                units::unit_t<units::unit<std::ratio<1ll, 1ll>, units::base_unit<std::ratio<0ll, 1ll>, std::ratio<0ll, 1ll>, std::ratio<0ll, 1ll>, std::ratio<0ll, 1ll>, std::ratio<0ll, 1ll>, std::ratio<0ll, 1ll>, std::ratio<0ll, 1ll>, std::ratio<0ll, 1ll>, std::ratio<0ll, 1ll> >, std::ratio<0ll, 1ll>, std::ratio<0ll, 1ll> >, float, units::linear_scale> units::operator+<int, 0>(units::unit_t<units::unit<std::ratio<1ll, 1ll>, units::base_unit<std::ratio<0ll, 1ll>, std::ratio<0ll, 1ll>, std::ratio<0ll, 1ll>, std::ratio<0ll, 1ll>, std::ratio<0ll, 1ll>, std::ratio<0ll, 1ll>, std::ratio<0ll, 1ll>, std::ratio<0ll, 1ll>, std::ratio<0ll, 1ll> >, std::ratio<0ll, 1ll>, std::ratio<0ll, 1ll> >, float, units::linear_scale> const&, int)
 .text._ZNK5units6unit_tINS_4unitISt5ratioILx1000000ELx1EENS1_IS2_ILx1ELx1EENS_9base_unitIS2_ILx0ELx1EES6_S2_ILxn1ELx1EES6_S6_S6_S6_S6_S6_EES6_S6_EES6_S6_EEfNS_12linear_scaleEEcvT_ItLi0EEEv
                0x0000000000000d80       0x26 build/application/lpc40xx/compiled/source/main.cpp.o
                0x0000000000000d80                units::unit_t<units::unit<std::ratio<1000000ll, 1ll>, units::unit<std::ratio<1ll, 1ll>, units::base_unit<std::ratio<0ll, 1ll>, std::ratio<0ll, 1ll>, std::ratio<-1ll, 1ll>, std::ratio<0ll, 1ll>, std::ratio<0ll, 1ll>, std::ratio<0ll, 1ll>, std::ratio<0ll, 1ll>, std::ratio<0ll, 1ll>, std::ratio<0ll, 1ll> >, std::ratio<0ll, 1ll>, std::ratio<0ll, 1ll> >, std::ratio<0ll, 1ll>, std::ratio<0ll, 1ll> >, float, units::linear_scale>::operator unsigned short<unsigned short, 0>() const
 *fill*         0x0000000000000da6        0x2 ff
 .text._ZNK4sjsu7lpc40xx16SystemController12CalculatePllEN5units6unit_tINS2_4unitISt5ratioILx1000000ELx1EENS4_IS5_ILx1ELx1EENS2_9base_unitIS5_ILx0ELx1EES9_S5_ILxn1ELx1EES9_S9_S9_S9_S9_S9_EES9_S9_EES9_S9_EEfNS2_12linear_scaleEEESF_
                0x0000000000000da8      0x194 build/application/lpc40xx/compiled/source/main.cpp.o
                0x0000000000000da8                sjsu::lpc40xx::SystemController::CalculatePll(units::unit_t<units::unit<std::ratio<1000000ll, 1ll>, units::unit<std::ratio<1ll, 1ll>, units::base_unit<std::ratio<0ll, 1ll>, std::ratio<0ll, 1ll>, std::ratio<-1ll, 1ll>, std::ratio<0ll, 1ll>, std::ratio<0ll, 1ll>, std::ratio<0ll, 1ll>, std::ratio<0ll, 1ll>, std::ratio<0ll, 1ll>, std::ratio<0ll, 1ll> >, std::ratio<0ll, 1ll>, std::ratio<0ll, 1ll> >, std::ratio<0ll, 1ll>, std::ratio<0ll, 1ll> >, float, units::linear_scale>, units::unit_t<units::unit<std::ratio<1000000ll, 1ll>, units::unit<std::ratio<1ll, 1ll>, units::base_unit<std::ratio<0ll, 1ll>, std::ratio<0ll, 1ll>, std::ratio<-1ll, 1ll>, std::ratio<0ll, 1ll>, std::ratio<0ll, 1ll>, std::ratio<0ll, 1ll>, std::ratio<0ll, 1ll>, std::ratio<0ll, 1ll>, std::ratio<0ll, 1ll> >, std::ratio<0ll, 1ll>, std::ratio<0ll, 1ll> >, std::ratio<0ll, 1ll>, std::ratio<0ll, 1ll> >, float, units::linear_scale>) const
 .text._ZNK4sjsu7lpc40xx16SystemController10SetMainPllEN5units6unit_tINS2_4unitISt5ratioILx1000000ELx1EENS4_IS5_ILx1ELx1EENS2_9base_unitIS5_ILx0ELx1EES9_S5_ILxn1ELx1EES9_S9_S9_S9_S9_S9_EES9_S9_EES9_S9_EEfNS2_12linear_scaleEEESF_
                0x0000000000000f3c       0xc8 build/application/lpc40xx/compiled/source/main.cpp.o
                0x0000000000000f3c                sjsu::lpc40xx::SystemController::SetMainPll(units::unit_t<units::unit<std::ratio<1000000ll, 1ll>, units::unit<std::ratio<1ll, 1ll>, units::base_unit<std::ratio<0ll, 1ll>, std::ratio<0ll, 1ll>, std::ratio<-1ll, 1ll>, std::ratio<0ll, 1ll>, std::ratio<0ll, 1ll>, std::ratio<0ll, 1ll>, std::ratio<0ll, 1ll>, std::ratio<0ll, 1ll>, std::ratio<0ll, 1ll> >, std::ratio<0ll, 1ll>, std::ratio<0ll, 1ll> >, std::ratio<0ll, 1ll>, std::ratio<0ll, 1ll> >, float, units::linear_scale>, units::unit_t<units::unit<std::ratio<1000000ll, 1ll>, units::unit<std::ratio<1ll, 1ll>, units::base_unit<std::ratio<0ll, 1ll>, std::ratio<0ll, 1ll>, std::ratio<-1ll, 1ll>, std::ratio<0ll, 1ll>, std::ratio<0ll, 1ll>, std::ratio<0ll, 1ll>, std::ratio<0ll, 1ll>, std::ratio<0ll, 1ll>, std::ratio<0ll, 1ll> >, std::ratio<0ll, 1ll>, std::ratio<0ll, 1ll> >, std::ratio<0ll, 1ll>, std::ratio<0ll, 1ll> >, float, units::linear_scale>) const
 .text._ZNK4sjsu7lpc40xx16SystemController18SetCpuClockDividerEh
                0x0000000000001004       0x7c build/application/lpc40xx/compiled/source/main.cpp.o
                0x0000000000001004                sjsu::lpc40xx::SystemController::SetCpuClockDivider(unsigned char) const
 .text._ZNK4sjsu7lpc40xx16SystemController18SetEmcClockDividerENS1_10EmcDividerE
                0x0000000000001080       0x48 build/application/lpc40xx/compiled/source/main.cpp.o
                0x0000000000001080                sjsu::lpc40xx::SystemController::SetEmcClockDivider(sjsu::lpc40xx::SystemController::EmcDivider) const
 .text._ZN4sjsu7lpc40xx23DefaultSystemControllerEv
                0x00000000000010c8       0x14 build/application/lpc40xx/compiled/source/main.cpp.o
                0x00000000000010c8                sjsu::lpc40xx::DefaultSystemController()
 .text._ZNK4sjsu4Uart5WriteEh
                0x00000000000010dc       0x24 build/application/lpc40xx/compiled/source/main.cpp.o
                0x00000000000010dc                sjsu::Uart::Write(unsigned char) const
 .text._ZNK4sjsu4Uart4ReadENSt6chrono8durationIxSt5ratioILx1ELx1000000EEEE
                0x0000000000001100       0x44 build/application/lpc40xx/compiled/source/main.cpp.o
                0x0000000000001100                sjsu::Uart::Read(std::chrono::duration<long long, std::ratio<1ll, 1000000ll> >) const
 .text._ZN4sjsu7lpc40xx4uart21FindClosestFractionalEf
                0x0000000000001144       0xe0 build/application/lpc40xx/compiled/source/main.cpp.o
                0x0000000000001144                sjsu::lpc40xx::uart::FindClosestFractional(float)
 .text._ZN4sjsu7lpc40xx4uart15DividerEstimateEffm
                0x0000000000001224       0x4c build/application/lpc40xx/compiled/source/main.cpp.o
                0x0000000000001224                sjsu::lpc40xx::uart::DividerEstimate(float, float, unsigned long)
 .text._ZN4sjsu7lpc40xx4uart18FractionalEstimateEffm
                0x0000000000001270       0x4c build/application/lpc40xx/compiled/source/main.cpp.o
                0x0000000000001270                sjsu::lpc40xx::uart::FractionalEstimate(float, float, unsigned long)
 .text._ZN4sjsu7lpc40xx4uart10RoundFloatEf
                0x00000000000012bc       0x2c build/application/lpc40xx/compiled/source/main.cpp.o
                0x00000000000012bc                sjsu::lpc40xx::uart::RoundFloat(float)
 .text._ZN4sjsu7lpc40xx4uart9IsDecmialEf
                0x00000000000012e8       0x64 build/application/lpc40xx/compiled/source/main.cpp.o
                0x00000000000012e8                sjsu::lpc40xx::uart::IsDecmial(float)
 .text._ZN5units9unit_castImNS_6unit_tINS_4unitISt5ratioILx1ELx1EENS_9base_unitIS3_ILx0ELx1EES6_S3_ILxn1ELx1EES6_S6_S6_S6_S6_S6_EES6_S6_EEfNS_12linear_scaleEEEvEET_RKT0_
                0x000000000000134c       0x18 build/application/lpc40xx/compiled/source/main.cpp.o
                0x000000000000134c                unsigned long units::unit_cast<unsigned long, units::unit_t<units::unit<std::ratio<1ll, 1ll>, units::base_unit<std::ratio<0ll, 1ll>, std::ratio<0ll, 1ll>, std::ratio<-1ll, 1ll>, std::ratio<0ll, 1ll>, std::ratio<0ll, 1ll>, std::ratio<0ll, 1ll>, std::ratio<0ll, 1ll>, std::ratio<0ll, 1ll>, std::ratio<0ll, 1ll> >, std::ratio<0ll, 1ll>, std::ratio<0ll, 1ll> >, float, units::linear_scale>, void>(units::unit_t<units::unit<std::ratio<1ll, 1ll>, units::base_unit<std::ratio<0ll, 1ll>, std::ratio<0ll, 1ll>, std::ratio<-1ll, 1ll>, std::ratio<0ll, 1ll>, std::ratio<0ll, 1ll>, std::ratio<0ll, 1ll>, std::ratio<0ll, 1ll>, std::ratio<0ll, 1ll>, std::ratio<0ll, 1ll> >, std::ratio<0ll, 1ll>, std::ratio<0ll, 1ll> >, float, units::linear_scale> const&)
 .text._ZNK5units6unit_tINS_4unitISt5ratioILx1ELx1EENS_9base_unitIS2_ILx0ELx1EES5_S2_ILxn1ELx1EES5_S5_S5_S5_S5_S5_EES5_S5_EEfNS_12linear_scaleEEcvT_ImLi0EEEv
                0x0000000000001364       0x24 build/application/lpc40xx/compiled/source/main.cpp.o
                0x0000000000001364                units::unit_t<units::unit<std::ratio<1ll, 1ll>, units::base_unit<std::ratio<0ll, 1ll>, std::ratio<0ll, 1ll>, std::ratio<-1ll, 1ll>, std::ratio<0ll, 1ll>, std::ratio<0ll, 1ll>, std::ratio<0ll, 1ll>, std::ratio<0ll, 1ll>, std::ratio<0ll, 1ll>, std::ratio<0ll, 1ll> >, std::ratio<0ll, 1ll>, std::ratio<0ll, 1ll> >, float, units::linear_scale>::operator unsigned long<unsigned long, 0>() const
 .text._ZN4sjsu7lpc40xx4uartL23GenerateUartCalibrationEmN5units6unit_tINS2_4unitISt5ratioILx1ELx1EENS2_9base_unitIS5_ILx0ELx1EES8_S5_ILxn1ELx1EES8_S8_S8_S8_S8_S8_EES8_S8_EEfNS2_12linear_scaleEEE
                0x0000000000001388      0x1ec build/application/lpc40xx/compiled/source/main.cpp.o
 .text._ZN4sjsu4UartC2Ev
                0x0000000000001574       0x20 build/application/lpc40xx/compiled/source/main.cpp.o
                0x0000000000001574                sjsu::Uart::Uart()
                0x0000000000001574                sjsu::Uart::Uart()
 .text._ZN4sjsu7lpc40xx4UartC2ERKNS1_6Port_tERKNS_16SystemControllerE
                0x0000000000001594       0x34 build/application/lpc40xx/compiled/source/main.cpp.o
                0x0000000000001594                sjsu::lpc40xx::Uart::Uart(sjsu::lpc40xx::Uart::Port_t const&, sjsu::SystemController const&)
                0x0000000000001594                sjsu::lpc40xx::Uart::Uart(sjsu::lpc40xx::Uart::Port_t const&, sjsu::SystemController const&)
 .text._ZNK4sjsu7lpc40xx4Uart10InitializeEm
                0x00000000000015c8       0xc0 build/application/lpc40xx/compiled/source/main.cpp.o
                0x00000000000015c8                sjsu::lpc40xx::Uart::Initialize(unsigned long) const
 .text._ZNK4sjsu7lpc40xx4Uart11SetBaudRateEm
                0x0000000000001688       0x8c build/application/lpc40xx/compiled/source/main.cpp.o
                0x0000000000001688                sjsu::lpc40xx::Uart::SetBaudRate(unsigned long) const
 .text._ZNK4sjsu7lpc40xx4Uart5WriteEPKhj
                0x0000000000001714       0x4e build/application/lpc40xx/compiled/source/main.cpp.o
                0x0000000000001714                sjsu::lpc40xx::Uart::Write(unsigned char const*, unsigned int) const
 .text._ZZNK4sjsu7lpc40xx4Uart4ReadEPhjNSt6chrono8durationIxSt5ratioILx1ELx1000000EEEEENKUlvE_clEv
                0x0000000000001762       0x56 build/application/lpc40xx/compiled/source/main.cpp.o
                0x0000000000001762                sjsu::lpc40xx::Uart::Read(unsigned char*, unsigned int, std::chrono::duration<long long, std::ratio<1ll, 1000000ll> >) const::{lambda()#1}::operator()() const
 .text._ZNK4sjsu7lpc40xx4Uart4ReadEPhjNSt6chrono8durationIxSt5ratioILx1ELx1000000EEEE
                0x00000000000017b8       0xd0 build/application/lpc40xx/compiled/source/main.cpp.o
                0x00000000000017b8                sjsu::lpc40xx::Uart::Read(unsigned char*, unsigned int, std::chrono::duration<long long, std::ratio<1ll, 1000000ll> >) const
 .text._ZNK4sjsu7lpc40xx4Uart7HasDataEv
                0x0000000000001888       0x24 build/application/lpc40xx/compiled/source/main.cpp.o
                0x0000000000001888                sjsu::lpc40xx::Uart::HasData() const
 .text._ZNK4sjsu7lpc40xx4Uart20TransmissionCompleteEv
                0x00000000000018ac       0x24 build/application/lpc40xx/compiled/source/main.cpp.o
                0x00000000000018ac                sjsu::lpc40xx::Uart::TransmissionComplete() const
 .text._ZN4sjsu7lpc40xx3Adc18BurstModeIsEnabledEv
                0x00000000000018d0       0x30 build/application/lpc40xx/compiled/source/main.cpp.o
                0x00000000000018d0                sjsu::lpc40xx::Adc::BurstModeIsEnabled()
 .text._ZN4sjsu3AdcC2Ev
                0x0000000000001900       0x20 build/application/lpc40xx/compiled/source/main.cpp.o
                0x0000000000001900                sjsu::Adc::Adc()
                0x0000000000001900                sjsu::Adc::Adc()
 .text._ZN4sjsu7lpc40xx3AdcC2ERKNS1_9Channel_tERKNS_16SystemControllerE
                0x0000000000001920       0x34 build/application/lpc40xx/compiled/source/main.cpp.o
                0x0000000000001920                sjsu::lpc40xx::Adc::Adc(sjsu::lpc40xx::Adc::Channel_t const&, sjsu::SystemController const&)
                0x0000000000001920                sjsu::lpc40xx::Adc::Adc(sjsu::lpc40xx::Adc::Channel_t const&, sjsu::SystemController const&)
 .text._ZN5unitsdvINS_6unit_tINS_4unitISt5ratioILx1ELx1EENS_9base_unitIS3_ILx0ELx1EES6_S3_ILxn1ELx1EES6_S6_S6_S6_S6_S6_EES6_S6_EEfNS_12linear_scaleEEESB_Li0EEENS1_INS2_IS4_NS5_IS6_S6_S6_S6_S6_S6_S6_S6_S6_EES6_S6_EEfSA_EERKT_RKT0_
                0x0000000000001954       0x58 build/application/lpc40xx/compiled/source/main.cpp.o
                0x0000000000001954                units::unit_t<units::unit<std::ratio<1ll, 1ll>, units::base_unit<std::ratio<0ll, 1ll>, std::ratio<0ll, 1ll>, std::ratio<0ll, 1ll>, std::ratio<0ll, 1ll>, std::ratio<0ll, 1ll>, std::ratio<0ll, 1ll>, std::ratio<0ll, 1ll>, std::ratio<0ll, 1ll>, std::ratio<0ll, 1ll> >, std::ratio<0ll, 1ll>, std::ratio<0ll, 1ll> >, float, units::linear_scale> units::operator/<units::unit_t<units::unit<std::ratio<1ll, 1ll>, units::base_unit<std::ratio<0ll, 1ll>, std::ratio<0ll, 1ll>, std::ratio<-1ll, 1ll>, std::ratio<0ll, 1ll>, std::ratio<0ll, 1ll>, std::ratio<0ll, 1ll>, std::ratio<0ll, 1ll>, std::ratio<0ll, 1ll>, std::ratio<0ll, 1ll> >, std::ratio<0ll, 1ll>, std::ratio<0ll, 1ll> >, float, units::linear_scale>, units::unit_t<units::unit<std::ratio<1ll, 1ll>, units::base_unit<std::ratio<0ll, 1ll>, std::ratio<0ll, 1ll>, std::ratio<-1ll, 1ll>, std::ratio<0ll, 1ll>, std::ratio<0ll, 1ll>, std::ratio<0ll, 1ll>, std::ratio<0ll, 1ll>, std::ratio<0ll, 1ll>, std::ratio<0ll, 1ll> >, std::ratio<0ll, 1ll>, std::ratio<0ll, 1ll> >, float, units::linear_scale>, 0>(units::unit_t<units::unit<std::ratio<1ll, 1ll>, units::base_unit<std::ratio<0ll, 1ll>, std::ratio<0ll, 1ll>, std::ratio<-1ll, 1ll>, std::ratio<0ll, 1ll>, std::ratio<0ll, 1ll>, std::ratio<0ll, 1ll>, std::ratio<0ll, 1ll>, std::ratio<0ll, 1ll>, std::ratio<0ll, 1ll> >, std::ratio<0ll, 1ll>, std::ratio<0ll, 1ll> >, float, units::linear_scale> const&, units::unit_t<units::unit<std::ratio<1ll, 1ll>, units::base_unit<std::ratio<0ll, 1ll>, std::ratio<0ll, 1ll>, std::ratio<-1ll, 1ll>, std::ratio<0ll, 1ll>, std::ratio<0ll, 1ll>, std::ratio<0ll, 1ll>, std::ratio<0ll, 1ll>, std::ratio<0ll, 1ll>, std::ratio<0ll, 1ll> >, std::ratio<0ll, 1ll>, std::ratio<0ll, 1ll> >, float, units::linear_scale> const&)
 .text._ZNK5units6unit_tINS_4unitISt5ratioILx1ELx1EENS_9base_unitIS2_ILx0ELx1EES5_S5_S5_S5_S5_S5_S5_S5_EES5_S5_EEfNS_12linear_scaleEE2toImvEET_v
                0x00000000000019ac       0x18 build/application/lpc40xx/compiled/source/main.cpp.o
                0x00000000000019ac                unsigned long units::unit_t<units::unit<std::ratio<1ll, 1ll>, units::base_unit<std::ratio<0ll, 1ll>, std::ratio<0ll, 1ll>, std::ratio<0ll, 1ll>, std::ratio<0ll, 1ll>, std::ratio<0ll, 1ll>, std::ratio<0ll, 1ll>, std::ratio<0ll, 1ll>, std::ratio<0ll, 1ll>, std::ratio<0ll, 1ll> >, std::ratio<0ll, 1ll>, std::ratio<0ll, 1ll> >, float, units::linear_scale>::to<unsigned long, void>() const
 .text._ZNK4sjsu7lpc40xx3Adc10InitializeEv
                0x00000000000019c4      0x11c build/application/lpc40xx/compiled/source/main.cpp.o
                0x00000000000019c4                sjsu::lpc40xx::Adc::Initialize() const
 .text._ZNK4sjsu7lpc40xx3Adc4ReadEv
                0x0000000000001ae0       0x50 build/application/lpc40xx/compiled/source/main.cpp.o
                0x0000000000001ae0                sjsu::lpc40xx::Adc::Read() const
 .text._ZNK4sjsu7lpc40xx3Adc13GetActiveBitsEv
                0x0000000000001b30       0x16 build/application/lpc40xx/compiled/source/main.cpp.o
                0x0000000000001b30                sjsu::lpc40xx::Adc::GetActiveBits() const
 *fill*         0x0000000000001b46        0x2 ff
 .text._ZNK4sjsu7lpc40xx3Adc21HasConversionFinishedEv
                0x0000000000001b48       0x48 build/application/lpc40xx/compiled/source/main.cpp.o
                0x0000000000001b48                sjsu::lpc40xx::Adc::HasConversionFinished() const
 .text._ZNK4sjsu7lpc40xx3Adc10ConversionEv
                0x0000000000001b90       0xc4 build/application/lpc40xx/compiled/source/main.cpp.o
                0x0000000000001b90                sjsu::lpc40xx::Adc::Conversion() const
 .text._ZNK4sjsu4Gpio7SetHighEv
                0x0000000000001c54       0x1e build/application/lpc40xx/compiled/source/main.cpp.o
                0x0000000000001c54                sjsu::Gpio::SetHigh() const
 .text._ZNK4sjsu4Gpio6SetLowEv
                0x0000000000001c72       0x1e build/application/lpc40xx/compiled/source/main.cpp.o
                0x0000000000001c72                sjsu::Gpio::SetLow() const
 .text._ZNK4sjsu4Gpio11SetAsOutputEv
                0x0000000000001c90       0x1c build/application/lpc40xx/compiled/source/main.cpp.o
                0x0000000000001c90                sjsu::Gpio::SetAsOutput() const
 .text._ZN4sjsu6cortex19InterruptController25UnregisteredArmExceptionsEv
                0x0000000000001cac        0xe build/application/lpc40xx/compiled/source/main.cpp.o
                0x0000000000001cac                sjsu::cortex::InterruptController::UnregisteredArmExceptions()
 *fill*         0x0000000000001cba        0x2 ff
 .text._ZN4sjsu6cortex19InterruptController28UnregisteredInterruptHandlerEv
                0x0000000000001cbc       0x3c build/application/lpc40xx/compiled/source/main.cpp.o
                0x0000000000001cbc                sjsu::cortex::InterruptController::UnregisteredInterruptHandler()
 .text._ZSt4sizeIPFvvELj64EEjRAT0__KT_
                0x0000000000001cf8       0x16 build/application/lpc40xx/compiled/source/main.cpp.o
                0x0000000000001cf8                unsigned int std::size<void (*)(), 64u>(void (* const (&) [64u])())
 *fill*         0x0000000000001d0e        0x2 ff
 .text._ZN4sjsu6cortex19InterruptController13VectorTable_t20GenerateDefaultTableEv
                0x0000000000001d10       0x74 build/application/lpc40xx/compiled/source/main.cpp.o
                0x0000000000001d10                sjsu::cortex::InterruptController::VectorTable_t::GenerateDefaultTable()
 .text._ZN4sjsu6cortex19InterruptController10IrqToIndexEi
                0x0000000000001d84       0x18 build/application/lpc40xx/compiled/source/main.cpp.o
                0x0000000000001d84                sjsu::cortex::InterruptController::IrqToIndex(int)
 .text._ZN4sjsu6cortex19InterruptController9GetVectorEi
                0x0000000000001d9c       0x24 build/application/lpc40xx/compiled/source/main.cpp.o
                0x0000000000001d9c                sjsu::cortex::InterruptController::GetVector(int)
 .text._ZNK4sjsu6cortex19InterruptController8RegisterENS_19InterruptController18RegistrationInfo_tE
                0x0000000000001dc0       0x54 build/application/lpc40xx/compiled/source/main.cpp.o
                0x0000000000001dc0                sjsu::cortex::InterruptController::Register(sjsu::InterruptController::RegistrationInfo_t) const
 .text._ZNK4sjsu6cortex19InterruptController10DeregisterEi
                0x0000000000001e14       0x28 build/application/lpc40xx/compiled/source/main.cpp.o
                0x0000000000001e14                sjsu::cortex::InterruptController::Deregister(int) const
 .text._ZNK4sjsu7lpc40xx4Gpio12SetDirectionENS_4Gpio9DirectionE
                0x0000000000001e3c       0x80 build/application/lpc40xx/compiled/source/main.cpp.o
                0x0000000000001e3c                sjsu::lpc40xx::Gpio::SetDirection(sjsu::Gpio::Direction) const
 .text._ZNK4sjsu7lpc40xx4Gpio3SetENS_4Gpio5StateE
                0x0000000000001ebc       0x74 build/application/lpc40xx/compiled/source/main.cpp.o
                0x0000000000001ebc                sjsu::lpc40xx::Gpio::Set(sjsu::Gpio::State) const
 .text._ZNK4sjsu7lpc40xx4Gpio6ToggleEv
                0x0000000000001f30       0x44 build/application/lpc40xx/compiled/source/main.cpp.o
                0x0000000000001f30                sjsu::lpc40xx::Gpio::Toggle() const
 .text._ZNK4sjsu7lpc40xx4Gpio4ReadEv
                0x0000000000001f74       0x40 build/application/lpc40xx/compiled/source/main.cpp.o
                0x0000000000001f74                sjsu::lpc40xx::Gpio::Read() const
 .text._ZNK4sjsu7lpc40xx4Gpio6GetPinEv
                0x0000000000001fb4       0x18 build/application/lpc40xx/compiled/source/main.cpp.o
                0x0000000000001fb4                sjsu::lpc40xx::Gpio::GetPin() const
 .text._ZNK4sjsu7lpc40xx4Gpio14ValidPortCheckEv
                0x0000000000001fcc       0x54 build/application/lpc40xx/compiled/source/main.cpp.o
                0x0000000000001fcc                sjsu::lpc40xx::Gpio::ValidPortCheck() const
 .text._ZNK4sjsu7lpc40xx4Gpio19SetInterruptRoutineEPFvvE
                0x0000000000002020       0x3c build/application/lpc40xx/compiled/source/main.cpp.o
                0x0000000000002020                sjsu::lpc40xx::Gpio::SetInterruptRoutine(void (*)()) const
 .text._ZNK4sjsu7lpc40xx4Gpio21ClearInterruptRoutineEv
                0x000000000000205c       0x34 build/application/lpc40xx/compiled/source/main.cpp.o
                0x000000000000205c                sjsu::lpc40xx::Gpio::ClearInterruptRoutine() const
 .text._ZN4sjsu5ValueINS_4Gpio4EdgeEEEDaT_
                0x0000000000002090       0x18 build/application/lpc40xx/compiled/source/main.cpp.o
                0x0000000000002090                auto sjsu::Value<sjsu::Gpio::Edge>(sjsu::Gpio::Edge)
 .text._ZNK4sjsu7lpc40xx4Gpio16SetInterruptEdgeENS_4Gpio4EdgeE
                0x00000000000020a8       0x6c build/application/lpc40xx/compiled/source/main.cpp.o
                0x00000000000020a8                sjsu::lpc40xx::Gpio::SetInterruptEdge(sjsu::Gpio::Edge) const
 .text._ZNK4sjsu7lpc40xx4Gpio15AttachInterruptEPFvvENS_4Gpio4EdgeE
                0x0000000000002114       0x2e build/application/lpc40xx/compiled/source/main.cpp.o
                0x0000000000002114                sjsu::lpc40xx::Gpio::AttachInterrupt(void (*)(), sjsu::Gpio::Edge) const
 .text._ZNK4sjsu7lpc40xx4Gpio15DetachInterruptEv
                0x0000000000002142       0x28 build/application/lpc40xx/compiled/source/main.cpp.o
                0x0000000000002142                sjsu::lpc40xx::Gpio::DetachInterrupt() const
 *fill*         0x000000000000216a        0x2 ff
 .text._ZNK4sjsu7lpc40xx4Gpio13SetEdgeRisingEv
                0x000000000000216c       0x5c build/application/lpc40xx/compiled/source/main.cpp.o
                0x000000000000216c                sjsu::lpc40xx::Gpio::SetEdgeRising() const
 .text._ZNK4sjsu7lpc40xx4Gpio14SetEdgeFallingEv
                0x00000000000021c8       0x5c build/application/lpc40xx/compiled/source/main.cpp.o
                0x00000000000021c8                sjsu::lpc40xx::Gpio::SetEdgeFalling() const
 .text._ZNK4sjsu7lpc40xx4Gpio15ClearEdgeRisingEv
                0x0000000000002224       0x5c build/application/lpc40xx/compiled/source/main.cpp.o
                0x0000000000002224                sjsu::lpc40xx::Gpio::ClearEdgeRising() const
 .text._ZNK4sjsu7lpc40xx4Gpio16ClearEdgeFallingEv
                0x0000000000002280       0x5c build/application/lpc40xx/compiled/source/main.cpp.o
                0x0000000000002280                sjsu::lpc40xx::Gpio::ClearEdgeFalling() const
 .text._ZNKSt6chrono8durationIxSt5ratioILx1ELx1000000EEE5countEv
                0x00000000000022dc       0x1a build/application/lpc40xx/compiled/source/main.cpp.o
                0x00000000000022dc                std::chrono::duration<long long, std::ratio<1ll, 1000000ll> >::count() const
 .text._ZNSt6chrono15duration_valuesIxE3maxEv
                0x00000000000022f6       0x12 build/application/lpc40xx/compiled/source/main.cpp.o
                0x00000000000022f6                std::chrono::duration_values<long long>::max()
 .text._ZNSt6chrono8durationIxSt5ratioILx1ELx1000000EEE3maxEv
                0x0000000000002308       0x28 build/application/lpc40xx/compiled/source/main.cpp.o
                0x0000000000002308                std::chrono::duration<long long, std::ratio<1ll, 1000000ll> >::max()
 .text._Z9vUartTaskPv
                0x0000000000002330      0x16c build/application/lpc40xx/compiled/source/main.cpp.o
                0x0000000000002330                vUartTask(void*)
 .text._Z8my_roundf
                0x000000000000249c       0x44 build/application/lpc40xx/compiled/source/main.cpp.o
                0x000000000000249c                my_round(float)
 .text._ZN4sjsu3AdcC2ERKS0_
                0x00000000000024e0       0x24 build/application/lpc40xx/compiled/source/main.cpp.o
                0x00000000000024e0                sjsu::Adc::Adc(sjsu::Adc const&)
                0x00000000000024e0                sjsu::Adc::Adc(sjsu::Adc const&)
 .text._ZN4sjsu7lpc40xx3AdcC2ERKS1_
                0x0000000000002504       0x3c build/application/lpc40xx/compiled/source/main.cpp.o
                0x0000000000002504                sjsu::lpc40xx::Adc::Adc(sjsu::lpc40xx::Adc const&)
                0x0000000000002504                sjsu::lpc40xx::Adc::Adc(sjsu::lpc40xx::Adc const&)
 .text._Z18vPotentiometerTaskPv
                0x0000000000002540      0x15c build/application/lpc40xx/compiled/source/main.cpp.o
                0x0000000000002540                vPotentiometerTask(void*)
 .text._ZN4sjsu4GpioC2ERKS0_
                0x000000000000269c       0x24 build/application/lpc40xx/compiled/source/main.cpp.o
                0x000000000000269c                sjsu::Gpio::Gpio(sjsu::Gpio const&)
                0x000000000000269c                sjsu::Gpio::Gpio(sjsu::Gpio const&)
 .text._ZN4sjsu3PinC2ERKS0_
                0x00000000000026c0       0x34 build/application/lpc40xx/compiled/source/main.cpp.o
                0x00000000000026c0                sjsu::Pin::Pin(sjsu::Pin const&)
                0x00000000000026c0                sjsu::Pin::Pin(sjsu::Pin const&)
 .text._ZN4sjsu7lpc40xx3PinC2ERKS1_
                0x00000000000026f4       0x2c build/application/lpc40xx/compiled/source/main.cpp.o
                0x00000000000026f4                sjsu::lpc40xx::Pin::Pin(sjsu::lpc40xx::Pin const&)
                0x00000000000026f4                sjsu::lpc40xx::Pin::Pin(sjsu::lpc40xx::Pin const&)
 .text._ZN4sjsu7lpc40xx4GpioC2ERKS1_
                0x0000000000002720       0x4c build/application/lpc40xx/compiled/source/main.cpp.o
                0x0000000000002720                sjsu::lpc40xx::Gpio::Gpio(sjsu::lpc40xx::Gpio const&)
                0x0000000000002720                sjsu::lpc40xx::Gpio::Gpio(sjsu::lpc40xx::Gpio const&)
 .text._Z10vBrakeTaskPv
                0x000000000000276c      0x134 build/application/lpc40xx/compiled/source/main.cpp.o
                0x000000000000276c                vBrakeTask(void*)
 .text.main     0x00000000000028a0       0x80 build/application/lpc40xx/compiled/source/main.cpp.o
                0x00000000000028a0                main
 .text._ZNSt6chrono8durationIxSt5ratioILx1ELx1000000EEEppEi
                0x0000000000002920       0x36 build/application/lpc40xx/compiled/source/main.cpp.o
                0x0000000000002920                std::chrono::duration<long long, std::ratio<1ll, 1000000ll> >::operator++(int)
 .text._ZNSt6chronoeqIxSt5ratioILx1ELx1000000EExS2_EEbRKNS_8durationIT_T0_EERKNS3_IT1_T2_EE
                0x0000000000002956       0x4e build/application/lpc40xx/compiled/source/main.cpp.o
                0x0000000000002956                bool std::chrono::operator==<long long, std::ratio<1ll, 1000000ll>, long long, std::ratio<1ll, 1000000ll> >(std::chrono::duration<long long, std::ratio<1ll, 1000000ll> > const&, std::chrono::duration<long long, std::ratio<1ll, 1000000ll> > const&)
 .text._ZN4sjsu3bit6InsertImhEET_S2_T0_NS0_4MaskE
                0x00000000000029a4       0x26 build/application/lpc40xx/compiled/source/main.cpp.o
                0x00000000000029a4                unsigned long sjsu::bit::Insert<unsigned long, unsigned char>(unsigned long, unsigned char, sjsu::bit::Mask)
 .text._ZN5unitsdvINS_6unit_tINS_4unitISt5ratioILx1ELx1EENS_9base_unitIS3_ILx0ELx1EES6_S3_ILxn1ELx1EES6_S6_S6_S6_S6_S6_EES6_S6_EEfNS_12linear_scaleEEEmLi0EEET_RKSC_T0_
                0x00000000000029ca       0x3c build/application/lpc40xx/compiled/source/main.cpp.o
                0x00000000000029ca                units::unit_t<units::unit<std::ratio<1ll, 1ll>, units::base_unit<std::ratio<0ll, 1ll>, std::ratio<0ll, 1ll>, std::ratio<-1ll, 1ll>, std::ratio<0ll, 1ll>, std::ratio<0ll, 1ll>, std::ratio<0ll, 1ll>, std::ratio<0ll, 1ll>, std::ratio<0ll, 1ll>, std::ratio<0ll, 1ll> >, std::ratio<0ll, 1ll>, std::ratio<0ll, 1ll> >, float, units::linear_scale> units::operator/<units::unit_t<units::unit<std::ratio<1ll, 1ll>, units::base_unit<std::ratio<0ll, 1ll>, std::ratio<0ll, 1ll>, std::ratio<-1ll, 1ll>, std::ratio<0ll, 1ll>, std::ratio<0ll, 1ll>, std::ratio<0ll, 1ll>, std::ratio<0ll, 1ll>, std::ratio<0ll, 1ll>, std::ratio<0ll, 1ll> >, std::ratio<0ll, 1ll>, std::ratio<0ll, 1ll> >, float, units::linear_scale>, unsigned long, 0>(units::unit_t<units::unit<std::ratio<1ll, 1ll>, units::base_unit<std::ratio<0ll, 1ll>, std::ratio<0ll, 1ll>, std::ratio<-1ll, 1ll>, std::ratio<0ll, 1ll>, std::ratio<0ll, 1ll>, std::ratio<0ll, 1ll>, std::ratio<0ll, 1ll>, std::ratio<0ll, 1ll>, std::ratio<0ll, 1ll> >, std::ratio<0ll, 1ll>, std::ratio<0ll, 1ll> >, float, units::linear_scale> const&, unsigned long)
 .text._ZNK5units6unit_tINS_4unitISt5ratioILx1000000ELx1EENS1_IS2_ILx1ELx1EENS_9base_unitIS2_ILx0ELx1EES6_S2_ILxn1ELx1EES6_S6_S6_S6_S6_S6_EES6_S6_EES6_S6_EEfNS_12linear_scaleEEgtISA_fSB_EEbRKNS0_IT_T0_T1_EE
                0x0000000000002a06       0x3c build/application/lpc40xx/compiled/source/main.cpp.o
                0x0000000000002a06                bool units::unit_t<units::unit<std::ratio<1000000ll, 1ll>, units::unit<std::ratio<1ll, 1ll>, units::base_unit<std::ratio<0ll, 1ll>, std::ratio<0ll, 1ll>, std::ratio<-1ll, 1ll>, std::ratio<0ll, 1ll>, std::ratio<0ll, 1ll>, std::ratio<0ll, 1ll>, std::ratio<0ll, 1ll>, std::ratio<0ll, 1ll>, std::ratio<0ll, 1ll> >, std::ratio<0ll, 1ll>, std::ratio<0ll, 1ll> >, std::ratio<0ll, 1ll>, std::ratio<0ll, 1ll> >, float, units::linear_scale>::operator><units::unit<std::ratio<1000000ll, 1ll>, units::unit<std::ratio<1ll, 1ll>, units::base_unit<std::ratio<0ll, 1ll>, std::ratio<0ll, 1ll>, std::ratio<-1ll, 1ll>, std::ratio<0ll, 1ll>, std::ratio<0ll, 1ll>, std::ratio<0ll, 1ll>, std::ratio<0ll, 1ll>, std::ratio<0ll, 1ll>, std::ratio<0ll, 1ll> >, std::ratio<0ll, 1ll>, std::ratio<0ll, 1ll> >, std::ratio<0ll, 1ll>, std::ratio<0ll, 1ll> >, float, units::linear_scale>(units::unit_t<units::unit<std::ratio<1000000ll, 1ll>, units::unit<std::ratio<1ll, 1ll>, units::base_unit<std::ratio<0ll, 1ll>, std::ratio<0ll, 1ll>, std::ratio<-1ll, 1ll>, std::ratio<0ll, 1ll>, std::ratio<0ll, 1ll>, std::ratio<0ll, 1ll>, std::ratio<0ll, 1ll>, std::ratio<0ll, 1ll>, std::ratio<0ll, 1ll> >, std::ratio<0ll, 1ll>, std::ratio<0ll, 1ll> >, std::ratio<0ll, 1ll>, std::ratio<0ll, 1ll> >, float, units::linear_scale> const&) const
 .text._ZN5units6unit_tINS_4unitISt5ratioILx1ELx1EENS_9base_unitIS2_ILx0ELx1EES5_S2_ILxn1ELx1EES5_S5_S5_S5_S5_S5_EES5_S5_EEfNS_12linear_scaleEEaSINS1_IS2_ILx1000000ELx1EES8_S5_S5_EEfS9_EERSA_RKNS0_IT_T0_T1_EE
                0x0000000000002a42       0x26 build/application/lpc40xx/compiled/source/main.cpp.o
                0x0000000000002a42                units::unit_t<units::unit<std::ratio<1ll, 1ll>, units::base_unit<std::ratio<0ll, 1ll>, std::ratio<0ll, 1ll>, std::ratio<-1ll, 1ll>, std::ratio<0ll, 1ll>, std::ratio<0ll, 1ll>, std::ratio<0ll, 1ll>, std::ratio<0ll, 1ll>, std::ratio<0ll, 1ll>, std::ratio<0ll, 1ll> >, std::ratio<0ll, 1ll>, std::ratio<0ll, 1ll> >, float, units::linear_scale>& units::unit_t<units::unit<std::ratio<1ll, 1ll>, units::base_unit<std::ratio<0ll, 1ll>, std::ratio<0ll, 1ll>, std::ratio<-1ll, 1ll>, std::ratio<0ll, 1ll>, std::ratio<0ll, 1ll>, std::ratio<0ll, 1ll>, std::ratio<0ll, 1ll>, std::ratio<0ll, 1ll>, std::ratio<0ll, 1ll> >, std::ratio<0ll, 1ll>, std::ratio<0ll, 1ll> >, float, units::linear_scale>::operator=<units::unit<std::ratio<1000000ll, 1ll>, units::unit<std::ratio<1ll, 1ll>, units::base_unit<std::ratio<0ll, 1ll>, std::ratio<0ll, 1ll>, std::ratio<-1ll, 1ll>, std::ratio<0ll, 1ll>, std::ratio<0ll, 1ll>, std::ratio<0ll, 1ll>, std::ratio<0ll, 1ll>, std::ratio<0ll, 1ll>, std::ratio<0ll, 1ll> >, std::ratio<0ll, 1ll>, std::ratio<0ll, 1ll> >, std::ratio<0ll, 1ll>, std::ratio<0ll, 1ll> >, float, units::linear_scale>(units::unit_t<units::unit<std::ratio<1000000ll, 1ll>, units::unit<std::ratio<1ll, 1ll>, units::base_unit<std::ratio<0ll, 1ll>, std::ratio<0ll, 1ll>, std::ratio<-1ll, 1ll>, std::ratio<0ll, 1ll>, std::ratio<0ll, 1ll>, std::ratio<0ll, 1ll>, std::ratio<0ll, 1ll>, std::ratio<0ll, 1ll>, std::ratio<0ll, 1ll> >, std::ratio<0ll, 1ll>, std::ratio<0ll, 1ll> >, std::ratio<0ll, 1ll>, std::ratio<0ll, 1ll> >, float, units::linear_scale> const&)
 .text._ZN4sjsu3bit3SetImEET_S2_m
                0x0000000000002a68       0x24 build/application/lpc40xx/compiled/source/main.cpp.o
                0x0000000000002a68                unsigned long sjsu::bit::Set<unsigned long>(unsigned long, unsigned long)
 .text._ZN4sjsu3bit5ClearImEET_S2_m
                0x0000000000002a8c       0x26 build/application/lpc40xx/compiled/source/main.cpp.o
                0x0000000000002a8c                unsigned long sjsu::bit::Clear<unsigned long>(unsigned long, unsigned long)
 .text._ZN4sjsu3bit6InsertImmEET_S2_T0_NS0_4MaskE
                0x0000000000002ab2       0x24 build/application/lpc40xx/compiled/source/main.cpp.o
                0x0000000000002ab2                unsigned long sjsu::bit::Insert<unsigned long, unsigned long>(unsigned long, unsigned long, sjsu::bit::Mask)
 .text._ZNK5units6unit_tINS_4unitISt5ratioILx1ELx1EENS_9base_unitIS2_ILx0ELx1EES5_S5_S5_S5_S5_S5_S5_S5_EES5_S5_EEfNS_12linear_scaleEEcvT_ImLi0EEEv
                0x0000000000002ad6       0x36 build/application/lpc40xx/compiled/source/main.cpp.o
                0x0000000000002ad6                units::unit_t<units::unit<std::ratio<1ll, 1ll>, units::base_unit<std::ratio<0ll, 1ll>, std::ratio<0ll, 1ll>, std::ratio<0ll, 1ll>, std::ratio<0ll, 1ll>, std::ratio<0ll, 1ll>, std::ratio<0ll, 1ll>, std::ratio<0ll, 1ll>, std::ratio<0ll, 1ll>, std::ratio<0ll, 1ll> >, std::ratio<0ll, 1ll>, std::ratio<0ll, 1ll> >, float, units::linear_scale>::operator unsigned long<unsigned long, 0>() const
 .text._ZN4sjsu3bit4ReadImEEbT_m
                0x0000000000002b0c       0x2e build/application/lpc40xx/compiled/source/main.cpp.o
                0x0000000000002b0c                bool sjsu::bit::Read<unsigned long>(unsigned long, unsigned long)
 .text._ZN4sjsu3bit4ReadIhEEbT_m
                0x0000000000002b3a       0x2e build/application/lpc40xx/compiled/source/main.cpp.o
                0x0000000000002b3a                bool sjsu::bit::Read<unsigned char>(unsigned char, unsigned long)
 .text._ZN4sjsu3bit4ReadImEEbT_NS0_4MaskE
                0x0000000000002b68       0x1e build/application/lpc40xx/compiled/source/main.cpp.o
                0x0000000000002b68                bool sjsu::bit::Read<unsigned long>(unsigned long, sjsu::bit::Mask)
 .text._ZN4sjsu3bit3SetImEET_S2_NS0_4MaskE
                0x0000000000002b86       0x1e build/application/lpc40xx/compiled/source/main.cpp.o
                0x0000000000002b86                unsigned long sjsu::bit::Set<unsigned long>(unsigned long, sjsu::bit::Mask)
 .text._ZN4sjsu3bit7ExtractImEET_S2_NS0_4MaskE
                0x0000000000002ba4       0x22 build/application/lpc40xx/compiled/source/main.cpp.o
                0x0000000000002ba4                unsigned long sjsu::bit::Extract<unsigned long>(unsigned long, sjsu::bit::Mask)
 .text._ZN4sjsu3bit6InsertImiEET_S2_T0_NS0_4MaskE
                0x0000000000002bc6       0x24 build/application/lpc40xx/compiled/source/main.cpp.o
                0x0000000000002bc6                unsigned long sjsu::bit::Insert<unsigned long, int>(unsigned long, int, sjsu::bit::Mask)
 .text._ZN4sjsu3MapImifEET1_T_T0_S3_S1_S1_
                0x0000000000002bea       0x9a build/application/lpc40xx/compiled/source/main.cpp.o
                0x0000000000002bea                float sjsu::Map<unsigned long, int, float>(unsigned long, int, int, float, float)
 .text._ZNSt6chronoplIxSt5ratioILx1ELx1000000EExS2_EENSt11common_typeIJNS_8durationIT_T0_EENS4_IT1_T2_EEEE4typeERKS7_RKSA_
                0x0000000000002c84       0x5a build/application/lpc40xx/compiled/source/main.cpp.o
                0x0000000000002c84                std::common_type<std::chrono::duration<long long, std::ratio<1ll, 1000000ll> >, std::chrono::duration<long long, std::ratio<1ll, 1000000ll> > >::type std::chrono::operator+<long long, std::ratio<1ll, 1000000ll>, long long, std::ratio<1ll, 1000000ll> >(std::chrono::duration<long long, std::ratio<1ll, 1000000ll> > const&, std::chrono::duration<long long, std::ratio<1ll, 1000000ll> > const&)
 .text._ZNSt6chronoltIxSt5ratioILx1ELx1000000EExS2_EEbRKNS_8durationIT_T0_EERKNS3_IT1_T2_EE
                0x0000000000002cde       0x50 build/application/lpc40xx/compiled/source/main.cpp.o
                0x0000000000002cde                bool std::chrono::operator< <long long, std::ratio<1ll, 1000000ll>, long long, std::ratio<1ll, 1000000ll> >(std::chrono::duration<long long, std::ratio<1ll, 1000000ll> > const&, std::chrono::duration<long long, std::ratio<1ll, 1000000ll> > const&)
 .text._ZN4sjsu3bit6InsertImhEET_S2_T0_mm
                0x0000000000002d2e       0x5a build/application/lpc40xx/compiled/source/main.cpp.o
                0x0000000000002d2e                unsigned long sjsu::bit::Insert<unsigned long, unsigned char>(unsigned long, unsigned char, unsigned long, unsigned long)
 .text._ZN4sjsu3bit6InsertImmEET_S2_T0_mm
                0x0000000000002d88       0x58 build/application/lpc40xx/compiled/source/main.cpp.o
                0x0000000000002d88                unsigned long sjsu::bit::Insert<unsigned long, unsigned long>(unsigned long, unsigned long, unsigned long, unsigned long)
 .text._ZN5unitsL7convertINS_4unitISt5ratioILx1ELx1EENS_9base_unitIS2_ILx0ELx1EES5_S5_S5_S5_S5_S5_S5_S5_EES5_S5_EES7_fEET1_RKS8_
                0x0000000000002de0       0x1c build/application/lpc40xx/compiled/source/main.cpp.o
 .text._ZN4sjsu3bit7ExtractImEET_S2_mm
                0x0000000000002dfc       0x3c build/application/lpc40xx/compiled/source/main.cpp.o
                0x0000000000002dfc                unsigned long sjsu::bit::Extract<unsigned long>(unsigned long, unsigned long, unsigned long)
 .text._ZN4sjsu3bit6InsertImiEET_S2_T0_mm
                0x0000000000002e38       0x58 build/application/lpc40xx/compiled/source/main.cpp.o
                0x0000000000002e38                unsigned long sjsu::bit::Insert<unsigned long, int>(unsigned long, int, unsigned long, unsigned long)
 .text._ZN5units6detailL7convertINS_4unitISt5ratioILx1ELx1EENS_9base_unitIS3_ILx0ELx1EES6_S6_S6_S6_S6_S6_S6_S6_EES6_S6_EES8_S4_S6_S6_fEET4_RKS9_St17integral_constantIbLb1EESC_IbLb0EESE_
                0x0000000000002e90       0x24 build/application/lpc40xx/compiled/source/main.cpp.o
 .text._Z41__static_initialization_and_destruction_0ii
                0x0000000000002eb4      0x240 build/application/lpc40xx/compiled/source/main.cpp.o
 .text._GLOBAL__sub_I_xUartTaskHandle
                0x00000000000030f4       0x10 build/application/lpc40xx/compiled/source/main.cpp.o
 .text._ZN4sjsu21InitializeDataSectionEv
                0x0000000000003104       0x9c /home/nathan/Videos/ControlSystems2020/library/static_libraries/lpc40xx/liblpc40xx.a(exceptions.cpp.o)
                0x0000000000003104                sjsu::InitializeDataSection()
 .text._ZN4sjsu20InitializeBssSectionEv
                0x00000000000031a0       0x6c /home/nathan/Videos/ControlSystems2020/library/static_libraries/lpc40xx/liblpc40xx.a(exceptions.cpp.o)
                0x00000000000031a0                sjsu::InitializeBssSection()
 .text._ZN4sjsu16SystemInitializeEv
                0x000000000000320c       0x14 /home/nathan/Videos/ControlSystems2020/library/static_libraries/lpc40xx/liblpc40xx.a(exceptions.cpp.o)
                0x000000000000320c                sjsu::SystemInitialize()
 .text.GetRegistersFromStack
                0x0000000000003220       0x7c /home/nathan/Videos/ControlSystems2020/library/static_libraries/lpc40xx/liblpc40xx.a(exceptions.cpp.o)
                0x0000000000003220                GetRegistersFromStack
 .text.ArmHardFaultHandler
                0x000000000000329c       0x26 /home/nathan/Videos/ControlSystems2020/library/static_libraries/lpc40xx/liblpc40xx.a(exceptions.cpp.o)
                0x000000000000329c                ArmHardFaultHandler
 *fill*         0x00000000000032c2        0x2 ff
 .text.ArmResetHandler
                0x00000000000032c4       0x70 /home/nathan/Videos/ControlSystems2020/library/static_libraries/lpc40xx/liblpc40xx.a(exceptions.cpp.o)
                0x00000000000032c4                ArmResetHandler
 .text._Z41__static_initialization_and_destruction_0ii
                0x0000000000003334       0x44 /home/nathan/Videos/ControlSystems2020/library/static_libraries/lpc40xx/liblpc40xx.a(exceptions.cpp.o)
 .text._GLOBAL__sub_I_GetRegistersFromStack
                0x0000000000003378       0x10 /home/nathan/Videos/ControlSystems2020/library/static_libraries/lpc40xx/liblpc40xx.a(exceptions.cpp.o)
 .text.vListInitialise
                0x0000000000003388       0x40 /home/nathan/Videos/ControlSystems2020/library/static_libraries/lpc40xx/libfreertos.a(list.c.o)
                0x0000000000003388                vListInitialise
 .text.vListInitialiseItem
                0x00000000000033c8       0x1a /home/nathan/Videos/ControlSystems2020/library/static_libraries/lpc40xx/libfreertos.a(list.c.o)
                0x00000000000033c8                vListInitialiseItem
 .text.vListInsertEnd
                0x00000000000033e2       0x48 /home/nathan/Videos/ControlSystems2020/library/static_libraries/lpc40xx/libfreertos.a(list.c.o)
                0x00000000000033e2                vListInsertEnd
 .text.vListInsert
                0x000000000000342a       0x72 /home/nathan/Videos/ControlSystems2020/library/static_libraries/lpc40xx/libfreertos.a(list.c.o)
                0x000000000000342a                vListInsert
 .text.uxListRemove
                0x000000000000349c       0x54 /home/nathan/Videos/ControlSystems2020/library/static_libraries/lpc40xx/libfreertos.a(list.c.o)
                0x000000000000349c                uxListRemove
 .text.xTaskCreateStatic
                0x00000000000034f0       0x60 /home/nathan/Videos/ControlSystems2020/library/static_libraries/lpc40xx/libfreertos.a(tasks.c.o)
                0x00000000000034f0                xTaskCreateStatic
 .text.xTaskCreate
                0x0000000000003550       0x8a /home/nathan/Videos/ControlSystems2020/library/static_libraries/lpc40xx/libfreertos.a(tasks.c.o)
                0x0000000000003550                xTaskCreate
 .text.prvInitialiseNewTask
                0x00000000000035da       0xf4 /home/nathan/Videos/ControlSystems2020/library/static_libraries/lpc40xx/libfreertos.a(tasks.c.o)
 *fill*         0x00000000000036ce        0x2 ff
 .text.prvAddNewTaskToReadyList
                0x00000000000036d0       0xdc /home/nathan/Videos/ControlSystems2020/library/static_libraries/lpc40xx/libfreertos.a(tasks.c.o)
 .text.vTaskDelay
                0x00000000000037ac       0x48 /home/nathan/Videos/ControlSystems2020/library/static_libraries/lpc40xx/libfreertos.a(tasks.c.o)
                0x00000000000037ac                vTaskDelay
 .text.vTaskStartScheduler
                0x00000000000037f4       0xac /home/nathan/Videos/ControlSystems2020/library/static_libraries/lpc40xx/libfreertos.a(tasks.c.o)
                0x00000000000037f4                vTaskStartScheduler
 .text.vTaskSuspendAll
                0x00000000000038a0       0x1c /home/nathan/Videos/ControlSystems2020/library/static_libraries/lpc40xx/libfreertos.a(tasks.c.o)
                0x00000000000038a0                vTaskSuspendAll
 .text.xTaskResumeAll
                0x00000000000038bc      0x11c /home/nathan/Videos/ControlSystems2020/library/static_libraries/lpc40xx/libfreertos.a(tasks.c.o)
                0x00000000000038bc                xTaskResumeAll
 .text.xTaskGetTickCount
                0x00000000000039d8       0x20 /home/nathan/Videos/ControlSystems2020/library/static_libraries/lpc40xx/libfreertos.a(tasks.c.o)
                0x00000000000039d8                xTaskGetTickCount
 .text.xTaskIncrementTick
                0x00000000000039f8      0x158 /home/nathan/Videos/ControlSystems2020/library/static_libraries/lpc40xx/libfreertos.a(tasks.c.o)
                0x00000000000039f8                xTaskIncrementTick
 .text.vTaskSwitchContext
                0x0000000000003b50       0xc4 /home/nathan/Videos/ControlSystems2020/library/static_libraries/lpc40xx/libfreertos.a(tasks.c.o)
                0x0000000000003b50                vTaskSwitchContext
 .text.vTaskPlaceOnEventList
                0x0000000000003c14       0x2c /home/nathan/Videos/ControlSystems2020/library/static_libraries/lpc40xx/libfreertos.a(tasks.c.o)
                0x0000000000003c14                vTaskPlaceOnEventList
 .text.vTaskPlaceOnEventListRestricted
                0x0000000000003c40       0x3c /home/nathan/Videos/ControlSystems2020/library/static_libraries/lpc40xx/libfreertos.a(tasks.c.o)
                0x0000000000003c40                vTaskPlaceOnEventListRestricted
 .text.xTaskRemoveFromEventList
                0x0000000000003c7c       0xa8 /home/nathan/Videos/ControlSystems2020/library/static_libraries/lpc40xx/libfreertos.a(tasks.c.o)
                0x0000000000003c7c                xTaskRemoveFromEventList
 .text.vTaskInternalSetTimeOutState
                0x0000000000003d24       0x2c /home/nathan/Videos/ControlSystems2020/library/static_libraries/lpc40xx/libfreertos.a(tasks.c.o)
                0x0000000000003d24                vTaskInternalSetTimeOutState
 .text.xTaskCheckForTimeOut
                0x0000000000003d50       0x8c /home/nathan/Videos/ControlSystems2020/library/static_libraries/lpc40xx/libfreertos.a(tasks.c.o)
                0x0000000000003d50                xTaskCheckForTimeOut
 .text.vTaskMissedYield
                0x0000000000003ddc       0x18 /home/nathan/Videos/ControlSystems2020/library/static_libraries/lpc40xx/libfreertos.a(tasks.c.o)
                0x0000000000003ddc                vTaskMissedYield
 .text.prvIdleTask
                0x0000000000003df4        0xe /home/nathan/Videos/ControlSystems2020/library/static_libraries/lpc40xx/libfreertos.a(tasks.c.o)
 *fill*         0x0000000000003e02        0x2 ff
 .text.prvInitialiseTaskLists
                0x0000000000003e04       0x80 /home/nathan/Videos/ControlSystems2020/library/static_libraries/lpc40xx/libfreertos.a(tasks.c.o)
 .text.prvCheckTasksWaitingTermination
                0x0000000000003e84       0x58 /home/nathan/Videos/ControlSystems2020/library/static_libraries/lpc40xx/libfreertos.a(tasks.c.o)
 .text.prvDeleteTCB
                0x0000000000003edc       0x3c /home/nathan/Videos/ControlSystems2020/library/static_libraries/lpc40xx/libfreertos.a(tasks.c.o)
 .text.prvResetNextTaskUnblockTime
                0x0000000000003f18       0x4c /home/nathan/Videos/ControlSystems2020/library/static_libraries/lpc40xx/libfreertos.a(tasks.c.o)
 .text.xTaskGetSchedulerState
                0x0000000000003f64       0x3c /home/nathan/Videos/ControlSystems2020/library/static_libraries/lpc40xx/libfreertos.a(tasks.c.o)
                0x0000000000003f64                xTaskGetSchedulerState
 .text.xTaskPriorityDisinherit
                0x0000000000003fa0       0xc8 /home/nathan/Videos/ControlSystems2020/library/static_libraries/lpc40xx/libfreertos.a(tasks.c.o)
                0x0000000000003fa0                xTaskPriorityDisinherit
 .text.prvAddCurrentTaskToDelayedList
                0x0000000000004068       0xcc /home/nathan/Videos/ControlSystems2020/library/static_libraries/lpc40xx/libfreertos.a(tasks.c.o)
 .text.pvPortMalloc
                0x0000000000004134       0x24 /home/nathan/Videos/ControlSystems2020/library/static_libraries/lpc40xx/libfreertos.a(heap_3.c.o)
                0x0000000000004134                pvPortMalloc
 .text.vPortFree
                0x0000000000004158       0x24 /home/nathan/Videos/ControlSystems2020/library/static_libraries/lpc40xx/libfreertos.a(heap_3.c.o)
                0x0000000000004158                vPortFree
 .text._getpid  0x000000000000417c       0x10 /home/nathan/Videos/ControlSystems2020/library/static_libraries/lpc40xx/libnewlib.a(newlib.cpp.o)
                0x000000000000417c                _getpid
 .text._kill    0x000000000000418c       0x1a /home/nathan/Videos/ControlSystems2020/library/static_libraries/lpc40xx/libnewlib.a(newlib.cpp.o)
                0x000000000000418c                _kill
 *fill*         0x00000000000041a6        0x2 ff
 .text._sbrk    0x00000000000041a8       0x44 /home/nathan/Videos/ControlSystems2020/library/static_libraries/lpc40xx/libnewlib.a(newlib.cpp.o)
                0x00000000000041a8                _sbrk
 .text._write   0x00000000000041ec       0x30 /home/nathan/Videos/ControlSystems2020/library/static_libraries/lpc40xx/libnewlib.a(newlib.cpp.o)
                0x00000000000041ec                _write
 .text.puts     0x000000000000421c       0x48 /home/nathan/Videos/ControlSystems2020/library/static_libraries/lpc40xx/libnewlib.a(newlib.cpp.o)
                0x000000000000421c                puts
 .text._exit    0x0000000000004264        0xc /home/nathan/Videos/ControlSystems2020/library/static_libraries/lpc40xx/libnewlib.a(newlib.cpp.o)
                0x0000000000004264                _exit
 .text._Z10_out_chunkcPvjj
                0x0000000000004270       0x70 /home/nathan/Videos/ControlSystems2020/library/static_libraries/lpc40xx/libprintf.a(printf.cpp.o)
                0x0000000000004270                _out_chunk(char, void*, unsigned int, unsigned int)
 .text._ZL9_out_nullcPvjj
                0x00000000000042e0       0x1c /home/nathan/Videos/ControlSystems2020/library/static_libraries/lpc40xx/libprintf.a(printf.cpp.o)
 .text._ZL7_strlenPKc
                0x00000000000042fc       0x2e /home/nathan/Videos/ControlSystems2020/library/static_libraries/lpc40xx/libprintf.a(printf.cpp.o)
 .text._ZL9_is_digitc
                0x000000000000432a       0x28 /home/nathan/Videos/ControlSystems2020/library/static_libraries/lpc40xx/libprintf.a(printf.cpp.o)
 .text._ZL5_atoiPPKc
                0x0000000000004352       0x48 /home/nathan/Videos/ControlSystems2020/library/static_libraries/lpc40xx/libprintf.a(printf.cpp.o)
 .text._ZL12_ntoa_formatPFvcPvjjEPcjjS2_jbjjjj
                0x000000000000439a      0x242 /home/nathan/Videos/ControlSystems2020/library/static_libraries/lpc40xx/libprintf.a(printf.cpp.o)
 .text._ZL10_ntoa_longPFvcPvjjEPcjjmbmjjj
                0x00000000000045dc       0xd0 /home/nathan/Videos/ControlSystems2020/library/static_libraries/lpc40xx/libprintf.a(printf.cpp.o)
 .text._ZL15_ntoa_long_longPFvcPvjjEPcjjybyjjj
                0x00000000000046ac       0xe0 /home/nathan/Videos/ControlSystems2020/library/static_libraries/lpc40xx/libprintf.a(printf.cpp.o)
 .text._ZL5_ftoaPFvcPvjjEPcjjdjjj
                0x000000000000478c      0x444 /home/nathan/Videos/ControlSystems2020/library/static_libraries/lpc40xx/libprintf.a(printf.cpp.o)
 .text._ZL10_vsnprintfPFvcPvjjEPcjPKcSt9__va_list
                0x0000000000004bd0      0x8d4 /home/nathan/Videos/ControlSystems2020/library/static_libraries/lpc40xx/libprintf.a(printf.cpp.o)
 .text.printf   0x00000000000054a4       0x44 /home/nathan/Videos/ControlSystems2020/library/static_libraries/lpc40xx/libprintf.a(printf.cpp.o)
                0x00000000000054a4                printf
 .text.trace_initialize
                0x00000000000054e8        0xe /home/nathan/Videos/ControlSystems2020/library/static_libraries/lpc40xx/libsemihost.a(trace_impl.cpp.o)
                0x00000000000054e8                trace_initialize
 .text.trace_write
                0x00000000000054f6       0x1c /home/nathan/Videos/ControlSystems2020/library/static_libraries/lpc40xx/libsemihost.a(trace_impl.cpp.o)
                0x00000000000054f6                trace_write
 *fill*         0x0000000000005512        0x2 ff
 .text._ZL31_trace_write_semihosting_stdoutPKcj
                0x0000000000005514       0xcc /home/nathan/Videos/ControlSystems2020/library/static_libraries/lpc40xx/libsemihost.a(trace_impl.cpp.o)
 .text._ZN4sjsu6cortex10DwtCounter10InitializeEv
                0x00000000000055e0       0x44 /home/nathan/Videos/ControlSystems2020/library/static_libraries/lpc40xx/liblpc40xx.a(startup.cpp.o)
                0x00000000000055e0                sjsu::cortex::DwtCounter::Initialize()
 .text._ZN4sjsu6cortex10DwtCounter8GetCountEv
                0x0000000000005624       0x20 /home/nathan/Videos/ControlSystems2020/library/static_libraries/lpc40xx/liblpc40xx.a(startup.cpp.o)
                0x0000000000005624                sjsu::cortex::DwtCounter::GetCount()
 .text._ZN4sjsu6cortex27InitializeFloatingPointUnitEv
                0x0000000000005644       0x28 /home/nathan/Videos/ControlSystems2020/library/static_libraries/lpc40xx/liblpc40xx.a(startup.cpp.o)
                0x0000000000005644                sjsu::cortex::InitializeFloatingPointUnit()
 .text._ZN5units8literalsli3_HzEy
                0x000000000000566c       0x2c /home/nathan/Videos/ControlSystems2020/library/static_libraries/lpc40xx/liblpc40xx.a(startup.cpp.o)
                0x000000000000566c                units::literals::operator"" _Hz(unsigned long long)
 .text._ZN5unitsL7convertINS_4unitISt5ratioILx1ELx1EENS_9base_unitIS2_ILx0ELx1EES5_S2_ILxn1ELx1EES5_S5_S5_S5_S5_S5_EES5_S5_EES8_fEET1_RKS9_
                0x0000000000005698       0x1c /home/nathan/Videos/ControlSystems2020/library/static_libraries/lpc40xx/liblpc40xx.a(startup.cpp.o)
 .text._ZN5units6detailL7convertINS_4unitISt5ratioILx1ELx1EENS_9base_unitIS3_ILx0ELx1EES6_S3_ILxn1ELx1EES6_S6_S6_S6_S6_S6_EES6_S6_EES9_S4_S6_S6_fEET4_RKSA_St17integral_constantIbLb1EESD_IbLb0EESF_
                0x00000000000056b4       0x24 /home/nathan/Videos/ControlSystems2020/library/static_libraries/lpc40xx/liblpc40xx.a(startup.cpp.o)
 .text._ZNK5units6unit_tINS_4unitISt5ratioILx1ELx1EENS_9base_unitIS2_ILx0ELx1EES5_S2_ILxn1ELx1EES5_S5_S5_S5_S5_S5_EES5_S5_EEfNS_12linear_scaleEEleIS8_fS9_EEbRKNS0_IT_T0_T1_EE
                0x00000000000056d8       0x3c /home/nathan/Videos/ControlSystems2020/library/static_libraries/lpc40xx/liblpc40xx.a(startup.cpp.o)
                0x00000000000056d8                bool units::unit_t<units::unit<std::ratio<1ll, 1ll>, units::base_unit<std::ratio<0ll, 1ll>, std::ratio<0ll, 1ll>, std::ratio<-1ll, 1ll>, std::ratio<0ll, 1ll>, std::ratio<0ll, 1ll>, std::ratio<0ll, 1ll>, std::ratio<0ll, 1ll>, std::ratio<0ll, 1ll>, std::ratio<0ll, 1ll> >, std::ratio<0ll, 1ll>, std::ratio<0ll, 1ll> >, float, units::linear_scale>::operator<=<units::unit<std::ratio<1ll, 1ll>, units::base_unit<std::ratio<0ll, 1ll>, std::ratio<0ll, 1ll>, std::ratio<-1ll, 1ll>, std::ratio<0ll, 1ll>, std::ratio<0ll, 1ll>, std::ratio<0ll, 1ll>, std::ratio<0ll, 1ll>, std::ratio<0ll, 1ll>, std::ratio<0ll, 1ll> >, std::ratio<0ll, 1ll>, std::ratio<0ll, 1ll> >, float, units::linear_scale>(units::unit_t<units::unit<std::ratio<1ll, 1ll>, units::base_unit<std::ratio<0ll, 1ll>, std::ratio<0ll, 1ll>, std::ratio<-1ll, 1ll>, std::ratio<0ll, 1ll>, std::ratio<0ll, 1ll>, std::ratio<0ll, 1ll>, std::ratio<0ll, 1ll>, std::ratio<0ll, 1ll>, std::ratio<0ll, 1ll> >, std::ratio<0ll, 1ll>, std::ratio<0ll, 1ll> >, float, units::linear_scale> const&) const
 .text._ZN4sjsu17SetUptimeFunctionEPFNSt6chrono8durationIxSt5ratioILx1ELx1000000EEEEvE
                0x0000000000005714       0x20 /home/nathan/Videos/ControlSystems2020/library/static_libraries/lpc40xx/liblpc40xx.a(startup.cpp.o)
                0x0000000000005714                sjsu::SetUptimeFunction(std::chrono::duration<long long, std::ratio<1ll, 1000000ll> > (*)())
 .text._ZN4sjsu6cortex19InterruptController13LookupHandlerEv
                0x0000000000005734       0x38 /home/nathan/Videos/ControlSystems2020/library/static_libraries/lpc40xx/liblpc40xx.a(startup.cpp.o)
                0x0000000000005734                sjsu::cortex::InterruptController::LookupHandler()
 .text._ZNSt8literals15chrono_literalsli2msIJLc49EEEENSt6chrono8durationIxSt5ratioILx1ELx1000EEEEv
                0x000000000000576c       0x18 /home/nathan/Videos/ControlSystems2020/library/static_libraries/lpc40xx/liblpc40xx.a(startup.cpp.o)
                0x000000000000576c                std::chrono::duration<long long, std::ratio<1ll, 1000ll> > std::literals::chrono_literals::operator"" ms<(char)49>()
 .text._ZNSt8literals15chrono_literals16__check_overflowINSt6chrono8durationIxSt5ratioILx1ELx1000EEEEJLc49EEEET_v
                0x0000000000005784       0x1c /home/nathan/Videos/ControlSystems2020/library/static_libraries/lpc40xx/liblpc40xx.a(startup.cpp.o)
                0x0000000000005784                std::chrono::duration<long long, std::ratio<1ll, 1000ll> > std::literals::chrono_literals::__check_overflow<std::chrono::duration<long long, std::ratio<1ll, 1000ll> >, (char)49>()
 .text._ZNSt6chrono8durationIxSt5ratioILx1ELx1000EEEC1IxvEERKT_
                0x00000000000057a0       0x22 /home/nathan/Videos/ControlSystems2020/library/static_libraries/lpc40xx/liblpc40xx.a(startup.cpp.o)
                0x00000000000057a0                std::chrono::duration<long long, std::ratio<1ll, 1000ll> >::duration<long long, void>(long long const&)
 .text._ZNSt6chrono13duration_castINS_8durationIxSt5ratioILx1ELx1000000EEEExS2_ILx1ELx1000EEEENSt9enable_ifIXsrNS_13__is_durationIT_EE5valueES8_E4typeERKNS1_IT0_T1_EE
                0x00000000000057c2       0x1c /home/nathan/Videos/ControlSystems2020/library/static_libraries/lpc40xx/liblpc40xx.a(startup.cpp.o)
                0x00000000000057c2                std::enable_if<std::chrono::__is_duration<std::chrono::duration<long long, std::ratio<1ll, 1000000ll> > >::value, std::chrono::duration<long long, std::ratio<1ll, 1000000ll> > >::type std::chrono::duration_cast<std::chrono::duration<long long, std::ratio<1ll, 1000000ll> >, long long, std::ratio<1ll, 1000ll> >(std::chrono::duration<long long, std::ratio<1ll, 1000ll> > const&)
 .text._ZNKSt6chrono8durationIxSt5ratioILx1ELx1000EEE5countEv
                0x00000000000057de       0x1a /home/nathan/Videos/ControlSystems2020/library/static_libraries/lpc40xx/liblpc40xx.a(startup.cpp.o)
                0x00000000000057de                std::chrono::duration<long long, std::ratio<1ll, 1000ll> >::count() const
 .text._ZNSt6chrono20__duration_cast_implINS_8durationIxSt5ratioILx1ELx1000000EEEES2_ILx1000ELx1EExLb0ELb1EE6__castIxS2_ILx1ELx1000EEEES4_RKNS1_IT_T0_EE
                0x00000000000057f8       0x78 /home/nathan/Videos/ControlSystems2020/library/static_libraries/lpc40xx/liblpc40xx.a(startup.cpp.o)
                0x00000000000057f8                std::chrono::duration<long long, std::ratio<1ll, 1000000ll> > std::chrono::__duration_cast_impl<std::chrono::duration<long long, std::ratio<1ll, 1000000ll> >, std::ratio<1000ll, 1ll>, long long, false, true>::__cast<long long, std::ratio<1ll, 1000ll> >(std::chrono::duration<long long, std::ratio<1ll, 1000ll> > const&)
 .text._ZNSt6chrono8durationIxSt5ratioILx1ELx1000000EEEC1IxS1_ILx1ELx1000EEvEERKNS0_IT_T0_EE
                0x0000000000005870       0x34 /home/nathan/Videos/ControlSystems2020/library/static_libraries/lpc40xx/liblpc40xx.a(startup.cpp.o)
                0x0000000000005870                std::chrono::duration<long long, std::ratio<1ll, 1000000ll> >::duration<long long, std::ratio<1ll, 1000ll>, void>(std::chrono::duration<long long, std::ratio<1ll, 1000ll> > const&)
 .text._ZN4sjsu6cortex11SystemTimer18SystemTimerHandlerEv
                0x00000000000058a4       0x48 /home/nathan/Videos/ControlSystems2020/library/static_libraries/lpc40xx/liblpc40xx.a(startup.cpp.o)
                0x00000000000058a4                sjsu::cortex::SystemTimer::SystemTimerHandler()
 .text._ZN4sjsu6cortex11SystemTimer8GetCountEv
                0x00000000000058ec       0x24 /home/nathan/Videos/ControlSystems2020/library/static_libraries/lpc40xx/liblpc40xx.a(startup.cpp.o)
                0x00000000000058ec                sjsu::cortex::SystemTimer::GetCount()
 .text._ZNK4sjsu6cortex11SystemTimer10InitializeEv
                0x0000000000005910       0x14 /home/nathan/Videos/ControlSystems2020/library/static_libraries/lpc40xx/liblpc40xx.a(startup.cpp.o)
                0x0000000000005910                sjsu::cortex::SystemTimer::Initialize() const
 .text._ZNK4sjsu6cortex11SystemTimer12SetInterruptEPFvvE
                0x0000000000005924       0x20 /home/nathan/Videos/ControlSystems2020/library/static_libraries/lpc40xx/liblpc40xx.a(startup.cpp.o)
                0x0000000000005924                sjsu::cortex::SystemTimer::SetInterrupt(void (*)()) const
 .text._ZNK4sjsu6cortex11SystemTimer10StartTimerEv
                0x0000000000005944       0x94 /home/nathan/Videos/ControlSystems2020/library/static_libraries/lpc40xx/liblpc40xx.a(startup.cpp.o)
                0x0000000000005944                sjsu::cortex::SystemTimer::StartTimer() const
 .text._ZN5unitsmiIiLi0EEENS_6unit_tINS_4unitISt5ratioILx1ELx1EENS_9base_unitIS3_ILx0ELx1EES6_S6_S6_S6_S6_S6_S6_S6_EES6_S6_EEfNS_12linear_scaleEEERKSA_T_
                0x00000000000059d8       0x3c /home/nathan/Videos/ControlSystems2020/library/static_libraries/lpc40xx/liblpc40xx.a(startup.cpp.o)
                0x00000000000059d8                units::unit_t<units::unit<std::ratio<1ll, 1ll>, units::base_unit<std::ratio<0ll, 1ll>, std::ratio<0ll, 1ll>, std::ratio<0ll, 1ll>, std::ratio<0ll, 1ll>, std::ratio<0ll, 1ll>, std::ratio<0ll, 1ll>, std::ratio<0ll, 1ll>, std::ratio<0ll, 1ll>, std::ratio<0ll, 1ll> >, std::ratio<0ll, 1ll>, std::ratio<0ll, 1ll> >, float, units::linear_scale> units::operator-<int, 0>(units::unit_t<units::unit<std::ratio<1ll, 1ll>, units::base_unit<std::ratio<0ll, 1ll>, std::ratio<0ll, 1ll>, std::ratio<0ll, 1ll>, std::ratio<0ll, 1ll>, std::ratio<0ll, 1ll>, std::ratio<0ll, 1ll>, std::ratio<0ll, 1ll>, std::ratio<0ll, 1ll>, std::ratio<0ll, 1ll> >, std::ratio<0ll, 1ll>, std::ratio<0ll, 1ll> >, float, units::linear_scale> const&, int)
 .text._ZN5units9unit_castImNS_6unit_tINS_4unitISt5ratioILx1ELx1EENS_9base_unitIS3_ILx0ELx1EES6_S6_S6_S6_S6_S6_S6_S6_EES6_S6_EEfNS_12linear_scaleEEEvEET_RKT0_
                0x0000000000005a14       0x18 /home/nathan/Videos/ControlSystems2020/library/static_libraries/lpc40xx/liblpc40xx.a(startup.cpp.o)
                0x0000000000005a14                unsigned long units::unit_cast<unsigned long, units::unit_t<units::unit<std::ratio<1ll, 1ll>, units::base_unit<std::ratio<0ll, 1ll>, std::ratio<0ll, 1ll>, std::ratio<0ll, 1ll>, std::ratio<0ll, 1ll>, std::ratio<0ll, 1ll>, std::ratio<0ll, 1ll>, std::ratio<0ll, 1ll>, std::ratio<0ll, 1ll>, std::ratio<0ll, 1ll> >, std::ratio<0ll, 1ll>, std::ratio<0ll, 1ll> >, float, units::linear_scale>, void>(units::unit_t<units::unit<std::ratio<1ll, 1ll>, units::base_unit<std::ratio<0ll, 1ll>, std::ratio<0ll, 1ll>, std::ratio<0ll, 1ll>, std::ratio<0ll, 1ll>, std::ratio<0ll, 1ll>, std::ratio<0ll, 1ll>, std::ratio<0ll, 1ll>, std::ratio<0ll, 1ll>, std::ratio<0ll, 1ll> >, std::ratio<0ll, 1ll>, std::ratio<0ll, 1ll> >, float, units::linear_scale> const&)
 .text._ZNK4sjsu6cortex11SystemTimer16SetTickFrequencyEN5units6unit_tINS2_4unitISt5ratioILx1ELx1EENS2_9base_unitIS5_ILx0ELx1EES8_S5_ILxn1ELx1EES8_S8_S8_S8_S8_S8_EES8_S8_EEfNS2_12linear_scaleEEE
                0x0000000000005a2c       0xc4 /home/nathan/Videos/ControlSystems2020/library/static_libraries/lpc40xx/liblpc40xx.a(startup.cpp.o)
                0x0000000000005a2c                sjsu::cortex::SystemTimer::SetTickFrequency(units::unit_t<units::unit<std::ratio<1ll, 1ll>, units::base_unit<std::ratio<0ll, 1ll>, std::ratio<0ll, 1ll>, std::ratio<-1ll, 1ll>, std::ratio<0ll, 1ll>, std::ratio<0ll, 1ll>, std::ratio<0ll, 1ll>, std::ratio<0ll, 1ll>, std::ratio<0ll, 1ll>, std::ratio<0ll, 1ll> >, std::ratio<0ll, 1ll>, std::ratio<0ll, 1ll> >, float, units::linear_scale>) const
 .text._ZN12_GLOBAL__N_113Lpc40xxStdOutEPKcj
                0x0000000000005af0       0x24 /home/nathan/Videos/ControlSystems2020/library/static_libraries/lpc40xx/liblpc40xx.a(startup.cpp.o)
 .text._ZN12_GLOBAL__N_112Lpc40xxStdInEPcj
                0x0000000000005b14       0x34 /home/nathan/Videos/ControlSystems2020/library/static_libraries/lpc40xx/liblpc40xx.a(startup.cpp.o)
 .text.ThreadRuntimeCounter
                0x0000000000005b48       0x14 /home/nathan/Videos/ControlSystems2020/library/static_libraries/lpc40xx/liblpc40xx.a(startup.cpp.o)
                0x0000000000005b48                ThreadRuntimeCounter
 .text.vPortSetupTimerInterrupt
                0x0000000000005b5c       0x60 /home/nathan/Videos/ControlSystems2020/library/static_libraries/lpc40xx/liblpc40xx.a(startup.cpp.o)
                0x0000000000005b5c                vPortSetupTimerInterrupt
 .text._ZN4sjsu18InitializePlatformEv
                0x0000000000005bbc       0xb8 /home/nathan/Videos/ControlSystems2020/library/static_libraries/lpc40xx/liblpc40xx.a(startup.cpp.o)
                0x0000000000005bbc                sjsu::InitializePlatform()
 .text._ZNSt6chrono8durationIxSt5ratioILx1ELx1000000EEEpLERKS3_
                0x0000000000005c74       0x30 /home/nathan/Videos/ControlSystems2020/library/static_libraries/lpc40xx/liblpc40xx.a(startup.cpp.o)
                0x0000000000005c74                std::chrono::duration<long long, std::ratio<1ll, 1000000ll> >::operator+=(std::chrono::duration<long long, std::ratio<1ll, 1000000ll> > const&)
 .text._Z41__static_initialization_and_destruction_0ii
                0x0000000000005ca4      0x110 /home/nathan/Videos/ControlSystems2020/library/static_libraries/lpc40xx/liblpc40xx.a(startup.cpp.o)
 .text._GLOBAL__sub_I_ThreadRuntimeCounter